ARM GAS  C:\Users\PC\AppData\Local\Temp\ccbvLKzw.s 			page 1


   1              		.syntax unified
   2              		.cpu cortex-m0plus
   3              		.fpu softvfp
   4              		.eabi_attribute 20, 1
   5              		.eabi_attribute 21, 1
   6              		.eabi_attribute 23, 3
   7              		.eabi_attribute 24, 1
   8              		.eabi_attribute 25, 1
   9              		.eabi_attribute 26, 1
  10              		.eabi_attribute 30, 1
  11              		.eabi_attribute 34, 0
  12              		.eabi_attribute 18, 4
  13              		.thumb
  14              		.syntax unified
  15              		.file	"cyfitter_cfg.c"
  16              		.text
  17              	.Ltext0:
  18              		.cfi_sections	.debug_frame
  19              		.section	.psocinit,"ax",%progbits
  20              		.align	2
  21              		.code	16
  22              		.thumb_func
  23              		.type	ClockSetup, %function
  24              	ClockSetup:
  25              	.LFB4:
  26              		.file 1 "Generated_Source\\PSoC4\\cyfitter_cfg.c"
   1:Generated_Source\PSoC4/cyfitter_cfg.c **** 
   2:Generated_Source\PSoC4/cyfitter_cfg.c **** /*******************************************************************************
   3:Generated_Source\PSoC4/cyfitter_cfg.c **** * File Name: cyfitter_cfg.c
   4:Generated_Source\PSoC4/cyfitter_cfg.c **** * 
   5:Generated_Source\PSoC4/cyfitter_cfg.c **** * PSoC Creator  4.4
   6:Generated_Source\PSoC4/cyfitter_cfg.c **** *
   7:Generated_Source\PSoC4/cyfitter_cfg.c **** * Description:
   8:Generated_Source\PSoC4/cyfitter_cfg.c **** * This file contains device initialization code.
   9:Generated_Source\PSoC4/cyfitter_cfg.c **** * Except for the user defined sections in CyClockStartupError(), this file should not be modified.
  10:Generated_Source\PSoC4/cyfitter_cfg.c **** * This file is automatically generated by PSoC Creator.
  11:Generated_Source\PSoC4/cyfitter_cfg.c **** *
  12:Generated_Source\PSoC4/cyfitter_cfg.c **** ********************************************************************************
  13:Generated_Source\PSoC4/cyfitter_cfg.c **** * Copyright (c) 2007-2020 Cypress Semiconductor.  All rights reserved.
  14:Generated_Source\PSoC4/cyfitter_cfg.c **** * You may use this file only in accordance with the license, terms, conditions, 
  15:Generated_Source\PSoC4/cyfitter_cfg.c **** * disclaimers, and limitations in the end user license agreement accompanying 
  16:Generated_Source\PSoC4/cyfitter_cfg.c **** * the software package with which this file was provided.
  17:Generated_Source\PSoC4/cyfitter_cfg.c **** ********************************************************************************/
  18:Generated_Source\PSoC4/cyfitter_cfg.c **** 
  19:Generated_Source\PSoC4/cyfitter_cfg.c **** #include <string.h>
  20:Generated_Source\PSoC4/cyfitter_cfg.c **** #include "cytypes.h"
  21:Generated_Source\PSoC4/cyfitter_cfg.c **** #include "cydevice_trm.h"
  22:Generated_Source\PSoC4/cyfitter_cfg.c **** #include "cyfitter.h"
  23:Generated_Source\PSoC4/cyfitter_cfg.c **** #include "CyLib.h"
  24:Generated_Source\PSoC4/cyfitter_cfg.c **** #include "cyfitter_cfg.h"
  25:Generated_Source\PSoC4/cyfitter_cfg.c **** #include "cyapicallbacks.h"
  26:Generated_Source\PSoC4/cyfitter_cfg.c **** 
  27:Generated_Source\PSoC4/cyfitter_cfg.c **** 
  28:Generated_Source\PSoC4/cyfitter_cfg.c **** #if defined(__GNUC__) || defined(__ARMCC_VERSION)
  29:Generated_Source\PSoC4/cyfitter_cfg.c ****     #define CYPACKED 
  30:Generated_Source\PSoC4/cyfitter_cfg.c ****     #define CYPACKED_ATTR __attribute__ ((packed))
  31:Generated_Source\PSoC4/cyfitter_cfg.c ****     #define CYALIGNED __attribute__ ((aligned))
ARM GAS  C:\Users\PC\AppData\Local\Temp\ccbvLKzw.s 			page 2


  32:Generated_Source\PSoC4/cyfitter_cfg.c ****     #define CY_CFG_UNUSED __attribute__ ((unused))
  33:Generated_Source\PSoC4/cyfitter_cfg.c ****     #ifndef CY_CFG_SECTION
  34:Generated_Source\PSoC4/cyfitter_cfg.c ****         #define CY_CFG_SECTION __attribute__ ((section(".psocinit")))
  35:Generated_Source\PSoC4/cyfitter_cfg.c ****     #endif
  36:Generated_Source\PSoC4/cyfitter_cfg.c ****     
  37:Generated_Source\PSoC4/cyfitter_cfg.c ****     #if defined(__ARMCC_VERSION)
  38:Generated_Source\PSoC4/cyfitter_cfg.c ****         #define CY_CFG_MEMORY_BARRIER() __memory_changed()
  39:Generated_Source\PSoC4/cyfitter_cfg.c ****     #else
  40:Generated_Source\PSoC4/cyfitter_cfg.c ****         #define CY_CFG_MEMORY_BARRIER() __sync_synchronize()
  41:Generated_Source\PSoC4/cyfitter_cfg.c ****     #endif
  42:Generated_Source\PSoC4/cyfitter_cfg.c ****     
  43:Generated_Source\PSoC4/cyfitter_cfg.c **** #elif defined(__ICCARM__)
  44:Generated_Source\PSoC4/cyfitter_cfg.c ****     #include <intrinsics.h>
  45:Generated_Source\PSoC4/cyfitter_cfg.c **** 
  46:Generated_Source\PSoC4/cyfitter_cfg.c ****     #define CYPACKED __packed
  47:Generated_Source\PSoC4/cyfitter_cfg.c ****     #define CYPACKED_ATTR 
  48:Generated_Source\PSoC4/cyfitter_cfg.c ****     #define CYALIGNED _Pragma("data_alignment=4")
  49:Generated_Source\PSoC4/cyfitter_cfg.c ****     #define CY_CFG_UNUSED _Pragma("diag_suppress=Pe177")
  50:Generated_Source\PSoC4/cyfitter_cfg.c ****     #define CY_CFG_SECTION _Pragma("location=\".psocinit\"")
  51:Generated_Source\PSoC4/cyfitter_cfg.c ****     
  52:Generated_Source\PSoC4/cyfitter_cfg.c ****     #define CY_CFG_MEMORY_BARRIER() __DMB()
  53:Generated_Source\PSoC4/cyfitter_cfg.c ****     
  54:Generated_Source\PSoC4/cyfitter_cfg.c **** #else
  55:Generated_Source\PSoC4/cyfitter_cfg.c ****     #error Unsupported toolchain
  56:Generated_Source\PSoC4/cyfitter_cfg.c **** #endif
  57:Generated_Source\PSoC4/cyfitter_cfg.c **** 
  58:Generated_Source\PSoC4/cyfitter_cfg.c **** #ifndef CYCODE
  59:Generated_Source\PSoC4/cyfitter_cfg.c ****     #define CYCODE
  60:Generated_Source\PSoC4/cyfitter_cfg.c **** #endif
  61:Generated_Source\PSoC4/cyfitter_cfg.c **** #ifndef CYDATA
  62:Generated_Source\PSoC4/cyfitter_cfg.c ****     #define CYDATA
  63:Generated_Source\PSoC4/cyfitter_cfg.c **** #endif
  64:Generated_Source\PSoC4/cyfitter_cfg.c **** #ifndef CYFAR
  65:Generated_Source\PSoC4/cyfitter_cfg.c ****     #define CYFAR
  66:Generated_Source\PSoC4/cyfitter_cfg.c **** #endif
  67:Generated_Source\PSoC4/cyfitter_cfg.c **** #ifndef CYXDATA
  68:Generated_Source\PSoC4/cyfitter_cfg.c ****     #define CYXDATA
  69:Generated_Source\PSoC4/cyfitter_cfg.c **** #endif
  70:Generated_Source\PSoC4/cyfitter_cfg.c **** 
  71:Generated_Source\PSoC4/cyfitter_cfg.c **** 
  72:Generated_Source\PSoC4/cyfitter_cfg.c **** CY_CFG_UNUSED
  73:Generated_Source\PSoC4/cyfitter_cfg.c **** static void CYMEMZERO(void *s, size_t n);
  74:Generated_Source\PSoC4/cyfitter_cfg.c **** CY_CFG_UNUSED
  75:Generated_Source\PSoC4/cyfitter_cfg.c **** static void CYMEMZERO(void *s, size_t n)
  76:Generated_Source\PSoC4/cyfitter_cfg.c **** {
  77:Generated_Source\PSoC4/cyfitter_cfg.c **** 	(void)memset(s, 0, n);
  78:Generated_Source\PSoC4/cyfitter_cfg.c **** }
  79:Generated_Source\PSoC4/cyfitter_cfg.c **** CY_CFG_UNUSED
  80:Generated_Source\PSoC4/cyfitter_cfg.c **** static void CYCONFIGCPY(void *dest, const void *src, size_t n);
  81:Generated_Source\PSoC4/cyfitter_cfg.c **** CY_CFG_UNUSED
  82:Generated_Source\PSoC4/cyfitter_cfg.c **** static void CYCONFIGCPY(void *dest, const void *src, size_t n)
  83:Generated_Source\PSoC4/cyfitter_cfg.c **** {
  84:Generated_Source\PSoC4/cyfitter_cfg.c **** 	(void)memcpy(dest, src, n);
  85:Generated_Source\PSoC4/cyfitter_cfg.c **** }
  86:Generated_Source\PSoC4/cyfitter_cfg.c **** CY_CFG_UNUSED
  87:Generated_Source\PSoC4/cyfitter_cfg.c **** static void CYCONFIGCPYCODE(void *dest, const void *src, size_t n);
  88:Generated_Source\PSoC4/cyfitter_cfg.c **** CY_CFG_UNUSED
ARM GAS  C:\Users\PC\AppData\Local\Temp\ccbvLKzw.s 			page 3


  89:Generated_Source\PSoC4/cyfitter_cfg.c **** static void CYCONFIGCPYCODE(void *dest, const void *src, size_t n)
  90:Generated_Source\PSoC4/cyfitter_cfg.c **** {
  91:Generated_Source\PSoC4/cyfitter_cfg.c **** 	(void)memcpy(dest, src, n);
  92:Generated_Source\PSoC4/cyfitter_cfg.c **** }
  93:Generated_Source\PSoC4/cyfitter_cfg.c **** 
  94:Generated_Source\PSoC4/cyfitter_cfg.c **** 
  95:Generated_Source\PSoC4/cyfitter_cfg.c **** 
  96:Generated_Source\PSoC4/cyfitter_cfg.c **** 
  97:Generated_Source\PSoC4/cyfitter_cfg.c **** /* Clock startup error codes                                                   */
  98:Generated_Source\PSoC4/cyfitter_cfg.c **** #define CYCLOCKSTART_NO_ERROR    0u
  99:Generated_Source\PSoC4/cyfitter_cfg.c **** #define CYCLOCKSTART_XTAL_ERROR  1u
 100:Generated_Source\PSoC4/cyfitter_cfg.c **** #define CYCLOCKSTART_32KHZ_ERROR 2u
 101:Generated_Source\PSoC4/cyfitter_cfg.c **** #define CYCLOCKSTART_PLL_ERROR   3u
 102:Generated_Source\PSoC4/cyfitter_cfg.c **** #define CYCLOCKSTART_FLL_ERROR   4u
 103:Generated_Source\PSoC4/cyfitter_cfg.c **** #define CYCLOCKSTART_WCO_ERROR   5u
 104:Generated_Source\PSoC4/cyfitter_cfg.c **** 
 105:Generated_Source\PSoC4/cyfitter_cfg.c **** 
 106:Generated_Source\PSoC4/cyfitter_cfg.c **** #ifdef CY_NEED_CYCLOCKSTARTUPERROR
 107:Generated_Source\PSoC4/cyfitter_cfg.c **** /*******************************************************************************
 108:Generated_Source\PSoC4/cyfitter_cfg.c **** * Function Name: CyClockStartupError
 109:Generated_Source\PSoC4/cyfitter_cfg.c **** ********************************************************************************
 110:Generated_Source\PSoC4/cyfitter_cfg.c **** * Summary:
 111:Generated_Source\PSoC4/cyfitter_cfg.c **** *  If an error is encountered during clock configuration (crystal startup error,
 112:Generated_Source\PSoC4/cyfitter_cfg.c **** *  PLL lock error, etc.), the system will end up here.  Unless reimplemented by
 113:Generated_Source\PSoC4/cyfitter_cfg.c **** *  the customer, this function will stop in an infinite loop.
 114:Generated_Source\PSoC4/cyfitter_cfg.c **** *
 115:Generated_Source\PSoC4/cyfitter_cfg.c **** * Parameters:
 116:Generated_Source\PSoC4/cyfitter_cfg.c **** *   void
 117:Generated_Source\PSoC4/cyfitter_cfg.c **** *
 118:Generated_Source\PSoC4/cyfitter_cfg.c **** * Return:
 119:Generated_Source\PSoC4/cyfitter_cfg.c **** *   void
 120:Generated_Source\PSoC4/cyfitter_cfg.c **** *
 121:Generated_Source\PSoC4/cyfitter_cfg.c **** *******************************************************************************/
 122:Generated_Source\PSoC4/cyfitter_cfg.c **** CY_CFG_UNUSED
 123:Generated_Source\PSoC4/cyfitter_cfg.c **** static void CyClockStartupError(uint8 errorCode);
 124:Generated_Source\PSoC4/cyfitter_cfg.c **** CY_CFG_UNUSED
 125:Generated_Source\PSoC4/cyfitter_cfg.c **** static void CyClockStartupError(uint8 errorCode)
 126:Generated_Source\PSoC4/cyfitter_cfg.c **** {
 127:Generated_Source\PSoC4/cyfitter_cfg.c ****     /* To remove the compiler warning if errorCode not used.                */
 128:Generated_Source\PSoC4/cyfitter_cfg.c ****     errorCode = errorCode;
 129:Generated_Source\PSoC4/cyfitter_cfg.c **** 
 130:Generated_Source\PSoC4/cyfitter_cfg.c ****     /* If we have a clock startup error (bad MHz crystal, PLL lock, etc.),  */
 131:Generated_Source\PSoC4/cyfitter_cfg.c ****     /* we will end up here to allow the customer to implement something to  */
 132:Generated_Source\PSoC4/cyfitter_cfg.c ****     /* deal with the clock condition.                                       */
 133:Generated_Source\PSoC4/cyfitter_cfg.c **** 
 134:Generated_Source\PSoC4/cyfitter_cfg.c **** #ifdef CY_CFG_CLOCK_STARTUP_ERROR_CALLBACK
 135:Generated_Source\PSoC4/cyfitter_cfg.c ****     CY_CFG_Clock_Startup_ErrorCallback();
 136:Generated_Source\PSoC4/cyfitter_cfg.c **** #else
 137:Generated_Source\PSoC4/cyfitter_cfg.c ****     /*  If not using CY_CFG_CLOCK_STARTUP_ERROR_CALLBACK, place your clock startup code here. */
 138:Generated_Source\PSoC4/cyfitter_cfg.c ****     /* `#START CyClockStartupError` */
 139:Generated_Source\PSoC4/cyfitter_cfg.c **** 
 140:Generated_Source\PSoC4/cyfitter_cfg.c **** 
 141:Generated_Source\PSoC4/cyfitter_cfg.c **** 
 142:Generated_Source\PSoC4/cyfitter_cfg.c ****     /* `#END` */
 143:Generated_Source\PSoC4/cyfitter_cfg.c **** 
 144:Generated_Source\PSoC4/cyfitter_cfg.c ****     while(1) {}
 145:Generated_Source\PSoC4/cyfitter_cfg.c **** #endif /* CY_CFG_CLOCK_STARTUP_ERROR_CALLBACK */
ARM GAS  C:\Users\PC\AppData\Local\Temp\ccbvLKzw.s 			page 4


 146:Generated_Source\PSoC4/cyfitter_cfg.c **** }
 147:Generated_Source\PSoC4/cyfitter_cfg.c **** #endif
 148:Generated_Source\PSoC4/cyfitter_cfg.c **** 
 149:Generated_Source\PSoC4/cyfitter_cfg.c **** 
 150:Generated_Source\PSoC4/cyfitter_cfg.c **** 
 151:Generated_Source\PSoC4/cyfitter_cfg.c **** /*******************************************************************************
 152:Generated_Source\PSoC4/cyfitter_cfg.c **** * Function Name: ClockSetup
 153:Generated_Source\PSoC4/cyfitter_cfg.c **** ********************************************************************************
 154:Generated_Source\PSoC4/cyfitter_cfg.c **** *
 155:Generated_Source\PSoC4/cyfitter_cfg.c **** * Summary:
 156:Generated_Source\PSoC4/cyfitter_cfg.c **** *   Performs the initialization of all of the clocks in the device based on the
 157:Generated_Source\PSoC4/cyfitter_cfg.c **** *   settings in the Clock tab of the DWR.  This includes enabling the requested
 158:Generated_Source\PSoC4/cyfitter_cfg.c **** *   clocks and setting the necessary dividers to produce the desired frequency. 
 159:Generated_Source\PSoC4/cyfitter_cfg.c **** *
 160:Generated_Source\PSoC4/cyfitter_cfg.c **** * Parameters:
 161:Generated_Source\PSoC4/cyfitter_cfg.c **** *   void
 162:Generated_Source\PSoC4/cyfitter_cfg.c **** *
 163:Generated_Source\PSoC4/cyfitter_cfg.c **** * Return:
 164:Generated_Source\PSoC4/cyfitter_cfg.c **** *   void
 165:Generated_Source\PSoC4/cyfitter_cfg.c **** *
 166:Generated_Source\PSoC4/cyfitter_cfg.c **** *******************************************************************************/
 167:Generated_Source\PSoC4/cyfitter_cfg.c **** static void ClockSetup(void);
 168:Generated_Source\PSoC4/cyfitter_cfg.c **** CY_CFG_SECTION
 169:Generated_Source\PSoC4/cyfitter_cfg.c **** static void ClockSetup(void)
 170:Generated_Source\PSoC4/cyfitter_cfg.c **** {
  27              		.loc 1 170 0
  28              		.cfi_startproc
  29              		@ args = 0, pretend = 0, frame = 0
  30              		@ frame_needed = 0, uses_anonymous_args = 0
  31 0000 10B5     		push	{r4, lr}
  32              		.cfi_def_cfa_offset 8
  33              		.cfi_offset 4, -8
  34              		.cfi_offset 14, -4
 171:Generated_Source\PSoC4/cyfitter_cfg.c **** 
 172:Generated_Source\PSoC4/cyfitter_cfg.c **** 	/* Set Flash Cycles based on max possible frequency in case a glitch occurs during ClockSetup(). *
 173:Generated_Source\PSoC4/cyfitter_cfg.c **** 	CY_SET_REG32((void CYXDATA *)(CYREG_CPUSS_FLASH_CTL), (0x0012u));
  35              		.loc 1 173 0
  36 0002 0B4C     		ldr	r4, .L2
  37 0004 1223     		movs	r3, #18
  38 0006 2360     		str	r3, [r4]
 174:Generated_Source\PSoC4/cyfitter_cfg.c **** 	/* Update IMO to new clock speed. */
 175:Generated_Source\PSoC4/cyfitter_cfg.c **** 	CySysClkWriteImoFreq(24u);
  39              		.loc 1 175 0
  40 0008 1820     		movs	r0, #24
  41 000a FFF7FEFF 		bl	CySysClkWriteImoFreq
  42              	.LVL0:
 176:Generated_Source\PSoC4/cyfitter_cfg.c **** 
 177:Generated_Source\PSoC4/cyfitter_cfg.c **** 	/* Setup phase aligned clocks */
 178:Generated_Source\PSoC4/cyfitter_cfg.c **** 	CY_SET_REG32((void *)CYREG_PERI_DIV_16_CTL0, 0x00001000u);
  43              		.loc 1 178 0
  44 000e 8022     		movs	r2, #128
  45 0010 5201     		lsls	r2, r2, #5
  46 0012 084B     		ldr	r3, .L2+4
  47 0014 1A60     		str	r2, [r3]
 179:Generated_Source\PSoC4/cyfitter_cfg.c **** 	CY_SET_REG32((void *)CYREG_PERI_DIV_CMD, 0x8000FF40u);
  48              		.loc 1 179 0
  49 0016 084A     		ldr	r2, .L2+8
ARM GAS  C:\Users\PC\AppData\Local\Temp\ccbvLKzw.s 			page 5


  50 0018 084B     		ldr	r3, .L2+12
  51 001a 1A60     		str	r2, [r3]
 180:Generated_Source\PSoC4/cyfitter_cfg.c **** 
 181:Generated_Source\PSoC4/cyfitter_cfg.c **** 	/* CYDEV_CLK_SELECT Starting address: CYDEV_CLK_SELECT */
 182:Generated_Source\PSoC4/cyfitter_cfg.c **** 	CY_SET_REG32((void *)(CYREG_CLK_SELECT), 0x00000000u);
  52              		.loc 1 182 0
  53 001c 0022     		movs	r2, #0
  54 001e 084B     		ldr	r3, .L2+16
  55 0020 1A60     		str	r2, [r3]
 183:Generated_Source\PSoC4/cyfitter_cfg.c **** 
 184:Generated_Source\PSoC4/cyfitter_cfg.c **** 	/* CYDEV_PERI_PCLK_CTL0 Starting address: CYDEV_PERI_PCLK_CTL0 */
 185:Generated_Source\PSoC4/cyfitter_cfg.c **** 	CY_SET_REG32((void *)(CYREG_PERI_PCLK_CTL0), 0x00000040u);
  56              		.loc 1 185 0
  57 0022 4032     		adds	r2, r2, #64
  58 0024 074B     		ldr	r3, .L2+20
  59 0026 1A60     		str	r2, [r3]
 186:Generated_Source\PSoC4/cyfitter_cfg.c **** 
 187:Generated_Source\PSoC4/cyfitter_cfg.c **** 	/* Set Flash Cycles based on newly configured 24.00MHz HFCLK. */
 188:Generated_Source\PSoC4/cyfitter_cfg.c **** 	CY_SET_REG32((void CYXDATA *)(CYREG_CPUSS_FLASH_CTL), (0x0011u));
  60              		.loc 1 188 0
  61 0028 1123     		movs	r3, #17
  62 002a 2360     		str	r3, [r4]
 189:Generated_Source\PSoC4/cyfitter_cfg.c **** }
  63              		.loc 1 189 0
  64              		@ sp needed
  65 002c 10BD     		pop	{r4, pc}
  66              	.L3:
  67 002e C046     		.align	2
  68              	.L2:
  69 0030 30001040 		.word	1074790448
  70 0034 00030140 		.word	1073808128
  71 0038 40FF0080 		.word	-2147418304
  72 003c 00000140 		.word	1073807360
  73 0040 28000340 		.word	1073938472
  74 0044 00010140 		.word	1073807616
  75              		.cfi_endproc
  76              	.LFE4:
  77              		.size	ClockSetup, .-ClockSetup
  78              		.align	2
  79              		.global	cyfitter_cfg
  80              		.code	16
  81              		.thumb_func
  82              		.type	cyfitter_cfg, %function
  83              	cyfitter_cfg:
  84              	.LFB6:
 190:Generated_Source\PSoC4/cyfitter_cfg.c **** 
 191:Generated_Source\PSoC4/cyfitter_cfg.c **** 
 192:Generated_Source\PSoC4/cyfitter_cfg.c **** /* Analog API Functions */
 193:Generated_Source\PSoC4/cyfitter_cfg.c **** 
 194:Generated_Source\PSoC4/cyfitter_cfg.c **** 
 195:Generated_Source\PSoC4/cyfitter_cfg.c **** /*******************************************************************************
 196:Generated_Source\PSoC4/cyfitter_cfg.c **** * Function Name: AnalogSetDefault
 197:Generated_Source\PSoC4/cyfitter_cfg.c **** ********************************************************************************
 198:Generated_Source\PSoC4/cyfitter_cfg.c **** *
 199:Generated_Source\PSoC4/cyfitter_cfg.c **** * Summary:
 200:Generated_Source\PSoC4/cyfitter_cfg.c **** *  Sets up the analog portions of the chip to default values based on chip
 201:Generated_Source\PSoC4/cyfitter_cfg.c **** *  configuration options from the project.
ARM GAS  C:\Users\PC\AppData\Local\Temp\ccbvLKzw.s 			page 6


 202:Generated_Source\PSoC4/cyfitter_cfg.c **** *
 203:Generated_Source\PSoC4/cyfitter_cfg.c **** * Parameters:
 204:Generated_Source\PSoC4/cyfitter_cfg.c **** *  void
 205:Generated_Source\PSoC4/cyfitter_cfg.c **** *
 206:Generated_Source\PSoC4/cyfitter_cfg.c **** * Return:
 207:Generated_Source\PSoC4/cyfitter_cfg.c **** *  void
 208:Generated_Source\PSoC4/cyfitter_cfg.c **** *
 209:Generated_Source\PSoC4/cyfitter_cfg.c **** *******************************************************************************/
 210:Generated_Source\PSoC4/cyfitter_cfg.c **** static void AnalogSetDefault(void);
 211:Generated_Source\PSoC4/cyfitter_cfg.c **** static void AnalogSetDefault(void)
 212:Generated_Source\PSoC4/cyfitter_cfg.c **** {
 213:Generated_Source\PSoC4/cyfitter_cfg.c **** }
 214:Generated_Source\PSoC4/cyfitter_cfg.c **** 
 215:Generated_Source\PSoC4/cyfitter_cfg.c **** 
 216:Generated_Source\PSoC4/cyfitter_cfg.c **** 
 217:Generated_Source\PSoC4/cyfitter_cfg.c **** 
 218:Generated_Source\PSoC4/cyfitter_cfg.c **** /*******************************************************************************
 219:Generated_Source\PSoC4/cyfitter_cfg.c **** * Function Name: cyfitter_cfg
 220:Generated_Source\PSoC4/cyfitter_cfg.c **** ********************************************************************************
 221:Generated_Source\PSoC4/cyfitter_cfg.c **** * Summary:
 222:Generated_Source\PSoC4/cyfitter_cfg.c **** *  This function is called by the start-up code for the selected device. It
 223:Generated_Source\PSoC4/cyfitter_cfg.c **** *  performs all of the necessary device configuration based on the design
 224:Generated_Source\PSoC4/cyfitter_cfg.c **** *  settings.  This includes settings from the Design Wide Resources (DWR) such
 225:Generated_Source\PSoC4/cyfitter_cfg.c **** *  as Clocks and Pins as well as any component configuration that is necessary.
 226:Generated_Source\PSoC4/cyfitter_cfg.c **** *
 227:Generated_Source\PSoC4/cyfitter_cfg.c **** * Parameters:
 228:Generated_Source\PSoC4/cyfitter_cfg.c **** *   void
 229:Generated_Source\PSoC4/cyfitter_cfg.c **** *
 230:Generated_Source\PSoC4/cyfitter_cfg.c **** * Return:
 231:Generated_Source\PSoC4/cyfitter_cfg.c **** *   void
 232:Generated_Source\PSoC4/cyfitter_cfg.c **** *
 233:Generated_Source\PSoC4/cyfitter_cfg.c **** *******************************************************************************/
 234:Generated_Source\PSoC4/cyfitter_cfg.c **** CY_CFG_SECTION
 235:Generated_Source\PSoC4/cyfitter_cfg.c **** void cyfitter_cfg(void)
 236:Generated_Source\PSoC4/cyfitter_cfg.c **** {
  85              		.loc 1 236 0
  86              		.cfi_startproc
  87              		@ args = 0, pretend = 0, frame = 0
  88              		@ frame_needed = 0, uses_anonymous_args = 0
  89 0048 10B5     		push	{r4, lr}
  90              		.cfi_def_cfa_offset 8
  91              		.cfi_offset 4, -8
  92              		.cfi_offset 14, -4
 237:Generated_Source\PSoC4/cyfitter_cfg.c **** 	/* Disable interrupts by default. Let user enable if/when they want. */
 238:Generated_Source\PSoC4/cyfitter_cfg.c **** 	CyGlobalIntDisable;
  93              		.loc 1 238 0
  94              		.syntax divided
  95              	@ 238 "Generated_Source\PSoC4\cyfitter_cfg.c" 1
  96 004a 72B6     		CPSID   i
  97              	@ 0 "" 2
 239:Generated_Source\PSoC4/cyfitter_cfg.c **** 
 240:Generated_Source\PSoC4/cyfitter_cfg.c **** 	{
 241:Generated_Source\PSoC4/cyfitter_cfg.c **** 		/* HSIOM Starting address: CYDEV_HSIOM_BASE */
 242:Generated_Source\PSoC4/cyfitter_cfg.c **** 		CY_SET_REG32((void *)(CYREG_HSIOM_PORT_SEL3), 0x0000EE00u);
  98              		.loc 1 242 0
  99              		.thumb
 100              		.syntax unified
ARM GAS  C:\Users\PC\AppData\Local\Temp\ccbvLKzw.s 			page 7


 101 004c EE22     		movs	r2, #238
 102 004e 1202     		lsls	r2, r2, #8
 103 0050 0B4B     		ldr	r3, .L5
 104 0052 1A60     		str	r2, [r3]
 243:Generated_Source\PSoC4/cyfitter_cfg.c **** 		CY_SET_REG32((void *)(CYREG_HSIOM_PORT_SEL4), 0x00000099u);
 105              		.loc 1 243 0
 106 0054 9922     		movs	r2, #153
 107 0056 0B4B     		ldr	r3, .L5+4
 108 0058 1A60     		str	r2, [r3]
 244:Generated_Source\PSoC4/cyfitter_cfg.c **** 
 245:Generated_Source\PSoC4/cyfitter_cfg.c **** 	}
 246:Generated_Source\PSoC4/cyfitter_cfg.c **** 
 247:Generated_Source\PSoC4/cyfitter_cfg.c **** 	/* Perform second pass device configuration. These items must be configured in specific order afte
 248:Generated_Source\PSoC4/cyfitter_cfg.c **** 	/* IOPINS0_1 Starting address: CYDEV_GPIO_PRT1_BASE */
 249:Generated_Source\PSoC4/cyfitter_cfg.c **** 	CY_SET_REG32((void *)(CYREG_GPIO_PRT1_PC), 0x00C00000u);
 109              		.loc 1 249 0
 110 005a C022     		movs	r2, #192
 111 005c 1204     		lsls	r2, r2, #16
 112 005e 0A4B     		ldr	r3, .L5+8
 113 0060 1A60     		str	r2, [r3]
 250:Generated_Source\PSoC4/cyfitter_cfg.c **** 
 251:Generated_Source\PSoC4/cyfitter_cfg.c **** 	/* IOPINS0_3 Starting address: CYDEV_GPIO_PRT3_BASE */
 252:Generated_Source\PSoC4/cyfitter_cfg.c **** 	CY_SET_REG32((void *)(CYREG_GPIO_PRT3_PC), 0x00000D80u);
 114              		.loc 1 252 0
 115 0062 D822     		movs	r2, #216
 116 0064 1201     		lsls	r2, r2, #4
 117 0066 094B     		ldr	r3, .L5+12
 118 0068 1A60     		str	r2, [r3]
 253:Generated_Source\PSoC4/cyfitter_cfg.c **** 
 254:Generated_Source\PSoC4/cyfitter_cfg.c **** 	/* IOPINS0_4 Starting address: CYDEV_GPIO_PRT4_BASE */
 255:Generated_Source\PSoC4/cyfitter_cfg.c **** 	CY_SET_REG32((void *)(CYDEV_GPIO_PRT4_BASE), 0x00000002u);
 119              		.loc 1 255 0
 120 006a 0223     		movs	r3, #2
 121 006c 084A     		ldr	r2, .L5+16
 122 006e 1360     		str	r3, [r2]
 256:Generated_Source\PSoC4/cyfitter_cfg.c **** 	CY_SET_REG32((void *)(CYREG_GPIO_PRT4_PC), 0x00000031u);
 123              		.loc 1 256 0
 124 0070 3121     		movs	r1, #49
 125 0072 084A     		ldr	r2, .L5+20
 126 0074 1160     		str	r1, [r2]
 257:Generated_Source\PSoC4/cyfitter_cfg.c **** 	CY_SET_REG32((void *)(CYREG_GPIO_PRT4_PC2), 0x00000002u);
 127              		.loc 1 257 0
 128 0076 084A     		ldr	r2, .L5+24
 129 0078 1360     		str	r3, [r2]
 258:Generated_Source\PSoC4/cyfitter_cfg.c **** 
 259:Generated_Source\PSoC4/cyfitter_cfg.c **** 
 260:Generated_Source\PSoC4/cyfitter_cfg.c **** 	/* Setup clocks based on selections from Clock DWR */
 261:Generated_Source\PSoC4/cyfitter_cfg.c **** 	ClockSetup();
 130              		.loc 1 261 0
 131 007a FFF7C1FF 		bl	ClockSetup
 132              	.LVL1:
 262:Generated_Source\PSoC4/cyfitter_cfg.c **** 
 263:Generated_Source\PSoC4/cyfitter_cfg.c **** 	/* Perform basic analog initialization to defaults */
 264:Generated_Source\PSoC4/cyfitter_cfg.c **** 	AnalogSetDefault();
 265:Generated_Source\PSoC4/cyfitter_cfg.c **** 
 266:Generated_Source\PSoC4/cyfitter_cfg.c **** }
 133              		.loc 1 266 0
ARM GAS  C:\Users\PC\AppData\Local\Temp\ccbvLKzw.s 			page 8


 134              		@ sp needed
 135 007e 10BD     		pop	{r4, pc}
 136              	.L6:
 137              		.align	2
 138              	.L5:
 139 0080 00030240 		.word	1073873664
 140 0084 00040240 		.word	1073873920
 141 0088 08010440 		.word	1074004232
 142 008c 08030440 		.word	1074004744
 143 0090 00040440 		.word	1074004992
 144 0094 08040440 		.word	1074005000
 145 0098 18040440 		.word	1074005016
 146              		.cfi_endproc
 147              	.LFE6:
 148              		.size	cyfitter_cfg, .-cyfitter_cfg
 149              		.text
 150              	.Letext0:
 151              		.file 2 "Generated_Source\\PSoC4\\cytypes.h"
 152              		.file 3 "Generated_Source\\PSoC4\\CyLib.h"
 153              		.section	.debug_info,"",%progbits
 154              	.Ldebug_info0:
 155 0000 F7000000 		.4byte	0xf7
 156 0004 0400     		.2byte	0x4
 157 0006 00000000 		.4byte	.Ldebug_abbrev0
 158 000a 04       		.byte	0x4
 159 000b 01       		.uleb128 0x1
 160 000c 41010000 		.4byte	.LASF16
 161 0010 0C       		.byte	0xc
 162 0011 15000000 		.4byte	.LASF17
 163 0015 99000000 		.4byte	.LASF18
 164 0019 00000000 		.4byte	.Ldebug_ranges0+0
 165 001d 00000000 		.4byte	0
 166 0021 00000000 		.4byte	.Ldebug_line0
 167 0025 02       		.uleb128 0x2
 168 0026 04       		.byte	0x4
 169 0027 05       		.byte	0x5
 170 0028 696E7400 		.ascii	"int\000"
 171 002c 03       		.uleb128 0x3
 172 002d 04       		.byte	0x4
 173 002e 07       		.byte	0x7
 174 002f 3B000000 		.4byte	.LASF0
 175 0033 03       		.uleb128 0x3
 176 0034 08       		.byte	0x8
 177 0035 05       		.byte	0x5
 178 0036 00000000 		.4byte	.LASF1
 179 003a 03       		.uleb128 0x3
 180 003b 08       		.byte	0x8
 181 003c 04       		.byte	0x4
 182 003d 2B010000 		.4byte	.LASF2
 183 0041 03       		.uleb128 0x3
 184 0042 01       		.byte	0x1
 185 0043 06       		.byte	0x6
 186 0044 1F010000 		.4byte	.LASF3
 187 0048 03       		.uleb128 0x3
 188 0049 01       		.byte	0x1
 189 004a 08       		.byte	0x8
 190 004b D8000000 		.4byte	.LASF4
ARM GAS  C:\Users\PC\AppData\Local\Temp\ccbvLKzw.s 			page 9


 191 004f 03       		.uleb128 0x3
 192 0050 02       		.byte	0x2
 193 0051 05       		.byte	0x5
 194 0052 37010000 		.4byte	.LASF5
 195 0056 03       		.uleb128 0x3
 196 0057 02       		.byte	0x2
 197 0058 07       		.byte	0x7
 198 0059 0C010000 		.4byte	.LASF6
 199 005d 03       		.uleb128 0x3
 200 005e 04       		.byte	0x4
 201 005f 05       		.byte	0x5
 202 0060 EB000000 		.4byte	.LASF7
 203 0064 03       		.uleb128 0x3
 204 0065 04       		.byte	0x4
 205 0066 07       		.byte	0x7
 206 0067 5D000000 		.4byte	.LASF8
 207 006b 03       		.uleb128 0x3
 208 006c 08       		.byte	0x8
 209 006d 07       		.byte	0x7
 210 006e 7C000000 		.4byte	.LASF9
 211 0072 03       		.uleb128 0x3
 212 0073 04       		.byte	0x4
 213 0074 07       		.byte	0x7
 214 0075 D3010000 		.4byte	.LASF10
 215 0079 03       		.uleb128 0x3
 216 007a 01       		.byte	0x1
 217 007b 08       		.byte	0x8
 218 007c E6000000 		.4byte	.LASF11
 219 0080 04       		.uleb128 0x4
 220 0081 0E000000 		.4byte	.LASF14
 221 0085 02       		.byte	0x2
 222 0086 FD01     		.2byte	0x1fd
 223 0088 64000000 		.4byte	0x64
 224 008c 03       		.uleb128 0x3
 225 008d 04       		.byte	0x4
 226 008e 04       		.byte	0x4
 227 008f 93000000 		.4byte	.LASF12
 228 0093 03       		.uleb128 0x3
 229 0094 08       		.byte	0x8
 230 0095 04       		.byte	0x4
 231 0096 FF000000 		.4byte	.LASF13
 232 009a 04       		.uleb128 0x4
 233 009b 06010000 		.4byte	.LASF15
 234 009f 02       		.byte	0x2
 235 00a0 A702     		.2byte	0x2a7
 236 00a2 A6000000 		.4byte	0xa6
 237 00a6 05       		.uleb128 0x5
 238 00a7 80000000 		.4byte	0x80
 239 00ab 06       		.uleb128 0x6
 240 00ac F4000000 		.4byte	.LASF19
 241 00b0 01       		.byte	0x1
 242 00b1 A9       		.byte	0xa9
 243 00b2 00000000 		.4byte	.LFB4
 244 00b6 48000000 		.4byte	.LFE4-.LFB4
 245 00ba 01       		.uleb128 0x1
 246 00bb 9C       		.byte	0x9c
 247 00bc D0000000 		.4byte	0xd0
ARM GAS  C:\Users\PC\AppData\Local\Temp\ccbvLKzw.s 			page 10


 248 00c0 07       		.uleb128 0x7
 249 00c1 0E000000 		.4byte	.LVL0
 250 00c5 EF000000 		.4byte	0xef
 251 00c9 08       		.uleb128 0x8
 252 00ca 01       		.uleb128 0x1
 253 00cb 50       		.byte	0x50
 254 00cc 01       		.uleb128 0x1
 255 00cd 48       		.byte	0x48
 256 00ce 00       		.byte	0
 257 00cf 00       		.byte	0
 258 00d0 09       		.uleb128 0x9
 259 00d1 6F000000 		.4byte	.LASF20
 260 00d5 01       		.byte	0x1
 261 00d6 EB       		.byte	0xeb
 262 00d7 48000000 		.4byte	.LFB6
 263 00db 54000000 		.4byte	.LFE6-.LFB6
 264 00df 01       		.uleb128 0x1
 265 00e0 9C       		.byte	0x9c
 266 00e1 EF000000 		.4byte	0xef
 267 00e5 0A       		.uleb128 0xa
 268 00e6 7E000000 		.4byte	.LVL1
 269 00ea AB000000 		.4byte	0xab
 270 00ee 00       		.byte	0
 271 00ef 0B       		.uleb128 0xb
 272 00f0 48000000 		.4byte	.LASF21
 273 00f4 48000000 		.4byte	.LASF21
 274 00f8 03       		.byte	0x3
 275 00f9 6C       		.byte	0x6c
 276 00fa 00       		.byte	0
 277              		.section	.debug_abbrev,"",%progbits
 278              	.Ldebug_abbrev0:
 279 0000 01       		.uleb128 0x1
 280 0001 11       		.uleb128 0x11
 281 0002 01       		.byte	0x1
 282 0003 25       		.uleb128 0x25
 283 0004 0E       		.uleb128 0xe
 284 0005 13       		.uleb128 0x13
 285 0006 0B       		.uleb128 0xb
 286 0007 03       		.uleb128 0x3
 287 0008 0E       		.uleb128 0xe
 288 0009 1B       		.uleb128 0x1b
 289 000a 0E       		.uleb128 0xe
 290 000b 55       		.uleb128 0x55
 291 000c 17       		.uleb128 0x17
 292 000d 11       		.uleb128 0x11
 293 000e 01       		.uleb128 0x1
 294 000f 10       		.uleb128 0x10
 295 0010 17       		.uleb128 0x17
 296 0011 00       		.byte	0
 297 0012 00       		.byte	0
 298 0013 02       		.uleb128 0x2
 299 0014 24       		.uleb128 0x24
 300 0015 00       		.byte	0
 301 0016 0B       		.uleb128 0xb
 302 0017 0B       		.uleb128 0xb
 303 0018 3E       		.uleb128 0x3e
 304 0019 0B       		.uleb128 0xb
ARM GAS  C:\Users\PC\AppData\Local\Temp\ccbvLKzw.s 			page 11


 305 001a 03       		.uleb128 0x3
 306 001b 08       		.uleb128 0x8
 307 001c 00       		.byte	0
 308 001d 00       		.byte	0
 309 001e 03       		.uleb128 0x3
 310 001f 24       		.uleb128 0x24
 311 0020 00       		.byte	0
 312 0021 0B       		.uleb128 0xb
 313 0022 0B       		.uleb128 0xb
 314 0023 3E       		.uleb128 0x3e
 315 0024 0B       		.uleb128 0xb
 316 0025 03       		.uleb128 0x3
 317 0026 0E       		.uleb128 0xe
 318 0027 00       		.byte	0
 319 0028 00       		.byte	0
 320 0029 04       		.uleb128 0x4
 321 002a 16       		.uleb128 0x16
 322 002b 00       		.byte	0
 323 002c 03       		.uleb128 0x3
 324 002d 0E       		.uleb128 0xe
 325 002e 3A       		.uleb128 0x3a
 326 002f 0B       		.uleb128 0xb
 327 0030 3B       		.uleb128 0x3b
 328 0031 05       		.uleb128 0x5
 329 0032 49       		.uleb128 0x49
 330 0033 13       		.uleb128 0x13
 331 0034 00       		.byte	0
 332 0035 00       		.byte	0
 333 0036 05       		.uleb128 0x5
 334 0037 35       		.uleb128 0x35
 335 0038 00       		.byte	0
 336 0039 49       		.uleb128 0x49
 337 003a 13       		.uleb128 0x13
 338 003b 00       		.byte	0
 339 003c 00       		.byte	0
 340 003d 06       		.uleb128 0x6
 341 003e 2E       		.uleb128 0x2e
 342 003f 01       		.byte	0x1
 343 0040 03       		.uleb128 0x3
 344 0041 0E       		.uleb128 0xe
 345 0042 3A       		.uleb128 0x3a
 346 0043 0B       		.uleb128 0xb
 347 0044 3B       		.uleb128 0x3b
 348 0045 0B       		.uleb128 0xb
 349 0046 27       		.uleb128 0x27
 350 0047 19       		.uleb128 0x19
 351 0048 11       		.uleb128 0x11
 352 0049 01       		.uleb128 0x1
 353 004a 12       		.uleb128 0x12
 354 004b 06       		.uleb128 0x6
 355 004c 40       		.uleb128 0x40
 356 004d 18       		.uleb128 0x18
 357 004e 9742     		.uleb128 0x2117
 358 0050 19       		.uleb128 0x19
 359 0051 01       		.uleb128 0x1
 360 0052 13       		.uleb128 0x13
 361 0053 00       		.byte	0
ARM GAS  C:\Users\PC\AppData\Local\Temp\ccbvLKzw.s 			page 12


 362 0054 00       		.byte	0
 363 0055 07       		.uleb128 0x7
 364 0056 898201   		.uleb128 0x4109
 365 0059 01       		.byte	0x1
 366 005a 11       		.uleb128 0x11
 367 005b 01       		.uleb128 0x1
 368 005c 31       		.uleb128 0x31
 369 005d 13       		.uleb128 0x13
 370 005e 00       		.byte	0
 371 005f 00       		.byte	0
 372 0060 08       		.uleb128 0x8
 373 0061 8A8201   		.uleb128 0x410a
 374 0064 00       		.byte	0
 375 0065 02       		.uleb128 0x2
 376 0066 18       		.uleb128 0x18
 377 0067 9142     		.uleb128 0x2111
 378 0069 18       		.uleb128 0x18
 379 006a 00       		.byte	0
 380 006b 00       		.byte	0
 381 006c 09       		.uleb128 0x9
 382 006d 2E       		.uleb128 0x2e
 383 006e 01       		.byte	0x1
 384 006f 3F       		.uleb128 0x3f
 385 0070 19       		.uleb128 0x19
 386 0071 03       		.uleb128 0x3
 387 0072 0E       		.uleb128 0xe
 388 0073 3A       		.uleb128 0x3a
 389 0074 0B       		.uleb128 0xb
 390 0075 3B       		.uleb128 0x3b
 391 0076 0B       		.uleb128 0xb
 392 0077 27       		.uleb128 0x27
 393 0078 19       		.uleb128 0x19
 394 0079 11       		.uleb128 0x11
 395 007a 01       		.uleb128 0x1
 396 007b 12       		.uleb128 0x12
 397 007c 06       		.uleb128 0x6
 398 007d 40       		.uleb128 0x40
 399 007e 18       		.uleb128 0x18
 400 007f 9742     		.uleb128 0x2117
 401 0081 19       		.uleb128 0x19
 402 0082 01       		.uleb128 0x1
 403 0083 13       		.uleb128 0x13
 404 0084 00       		.byte	0
 405 0085 00       		.byte	0
 406 0086 0A       		.uleb128 0xa
 407 0087 898201   		.uleb128 0x4109
 408 008a 00       		.byte	0
 409 008b 11       		.uleb128 0x11
 410 008c 01       		.uleb128 0x1
 411 008d 31       		.uleb128 0x31
 412 008e 13       		.uleb128 0x13
 413 008f 00       		.byte	0
 414 0090 00       		.byte	0
 415 0091 0B       		.uleb128 0xb
 416 0092 2E       		.uleb128 0x2e
 417 0093 00       		.byte	0
 418 0094 3F       		.uleb128 0x3f
ARM GAS  C:\Users\PC\AppData\Local\Temp\ccbvLKzw.s 			page 13


 419 0095 19       		.uleb128 0x19
 420 0096 3C       		.uleb128 0x3c
 421 0097 19       		.uleb128 0x19
 422 0098 6E       		.uleb128 0x6e
 423 0099 0E       		.uleb128 0xe
 424 009a 03       		.uleb128 0x3
 425 009b 0E       		.uleb128 0xe
 426 009c 3A       		.uleb128 0x3a
 427 009d 0B       		.uleb128 0xb
 428 009e 3B       		.uleb128 0x3b
 429 009f 0B       		.uleb128 0xb
 430 00a0 00       		.byte	0
 431 00a1 00       		.byte	0
 432 00a2 00       		.byte	0
 433              		.section	.debug_aranges,"",%progbits
 434 0000 24000000 		.4byte	0x24
 435 0004 0200     		.2byte	0x2
 436 0006 00000000 		.4byte	.Ldebug_info0
 437 000a 04       		.byte	0x4
 438 000b 00       		.byte	0
 439 000c 0000     		.2byte	0
 440 000e 0000     		.2byte	0
 441 0010 00000000 		.4byte	.LFB4
 442 0014 48000000 		.4byte	.LFE4-.LFB4
 443 0018 48000000 		.4byte	.LFB6
 444 001c 54000000 		.4byte	.LFE6-.LFB6
 445 0020 00000000 		.4byte	0
 446 0024 00000000 		.4byte	0
 447              		.section	.debug_ranges,"",%progbits
 448              	.Ldebug_ranges0:
 449 0000 00000000 		.4byte	.LFB4
 450 0004 48000000 		.4byte	.LFE4
 451 0008 48000000 		.4byte	.LFB6
 452 000c 9C000000 		.4byte	.LFE6
 453 0010 00000000 		.4byte	0
 454 0014 00000000 		.4byte	0
 455              		.section	.debug_line,"",%progbits
 456              	.Ldebug_line0:
 457 0000 7F000000 		.section	.debug_str,"MS",%progbits,1
 457      02005400 
 457      00000201 
 457      FB0E0D00 
 457      01010101 
 458              	.LASF1:
 459 0000 6C6F6E67 		.ascii	"long long int\000"
 459      206C6F6E 
 459      6720696E 
 459      7400
 460              	.LASF14:
 461 000e 75696E74 		.ascii	"uint32\000"
 461      333200
 462              	.LASF17:
 463 0015 47656E65 		.ascii	"Generated_Source\\PSoC4\\cyfitter_cfg.c\000"
 463      72617465 
 463      645F536F 
 463      75726365 
 463      5C50536F 
ARM GAS  C:\Users\PC\AppData\Local\Temp\ccbvLKzw.s 			page 14


 464              	.LASF0:
 465 003b 756E7369 		.ascii	"unsigned int\000"
 465      676E6564 
 465      20696E74 
 465      00
 466              	.LASF21:
 467 0048 43795379 		.ascii	"CySysClkWriteImoFreq\000"
 467      73436C6B 
 467      57726974 
 467      65496D6F 
 467      46726571 
 468              	.LASF8:
 469 005d 6C6F6E67 		.ascii	"long unsigned int\000"
 469      20756E73 
 469      69676E65 
 469      6420696E 
 469      7400
 470              	.LASF20:
 471 006f 63796669 		.ascii	"cyfitter_cfg\000"
 471      74746572 
 471      5F636667 
 471      00
 472              	.LASF9:
 473 007c 6C6F6E67 		.ascii	"long long unsigned int\000"
 473      206C6F6E 
 473      6720756E 
 473      7369676E 
 473      65642069 
 474              	.LASF12:
 475 0093 666C6F61 		.ascii	"float\000"
 475      7400
 476              	.LASF18:
 477 0099 433A5C55 		.ascii	"C:\\Users\\PC\\Documents\\PSoC Creator\\yellowChip\\"
 477      73657273 
 477      5C50435C 
 477      446F6375 
 477      6D656E74 
 478 00c7 626F6F74 		.ascii	"bootloader.cydsn\000"
 478      6C6F6164 
 478      65722E63 
 478      7964736E 
 478      00
 479              	.LASF4:
 480 00d8 756E7369 		.ascii	"unsigned char\000"
 480      676E6564 
 480      20636861 
 480      7200
 481              	.LASF11:
 482 00e6 63686172 		.ascii	"char\000"
 482      00
 483              	.LASF7:
 484 00eb 6C6F6E67 		.ascii	"long int\000"
 484      20696E74 
 484      00
 485              	.LASF19:
 486 00f4 436C6F63 		.ascii	"ClockSetup\000"
 486      6B536574 
ARM GAS  C:\Users\PC\AppData\Local\Temp\ccbvLKzw.s 			page 15


 486      757000
 487              	.LASF13:
 488 00ff 646F7562 		.ascii	"double\000"
 488      6C6500
 489              	.LASF15:
 490 0106 72656733 		.ascii	"reg32\000"
 490      3200
 491              	.LASF6:
 492 010c 73686F72 		.ascii	"short unsigned int\000"
 492      7420756E 
 492      7369676E 
 492      65642069 
 492      6E7400
 493              	.LASF3:
 494 011f 7369676E 		.ascii	"signed char\000"
 494      65642063 
 494      68617200 
 495              	.LASF2:
 496 012b 6C6F6E67 		.ascii	"long double\000"
 496      20646F75 
 496      626C6500 
 497              	.LASF5:
 498 0137 73686F72 		.ascii	"short int\000"
 498      7420696E 
 498      7400
 499              	.LASF16:
 500 0141 474E5520 		.ascii	"GNU C11 5.4.1 20160609 (release) [ARM/embedded-5-br"
 500      43313120 
 500      352E342E 
 500      31203230 
 500      31363036 
 501 0174 616E6368 		.ascii	"anch revision 237715] -mcpu=cortex-m0plus -mthumb -"
 501      20726576 
 501      6973696F 
 501      6E203233 
 501      37373135 
 502 01a7 67202D4F 		.ascii	"g -Og -ffunction-sections -ffat-lto-objects\000"
 502      67202D66 
 502      66756E63 
 502      74696F6E 
 502      2D736563 
 503              	.LASF10:
 504 01d3 73697A65 		.ascii	"sizetype\000"
 504      74797065 
 504      00
 505              		.ident	"GCC: (GNU Tools for ARM Embedded Processors) 5.4.1 20160609 (release) [ARM/embedded-5-bran
