ARM GAS  C:\Users\PC\AppData\Local\Temp\ccynSq51.s 			page 1


   1              		.syntax unified
   2              		.cpu cortex-m0plus
   3              		.fpu softvfp
   4              		.eabi_attribute 20, 1
   5              		.eabi_attribute 21, 1
   6              		.eabi_attribute 23, 3
   7              		.eabi_attribute 24, 1
   8              		.eabi_attribute 25, 1
   9              		.eabi_attribute 26, 1
  10              		.eabi_attribute 30, 4
  11              		.eabi_attribute 34, 0
  12              		.eabi_attribute 18, 4
  13              		.thumb
  14              		.syntax unified
  15              		.file	"cyfitter_cfg.c"
  16              		.text
  17              	.Ltext0:
  18              		.cfi_sections	.debug_frame
  19              		.section	.psocinit,"ax",%progbits
  20              		.align	1
  21              		.global	cyfitter_cfg
  22              		.code	16
  23              		.thumb_func
  24              		.type	cyfitter_cfg, %function
  25              	cyfitter_cfg:
  26              	.LFB6:
  27              		.file 1 "Generated_Source\\PSoC4\\cyfitter_cfg.c"
   1:Generated_Source\PSoC4/cyfitter_cfg.c **** 
   2:Generated_Source\PSoC4/cyfitter_cfg.c **** /*******************************************************************************
   3:Generated_Source\PSoC4/cyfitter_cfg.c **** * File Name: cyfitter_cfg.c
   4:Generated_Source\PSoC4/cyfitter_cfg.c **** * 
   5:Generated_Source\PSoC4/cyfitter_cfg.c **** * PSoC Creator  4.4
   6:Generated_Source\PSoC4/cyfitter_cfg.c **** *
   7:Generated_Source\PSoC4/cyfitter_cfg.c **** * Description:
   8:Generated_Source\PSoC4/cyfitter_cfg.c **** * This file contains device initialization code.
   9:Generated_Source\PSoC4/cyfitter_cfg.c **** * Except for the user defined sections in CyClockStartupError(), this file should not be modified.
  10:Generated_Source\PSoC4/cyfitter_cfg.c **** * This file is automatically generated by PSoC Creator.
  11:Generated_Source\PSoC4/cyfitter_cfg.c **** *
  12:Generated_Source\PSoC4/cyfitter_cfg.c **** ********************************************************************************
  13:Generated_Source\PSoC4/cyfitter_cfg.c **** * Copyright (c) 2007-2020 Cypress Semiconductor.  All rights reserved.
  14:Generated_Source\PSoC4/cyfitter_cfg.c **** * You may use this file only in accordance with the license, terms, conditions, 
  15:Generated_Source\PSoC4/cyfitter_cfg.c **** * disclaimers, and limitations in the end user license agreement accompanying 
  16:Generated_Source\PSoC4/cyfitter_cfg.c **** * the software package with which this file was provided.
  17:Generated_Source\PSoC4/cyfitter_cfg.c **** ********************************************************************************/
  18:Generated_Source\PSoC4/cyfitter_cfg.c **** 
  19:Generated_Source\PSoC4/cyfitter_cfg.c **** #include <string.h>
  20:Generated_Source\PSoC4/cyfitter_cfg.c **** #include "cytypes.h"
  21:Generated_Source\PSoC4/cyfitter_cfg.c **** #include "cydevice_trm.h"
  22:Generated_Source\PSoC4/cyfitter_cfg.c **** #include "cyfitter.h"
  23:Generated_Source\PSoC4/cyfitter_cfg.c **** #include "CyLib.h"
  24:Generated_Source\PSoC4/cyfitter_cfg.c **** #include "cyfitter_cfg.h"
  25:Generated_Source\PSoC4/cyfitter_cfg.c **** #include "cyapicallbacks.h"
  26:Generated_Source\PSoC4/cyfitter_cfg.c **** 
  27:Generated_Source\PSoC4/cyfitter_cfg.c **** 
  28:Generated_Source\PSoC4/cyfitter_cfg.c **** #if defined(__GNUC__) || defined(__ARMCC_VERSION)
  29:Generated_Source\PSoC4/cyfitter_cfg.c ****     #define CYPACKED 
  30:Generated_Source\PSoC4/cyfitter_cfg.c ****     #define CYPACKED_ATTR __attribute__ ((packed))
ARM GAS  C:\Users\PC\AppData\Local\Temp\ccynSq51.s 			page 2


  31:Generated_Source\PSoC4/cyfitter_cfg.c ****     #define CYALIGNED __attribute__ ((aligned))
  32:Generated_Source\PSoC4/cyfitter_cfg.c ****     #define CY_CFG_UNUSED __attribute__ ((unused))
  33:Generated_Source\PSoC4/cyfitter_cfg.c ****     #ifndef CY_CFG_SECTION
  34:Generated_Source\PSoC4/cyfitter_cfg.c ****         #define CY_CFG_SECTION __attribute__ ((section(".psocinit")))
  35:Generated_Source\PSoC4/cyfitter_cfg.c ****     #endif
  36:Generated_Source\PSoC4/cyfitter_cfg.c ****     
  37:Generated_Source\PSoC4/cyfitter_cfg.c ****     #if defined(__ARMCC_VERSION)
  38:Generated_Source\PSoC4/cyfitter_cfg.c ****         #define CY_CFG_MEMORY_BARRIER() __memory_changed()
  39:Generated_Source\PSoC4/cyfitter_cfg.c ****     #else
  40:Generated_Source\PSoC4/cyfitter_cfg.c ****         #define CY_CFG_MEMORY_BARRIER() __sync_synchronize()
  41:Generated_Source\PSoC4/cyfitter_cfg.c ****     #endif
  42:Generated_Source\PSoC4/cyfitter_cfg.c ****     
  43:Generated_Source\PSoC4/cyfitter_cfg.c **** #elif defined(__ICCARM__)
  44:Generated_Source\PSoC4/cyfitter_cfg.c ****     #include <intrinsics.h>
  45:Generated_Source\PSoC4/cyfitter_cfg.c **** 
  46:Generated_Source\PSoC4/cyfitter_cfg.c ****     #define CYPACKED __packed
  47:Generated_Source\PSoC4/cyfitter_cfg.c ****     #define CYPACKED_ATTR 
  48:Generated_Source\PSoC4/cyfitter_cfg.c ****     #define CYALIGNED _Pragma("data_alignment=4")
  49:Generated_Source\PSoC4/cyfitter_cfg.c ****     #define CY_CFG_UNUSED _Pragma("diag_suppress=Pe177")
  50:Generated_Source\PSoC4/cyfitter_cfg.c ****     #define CY_CFG_SECTION _Pragma("location=\".psocinit\"")
  51:Generated_Source\PSoC4/cyfitter_cfg.c ****     
  52:Generated_Source\PSoC4/cyfitter_cfg.c ****     #define CY_CFG_MEMORY_BARRIER() __DMB()
  53:Generated_Source\PSoC4/cyfitter_cfg.c ****     
  54:Generated_Source\PSoC4/cyfitter_cfg.c **** #else
  55:Generated_Source\PSoC4/cyfitter_cfg.c ****     #error Unsupported toolchain
  56:Generated_Source\PSoC4/cyfitter_cfg.c **** #endif
  57:Generated_Source\PSoC4/cyfitter_cfg.c **** 
  58:Generated_Source\PSoC4/cyfitter_cfg.c **** #ifndef CYCODE
  59:Generated_Source\PSoC4/cyfitter_cfg.c ****     #define CYCODE
  60:Generated_Source\PSoC4/cyfitter_cfg.c **** #endif
  61:Generated_Source\PSoC4/cyfitter_cfg.c **** #ifndef CYDATA
  62:Generated_Source\PSoC4/cyfitter_cfg.c ****     #define CYDATA
  63:Generated_Source\PSoC4/cyfitter_cfg.c **** #endif
  64:Generated_Source\PSoC4/cyfitter_cfg.c **** #ifndef CYFAR
  65:Generated_Source\PSoC4/cyfitter_cfg.c ****     #define CYFAR
  66:Generated_Source\PSoC4/cyfitter_cfg.c **** #endif
  67:Generated_Source\PSoC4/cyfitter_cfg.c **** #ifndef CYXDATA
  68:Generated_Source\PSoC4/cyfitter_cfg.c ****     #define CYXDATA
  69:Generated_Source\PSoC4/cyfitter_cfg.c **** #endif
  70:Generated_Source\PSoC4/cyfitter_cfg.c **** 
  71:Generated_Source\PSoC4/cyfitter_cfg.c **** 
  72:Generated_Source\PSoC4/cyfitter_cfg.c **** CY_CFG_UNUSED
  73:Generated_Source\PSoC4/cyfitter_cfg.c **** static void CYMEMZERO(void *s, size_t n);
  74:Generated_Source\PSoC4/cyfitter_cfg.c **** CY_CFG_UNUSED
  75:Generated_Source\PSoC4/cyfitter_cfg.c **** static void CYMEMZERO(void *s, size_t n)
  76:Generated_Source\PSoC4/cyfitter_cfg.c **** {
  77:Generated_Source\PSoC4/cyfitter_cfg.c **** 	(void)memset(s, 0, n);
  78:Generated_Source\PSoC4/cyfitter_cfg.c **** }
  79:Generated_Source\PSoC4/cyfitter_cfg.c **** CY_CFG_UNUSED
  80:Generated_Source\PSoC4/cyfitter_cfg.c **** static void CYCONFIGCPY(void *dest, const void *src, size_t n);
  81:Generated_Source\PSoC4/cyfitter_cfg.c **** CY_CFG_UNUSED
  82:Generated_Source\PSoC4/cyfitter_cfg.c **** static void CYCONFIGCPY(void *dest, const void *src, size_t n)
  83:Generated_Source\PSoC4/cyfitter_cfg.c **** {
  84:Generated_Source\PSoC4/cyfitter_cfg.c **** 	(void)memcpy(dest, src, n);
  85:Generated_Source\PSoC4/cyfitter_cfg.c **** }
  86:Generated_Source\PSoC4/cyfitter_cfg.c **** CY_CFG_UNUSED
  87:Generated_Source\PSoC4/cyfitter_cfg.c **** static void CYCONFIGCPYCODE(void *dest, const void *src, size_t n);
ARM GAS  C:\Users\PC\AppData\Local\Temp\ccynSq51.s 			page 3


  88:Generated_Source\PSoC4/cyfitter_cfg.c **** CY_CFG_UNUSED
  89:Generated_Source\PSoC4/cyfitter_cfg.c **** static void CYCONFIGCPYCODE(void *dest, const void *src, size_t n)
  90:Generated_Source\PSoC4/cyfitter_cfg.c **** {
  91:Generated_Source\PSoC4/cyfitter_cfg.c **** 	(void)memcpy(dest, src, n);
  92:Generated_Source\PSoC4/cyfitter_cfg.c **** }
  93:Generated_Source\PSoC4/cyfitter_cfg.c **** 
  94:Generated_Source\PSoC4/cyfitter_cfg.c **** 
  95:Generated_Source\PSoC4/cyfitter_cfg.c **** 
  96:Generated_Source\PSoC4/cyfitter_cfg.c **** 
  97:Generated_Source\PSoC4/cyfitter_cfg.c **** /* Clock startup error codes                                                   */
  98:Generated_Source\PSoC4/cyfitter_cfg.c **** #define CYCLOCKSTART_NO_ERROR    0u
  99:Generated_Source\PSoC4/cyfitter_cfg.c **** #define CYCLOCKSTART_XTAL_ERROR  1u
 100:Generated_Source\PSoC4/cyfitter_cfg.c **** #define CYCLOCKSTART_32KHZ_ERROR 2u
 101:Generated_Source\PSoC4/cyfitter_cfg.c **** #define CYCLOCKSTART_PLL_ERROR   3u
 102:Generated_Source\PSoC4/cyfitter_cfg.c **** #define CYCLOCKSTART_FLL_ERROR   4u
 103:Generated_Source\PSoC4/cyfitter_cfg.c **** #define CYCLOCKSTART_WCO_ERROR   5u
 104:Generated_Source\PSoC4/cyfitter_cfg.c **** 
 105:Generated_Source\PSoC4/cyfitter_cfg.c **** 
 106:Generated_Source\PSoC4/cyfitter_cfg.c **** #ifdef CY_NEED_CYCLOCKSTARTUPERROR
 107:Generated_Source\PSoC4/cyfitter_cfg.c **** /*******************************************************************************
 108:Generated_Source\PSoC4/cyfitter_cfg.c **** * Function Name: CyClockStartupError
 109:Generated_Source\PSoC4/cyfitter_cfg.c **** ********************************************************************************
 110:Generated_Source\PSoC4/cyfitter_cfg.c **** * Summary:
 111:Generated_Source\PSoC4/cyfitter_cfg.c **** *  If an error is encountered during clock configuration (crystal startup error,
 112:Generated_Source\PSoC4/cyfitter_cfg.c **** *  PLL lock error, etc.), the system will end up here.  Unless reimplemented by
 113:Generated_Source\PSoC4/cyfitter_cfg.c **** *  the customer, this function will stop in an infinite loop.
 114:Generated_Source\PSoC4/cyfitter_cfg.c **** *
 115:Generated_Source\PSoC4/cyfitter_cfg.c **** * Parameters:
 116:Generated_Source\PSoC4/cyfitter_cfg.c **** *   void
 117:Generated_Source\PSoC4/cyfitter_cfg.c **** *
 118:Generated_Source\PSoC4/cyfitter_cfg.c **** * Return:
 119:Generated_Source\PSoC4/cyfitter_cfg.c **** *   void
 120:Generated_Source\PSoC4/cyfitter_cfg.c **** *
 121:Generated_Source\PSoC4/cyfitter_cfg.c **** *******************************************************************************/
 122:Generated_Source\PSoC4/cyfitter_cfg.c **** CY_CFG_UNUSED
 123:Generated_Source\PSoC4/cyfitter_cfg.c **** static void CyClockStartupError(uint8 errorCode);
 124:Generated_Source\PSoC4/cyfitter_cfg.c **** CY_CFG_UNUSED
 125:Generated_Source\PSoC4/cyfitter_cfg.c **** static void CyClockStartupError(uint8 errorCode)
 126:Generated_Source\PSoC4/cyfitter_cfg.c **** {
 127:Generated_Source\PSoC4/cyfitter_cfg.c ****     /* To remove the compiler warning if errorCode not used.                */
 128:Generated_Source\PSoC4/cyfitter_cfg.c ****     errorCode = errorCode;
 129:Generated_Source\PSoC4/cyfitter_cfg.c **** 
 130:Generated_Source\PSoC4/cyfitter_cfg.c ****     /* If we have a clock startup error (bad MHz crystal, PLL lock, etc.),  */
 131:Generated_Source\PSoC4/cyfitter_cfg.c ****     /* we will end up here to allow the customer to implement something to  */
 132:Generated_Source\PSoC4/cyfitter_cfg.c ****     /* deal with the clock condition.                                       */
 133:Generated_Source\PSoC4/cyfitter_cfg.c **** 
 134:Generated_Source\PSoC4/cyfitter_cfg.c **** #ifdef CY_CFG_CLOCK_STARTUP_ERROR_CALLBACK
 135:Generated_Source\PSoC4/cyfitter_cfg.c ****     CY_CFG_Clock_Startup_ErrorCallback();
 136:Generated_Source\PSoC4/cyfitter_cfg.c **** #else
 137:Generated_Source\PSoC4/cyfitter_cfg.c ****     /*  If not using CY_CFG_CLOCK_STARTUP_ERROR_CALLBACK, place your clock startup code here. */
 138:Generated_Source\PSoC4/cyfitter_cfg.c ****     /* `#START CyClockStartupError` */
 139:Generated_Source\PSoC4/cyfitter_cfg.c **** 
 140:Generated_Source\PSoC4/cyfitter_cfg.c **** 
 141:Generated_Source\PSoC4/cyfitter_cfg.c **** 
 142:Generated_Source\PSoC4/cyfitter_cfg.c ****     /* `#END` */
 143:Generated_Source\PSoC4/cyfitter_cfg.c **** 
 144:Generated_Source\PSoC4/cyfitter_cfg.c ****     while(1) {}
ARM GAS  C:\Users\PC\AppData\Local\Temp\ccynSq51.s 			page 4


 145:Generated_Source\PSoC4/cyfitter_cfg.c **** #endif /* CY_CFG_CLOCK_STARTUP_ERROR_CALLBACK */
 146:Generated_Source\PSoC4/cyfitter_cfg.c **** }
 147:Generated_Source\PSoC4/cyfitter_cfg.c **** #endif
 148:Generated_Source\PSoC4/cyfitter_cfg.c **** 
 149:Generated_Source\PSoC4/cyfitter_cfg.c **** 
 150:Generated_Source\PSoC4/cyfitter_cfg.c **** 
 151:Generated_Source\PSoC4/cyfitter_cfg.c **** /*******************************************************************************
 152:Generated_Source\PSoC4/cyfitter_cfg.c **** * Function Name: ClockSetup
 153:Generated_Source\PSoC4/cyfitter_cfg.c **** ********************************************************************************
 154:Generated_Source\PSoC4/cyfitter_cfg.c **** *
 155:Generated_Source\PSoC4/cyfitter_cfg.c **** * Summary:
 156:Generated_Source\PSoC4/cyfitter_cfg.c **** *   Performs the initialization of all of the clocks in the device based on the
 157:Generated_Source\PSoC4/cyfitter_cfg.c **** *   settings in the Clock tab of the DWR.  This includes enabling the requested
 158:Generated_Source\PSoC4/cyfitter_cfg.c **** *   clocks and setting the necessary dividers to produce the desired frequency. 
 159:Generated_Source\PSoC4/cyfitter_cfg.c **** *
 160:Generated_Source\PSoC4/cyfitter_cfg.c **** * Parameters:
 161:Generated_Source\PSoC4/cyfitter_cfg.c **** *   void
 162:Generated_Source\PSoC4/cyfitter_cfg.c **** *
 163:Generated_Source\PSoC4/cyfitter_cfg.c **** * Return:
 164:Generated_Source\PSoC4/cyfitter_cfg.c **** *   void
 165:Generated_Source\PSoC4/cyfitter_cfg.c **** *
 166:Generated_Source\PSoC4/cyfitter_cfg.c **** *******************************************************************************/
 167:Generated_Source\PSoC4/cyfitter_cfg.c **** static void ClockSetup(void);
 168:Generated_Source\PSoC4/cyfitter_cfg.c **** CY_CFG_SECTION
 169:Generated_Source\PSoC4/cyfitter_cfg.c **** static void ClockSetup(void)
 170:Generated_Source\PSoC4/cyfitter_cfg.c **** {
 171:Generated_Source\PSoC4/cyfitter_cfg.c **** 
 172:Generated_Source\PSoC4/cyfitter_cfg.c **** 	/* Set Flash Cycles based on max possible frequency in case a glitch occurs during ClockSetup(). *
 173:Generated_Source\PSoC4/cyfitter_cfg.c **** 	CY_SET_REG32((void CYXDATA *)(CYREG_CPUSS_FLASH_CTL), (0x0012u));
 174:Generated_Source\PSoC4/cyfitter_cfg.c **** 	/* Update IMO to new clock speed. */
 175:Generated_Source\PSoC4/cyfitter_cfg.c **** 	CySysClkWriteImoFreq(24u);
 176:Generated_Source\PSoC4/cyfitter_cfg.c **** 
 177:Generated_Source\PSoC4/cyfitter_cfg.c **** 	/* Setup phase aligned clocks */
 178:Generated_Source\PSoC4/cyfitter_cfg.c **** 	CY_SET_REG32((void *)CYREG_PERI_DIV_16_CTL0, 0x00001000u);
 179:Generated_Source\PSoC4/cyfitter_cfg.c **** 	CY_SET_REG32((void *)CYREG_PERI_DIV_CMD, 0x8000FF40u);
 180:Generated_Source\PSoC4/cyfitter_cfg.c **** 
 181:Generated_Source\PSoC4/cyfitter_cfg.c **** 	/* CYDEV_CLK_SELECT Starting address: CYDEV_CLK_SELECT */
 182:Generated_Source\PSoC4/cyfitter_cfg.c **** 	CY_SET_REG32((void *)(CYREG_CLK_SELECT), 0x00000000u);
 183:Generated_Source\PSoC4/cyfitter_cfg.c **** 
 184:Generated_Source\PSoC4/cyfitter_cfg.c **** 	/* CYDEV_PERI_PCLK_CTL0 Starting address: CYDEV_PERI_PCLK_CTL0 */
 185:Generated_Source\PSoC4/cyfitter_cfg.c **** 	CY_SET_REG32((void *)(CYREG_PERI_PCLK_CTL0), 0x00000040u);
 186:Generated_Source\PSoC4/cyfitter_cfg.c **** 
 187:Generated_Source\PSoC4/cyfitter_cfg.c **** 	/* Set Flash Cycles based on newly configured 24.00MHz HFCLK. */
 188:Generated_Source\PSoC4/cyfitter_cfg.c **** 	CY_SET_REG32((void CYXDATA *)(CYREG_CPUSS_FLASH_CTL), (0x0011u));
 189:Generated_Source\PSoC4/cyfitter_cfg.c **** }
 190:Generated_Source\PSoC4/cyfitter_cfg.c **** 
 191:Generated_Source\PSoC4/cyfitter_cfg.c **** 
 192:Generated_Source\PSoC4/cyfitter_cfg.c **** /* Analog API Functions */
 193:Generated_Source\PSoC4/cyfitter_cfg.c **** 
 194:Generated_Source\PSoC4/cyfitter_cfg.c **** 
 195:Generated_Source\PSoC4/cyfitter_cfg.c **** /*******************************************************************************
 196:Generated_Source\PSoC4/cyfitter_cfg.c **** * Function Name: AnalogSetDefault
 197:Generated_Source\PSoC4/cyfitter_cfg.c **** ********************************************************************************
 198:Generated_Source\PSoC4/cyfitter_cfg.c **** *
 199:Generated_Source\PSoC4/cyfitter_cfg.c **** * Summary:
 200:Generated_Source\PSoC4/cyfitter_cfg.c **** *  Sets up the analog portions of the chip to default values based on chip
 201:Generated_Source\PSoC4/cyfitter_cfg.c **** *  configuration options from the project.
ARM GAS  C:\Users\PC\AppData\Local\Temp\ccynSq51.s 			page 5


 202:Generated_Source\PSoC4/cyfitter_cfg.c **** *
 203:Generated_Source\PSoC4/cyfitter_cfg.c **** * Parameters:
 204:Generated_Source\PSoC4/cyfitter_cfg.c **** *  void
 205:Generated_Source\PSoC4/cyfitter_cfg.c **** *
 206:Generated_Source\PSoC4/cyfitter_cfg.c **** * Return:
 207:Generated_Source\PSoC4/cyfitter_cfg.c **** *  void
 208:Generated_Source\PSoC4/cyfitter_cfg.c **** *
 209:Generated_Source\PSoC4/cyfitter_cfg.c **** *******************************************************************************/
 210:Generated_Source\PSoC4/cyfitter_cfg.c **** static void AnalogSetDefault(void);
 211:Generated_Source\PSoC4/cyfitter_cfg.c **** static void AnalogSetDefault(void)
 212:Generated_Source\PSoC4/cyfitter_cfg.c **** {
 213:Generated_Source\PSoC4/cyfitter_cfg.c **** }
 214:Generated_Source\PSoC4/cyfitter_cfg.c **** 
 215:Generated_Source\PSoC4/cyfitter_cfg.c **** 
 216:Generated_Source\PSoC4/cyfitter_cfg.c **** 
 217:Generated_Source\PSoC4/cyfitter_cfg.c **** 
 218:Generated_Source\PSoC4/cyfitter_cfg.c **** /*******************************************************************************
 219:Generated_Source\PSoC4/cyfitter_cfg.c **** * Function Name: cyfitter_cfg
 220:Generated_Source\PSoC4/cyfitter_cfg.c **** ********************************************************************************
 221:Generated_Source\PSoC4/cyfitter_cfg.c **** * Summary:
 222:Generated_Source\PSoC4/cyfitter_cfg.c **** *  This function is called by the start-up code for the selected device. It
 223:Generated_Source\PSoC4/cyfitter_cfg.c **** *  performs all of the necessary device configuration based on the design
 224:Generated_Source\PSoC4/cyfitter_cfg.c **** *  settings.  This includes settings from the Design Wide Resources (DWR) such
 225:Generated_Source\PSoC4/cyfitter_cfg.c **** *  as Clocks and Pins as well as any component configuration that is necessary.
 226:Generated_Source\PSoC4/cyfitter_cfg.c **** *
 227:Generated_Source\PSoC4/cyfitter_cfg.c **** * Parameters:
 228:Generated_Source\PSoC4/cyfitter_cfg.c **** *   void
 229:Generated_Source\PSoC4/cyfitter_cfg.c **** *
 230:Generated_Source\PSoC4/cyfitter_cfg.c **** * Return:
 231:Generated_Source\PSoC4/cyfitter_cfg.c **** *   void
 232:Generated_Source\PSoC4/cyfitter_cfg.c **** *
 233:Generated_Source\PSoC4/cyfitter_cfg.c **** *******************************************************************************/
 234:Generated_Source\PSoC4/cyfitter_cfg.c **** CY_CFG_SECTION
 235:Generated_Source\PSoC4/cyfitter_cfg.c **** void cyfitter_cfg(void)
 236:Generated_Source\PSoC4/cyfitter_cfg.c **** {
  28              		.loc 1 236 0
  29              		.cfi_startproc
  30              		@ args = 0, pretend = 0, frame = 0
  31              		@ frame_needed = 0, uses_anonymous_args = 0
  32 0000 10B5     		push	{r4, lr}
  33              		.cfi_def_cfa_offset 8
  34              		.cfi_offset 4, -8
  35              		.cfi_offset 14, -4
 237:Generated_Source\PSoC4/cyfitter_cfg.c **** 	/* Disable interrupts by default. Let user enable if/when they want. */
 238:Generated_Source\PSoC4/cyfitter_cfg.c **** 	CyGlobalIntDisable;
  36              		.loc 1 238 0
  37              		.syntax divided
  38              	@ 238 "Generated_Source\PSoC4\cyfitter_cfg.c" 1
  39 0002 72B6     		CPSID   i
  40              	@ 0 "" 2
 239:Generated_Source\PSoC4/cyfitter_cfg.c **** 
 240:Generated_Source\PSoC4/cyfitter_cfg.c **** 	{
 241:Generated_Source\PSoC4/cyfitter_cfg.c **** 		/* HSIOM Starting address: CYDEV_HSIOM_BASE */
 242:Generated_Source\PSoC4/cyfitter_cfg.c **** 		CY_SET_REG32((void *)(CYREG_HSIOM_PORT_SEL3), 0x0000EE00u);
  41              		.loc 1 242 0
  42              		.thumb
  43              		.syntax unified
ARM GAS  C:\Users\PC\AppData\Local\Temp\ccynSq51.s 			page 6


  44 0004 EE22     		movs	r2, #238
  45 0006 164B     		ldr	r3, .L2
  46 0008 1202     		lsls	r2, r2, #8
  47 000a 1A60     		str	r2, [r3]
 243:Generated_Source\PSoC4/cyfitter_cfg.c **** 		CY_SET_REG32((void *)(CYREG_HSIOM_PORT_SEL4), 0x00000099u);
  48              		.loc 1 243 0
  49 000c 9922     		movs	r2, #153
  50 000e 154B     		ldr	r3, .L2+4
 244:Generated_Source\PSoC4/cyfitter_cfg.c **** 
 245:Generated_Source\PSoC4/cyfitter_cfg.c **** 	}
 246:Generated_Source\PSoC4/cyfitter_cfg.c **** 
 247:Generated_Source\PSoC4/cyfitter_cfg.c **** 	/* Perform second pass device configuration. These items must be configured in specific order afte
 248:Generated_Source\PSoC4/cyfitter_cfg.c **** 	/* IOPINS0_1 Starting address: CYDEV_GPIO_PRT1_BASE */
 249:Generated_Source\PSoC4/cyfitter_cfg.c **** 	CY_SET_REG32((void *)(CYREG_GPIO_PRT1_PC), 0x00C00000u);
 250:Generated_Source\PSoC4/cyfitter_cfg.c **** 
 251:Generated_Source\PSoC4/cyfitter_cfg.c **** 	/* IOPINS0_3 Starting address: CYDEV_GPIO_PRT3_BASE */
 252:Generated_Source\PSoC4/cyfitter_cfg.c **** 	CY_SET_REG32((void *)(CYREG_GPIO_PRT3_PC), 0x00000D80u);
 253:Generated_Source\PSoC4/cyfitter_cfg.c **** 
 254:Generated_Source\PSoC4/cyfitter_cfg.c **** 	/* IOPINS0_4 Starting address: CYDEV_GPIO_PRT4_BASE */
 255:Generated_Source\PSoC4/cyfitter_cfg.c **** 	CY_SET_REG32((void *)(CYDEV_GPIO_PRT4_BASE), 0x00000002u);
 256:Generated_Source\PSoC4/cyfitter_cfg.c **** 	CY_SET_REG32((void *)(CYREG_GPIO_PRT4_PC), 0x00000031u);
  51              		.loc 1 256 0
  52 0010 3121     		movs	r1, #49
 243:Generated_Source\PSoC4/cyfitter_cfg.c **** 		CY_SET_REG32((void *)(CYREG_HSIOM_PORT_SEL4), 0x00000099u);
  53              		.loc 1 243 0
  54 0012 1A60     		str	r2, [r3]
 249:Generated_Source\PSoC4/cyfitter_cfg.c **** 
  55              		.loc 1 249 0
  56 0014 C022     		movs	r2, #192
  57 0016 144B     		ldr	r3, .L2+8
  58 0018 1204     		lsls	r2, r2, #16
  59 001a 1A60     		str	r2, [r3]
 252:Generated_Source\PSoC4/cyfitter_cfg.c **** 
  60              		.loc 1 252 0
  61 001c D822     		movs	r2, #216
  62 001e 134B     		ldr	r3, .L2+12
  63 0020 1201     		lsls	r2, r2, #4
  64 0022 1A60     		str	r2, [r3]
 255:Generated_Source\PSoC4/cyfitter_cfg.c **** 	CY_SET_REG32((void *)(CYREG_GPIO_PRT4_PC), 0x00000031u);
  65              		.loc 1 255 0
  66 0024 0223     		movs	r3, #2
  67 0026 124A     		ldr	r2, .L2+16
  68              	.LBB6:
  69              	.LBB7:
 173:Generated_Source\PSoC4/cyfitter_cfg.c **** 	/* Update IMO to new clock speed. */
  70              		.loc 1 173 0
  71 0028 124C     		ldr	r4, .L2+20
  72              	.LBE7:
  73              	.LBE6:
 255:Generated_Source\PSoC4/cyfitter_cfg.c **** 	CY_SET_REG32((void *)(CYREG_GPIO_PRT4_PC), 0x00000031u);
  74              		.loc 1 255 0
  75 002a 1360     		str	r3, [r2]
  76              		.loc 1 256 0
  77 002c 124A     		ldr	r2, .L2+24
  78              	.LBB10:
  79              	.LBB8:
 175:Generated_Source\PSoC4/cyfitter_cfg.c **** 
ARM GAS  C:\Users\PC\AppData\Local\Temp\ccynSq51.s 			page 7


  80              		.loc 1 175 0
  81 002e 1820     		movs	r0, #24
  82              	.LBE8:
  83              	.LBE10:
  84              		.loc 1 256 0
  85 0030 1160     		str	r1, [r2]
 257:Generated_Source\PSoC4/cyfitter_cfg.c **** 	CY_SET_REG32((void *)(CYREG_GPIO_PRT4_PC2), 0x00000002u);
  86              		.loc 1 257 0
  87 0032 124A     		ldr	r2, .L2+28
 258:Generated_Source\PSoC4/cyfitter_cfg.c **** 
 259:Generated_Source\PSoC4/cyfitter_cfg.c **** 
 260:Generated_Source\PSoC4/cyfitter_cfg.c **** 	/* Setup clocks based on selections from Clock DWR */
 261:Generated_Source\PSoC4/cyfitter_cfg.c **** 	ClockSetup();
 262:Generated_Source\PSoC4/cyfitter_cfg.c **** 
 263:Generated_Source\PSoC4/cyfitter_cfg.c **** 	/* Perform basic analog initialization to defaults */
 264:Generated_Source\PSoC4/cyfitter_cfg.c **** 	AnalogSetDefault();
 265:Generated_Source\PSoC4/cyfitter_cfg.c **** 
 266:Generated_Source\PSoC4/cyfitter_cfg.c **** }
  88              		.loc 1 266 0
  89              		@ sp needed
 257:Generated_Source\PSoC4/cyfitter_cfg.c **** 	CY_SET_REG32((void *)(CYREG_GPIO_PRT4_PC2), 0x00000002u);
  90              		.loc 1 257 0
  91 0034 1360     		str	r3, [r2]
  92              	.LBB11:
  93              	.LBB9:
 173:Generated_Source\PSoC4/cyfitter_cfg.c **** 	/* Update IMO to new clock speed. */
  94              		.loc 1 173 0
  95 0036 1033     		adds	r3, r3, #16
  96 0038 2360     		str	r3, [r4]
 175:Generated_Source\PSoC4/cyfitter_cfg.c **** 
  97              		.loc 1 175 0
  98 003a FFF7FEFF 		bl	CySysClkWriteImoFreq
  99              	.LVL0:
 178:Generated_Source\PSoC4/cyfitter_cfg.c **** 	CY_SET_REG32((void *)CYREG_PERI_DIV_CMD, 0x8000FF40u);
 100              		.loc 1 178 0
 101 003e 8022     		movs	r2, #128
 102 0040 0F4B     		ldr	r3, .L2+32
 103 0042 5201     		lsls	r2, r2, #5
 104 0044 1A60     		str	r2, [r3]
 179:Generated_Source\PSoC4/cyfitter_cfg.c **** 
 105              		.loc 1 179 0
 106 0046 0F4A     		ldr	r2, .L2+36
 107 0048 0F4B     		ldr	r3, .L2+40
 108 004a 1A60     		str	r2, [r3]
 182:Generated_Source\PSoC4/cyfitter_cfg.c **** 
 109              		.loc 1 182 0
 110 004c 0022     		movs	r2, #0
 111 004e 0F4B     		ldr	r3, .L2+44
 112 0050 1A60     		str	r2, [r3]
 185:Generated_Source\PSoC4/cyfitter_cfg.c **** 
 113              		.loc 1 185 0
 114 0052 0F4B     		ldr	r3, .L2+48
 115 0054 4032     		adds	r2, r2, #64
 116 0056 1A60     		str	r2, [r3]
 188:Generated_Source\PSoC4/cyfitter_cfg.c **** }
 117              		.loc 1 188 0
 118 0058 1123     		movs	r3, #17
ARM GAS  C:\Users\PC\AppData\Local\Temp\ccynSq51.s 			page 8


 119 005a 2360     		str	r3, [r4]
 120              	.LBE9:
 121              	.LBE11:
 122              		.loc 1 266 0
 123 005c 10BD     		pop	{r4, pc}
 124              	.L3:
 125 005e C046     		.align	2
 126              	.L2:
 127 0060 00030240 		.word	1073873664
 128 0064 00040240 		.word	1073873920
 129 0068 08010440 		.word	1074004232
 130 006c 08030440 		.word	1074004744
 131 0070 00040440 		.word	1074004992
 132 0074 30001040 		.word	1074790448
 133 0078 08040440 		.word	1074005000
 134 007c 18040440 		.word	1074005016
 135 0080 00030140 		.word	1073808128
 136 0084 40FF0080 		.word	-2147418304
 137 0088 00000140 		.word	1073807360
 138 008c 28000340 		.word	1073938472
 139 0090 00010140 		.word	1073807616
 140              		.cfi_endproc
 141              	.LFE6:
 142              		.size	cyfitter_cfg, .-cyfitter_cfg
 143              		.text
 144              	.Letext0:
 145              		.file 2 "Generated_Source\\PSoC4\\cytypes.h"
 146              		.file 3 "Generated_Source\\PSoC4\\CyLib.h"
 147              		.section	.debug_info,"",%progbits
 148              	.Ldebug_info0:
 149 0000 F9000000 		.4byte	0xf9
 150 0004 0400     		.2byte	0x4
 151 0006 00000000 		.4byte	.Ldebug_abbrev0
 152 000a 04       		.byte	0x4
 153 000b 01       		.uleb128 0x1
 154 000c 52010000 		.4byte	.LASF18
 155 0010 0C       		.byte	0xc
 156 0011 15000000 		.4byte	.LASF19
 157 0015 99000000 		.4byte	.LASF20
 158 0019 20000000 		.4byte	.Ldebug_ranges0+0x20
 159 001d 00000000 		.4byte	0
 160 0021 00000000 		.4byte	.Ldebug_line0
 161 0025 02       		.uleb128 0x2
 162 0026 04       		.byte	0x4
 163 0027 05       		.byte	0x5
 164 0028 696E7400 		.ascii	"int\000"
 165 002c 03       		.uleb128 0x3
 166 002d 04       		.byte	0x4
 167 002e 07       		.byte	0x7
 168 002f 3B000000 		.4byte	.LASF0
 169 0033 03       		.uleb128 0x3
 170 0034 08       		.byte	0x8
 171 0035 05       		.byte	0x5
 172 0036 00000000 		.4byte	.LASF1
 173 003a 03       		.uleb128 0x3
 174 003b 08       		.byte	0x8
 175 003c 04       		.byte	0x4
ARM GAS  C:\Users\PC\AppData\Local\Temp\ccynSq51.s 			page 9


 176 003d 3C010000 		.4byte	.LASF2
 177 0041 03       		.uleb128 0x3
 178 0042 01       		.byte	0x1
 179 0043 06       		.byte	0x6
 180 0044 30010000 		.4byte	.LASF3
 181 0048 03       		.uleb128 0x3
 182 0049 01       		.byte	0x1
 183 004a 08       		.byte	0x8
 184 004b D8000000 		.4byte	.LASF4
 185 004f 03       		.uleb128 0x3
 186 0050 02       		.byte	0x2
 187 0051 05       		.byte	0x5
 188 0052 48010000 		.4byte	.LASF5
 189 0056 03       		.uleb128 0x3
 190 0057 02       		.byte	0x2
 191 0058 07       		.byte	0x7
 192 0059 1D010000 		.4byte	.LASF6
 193 005d 03       		.uleb128 0x3
 194 005e 04       		.byte	0x4
 195 005f 05       		.byte	0x5
 196 0060 EB000000 		.4byte	.LASF7
 197 0064 03       		.uleb128 0x3
 198 0065 04       		.byte	0x4
 199 0066 07       		.byte	0x7
 200 0067 5D000000 		.4byte	.LASF8
 201 006b 03       		.uleb128 0x3
 202 006c 08       		.byte	0x8
 203 006d 07       		.byte	0x7
 204 006e 7C000000 		.4byte	.LASF9
 205 0072 03       		.uleb128 0x3
 206 0073 04       		.byte	0x4
 207 0074 07       		.byte	0x7
 208 0075 E4010000 		.4byte	.LASF10
 209 0079 03       		.uleb128 0x3
 210 007a 01       		.byte	0x1
 211 007b 08       		.byte	0x8
 212 007c E6000000 		.4byte	.LASF11
 213 0080 04       		.uleb128 0x4
 214 0081 0E000000 		.4byte	.LASF14
 215 0085 02       		.byte	0x2
 216 0086 FD01     		.2byte	0x1fd
 217 0088 64000000 		.4byte	0x64
 218 008c 03       		.uleb128 0x3
 219 008d 04       		.byte	0x4
 220 008e 04       		.byte	0x4
 221 008f 93000000 		.4byte	.LASF12
 222 0093 03       		.uleb128 0x3
 223 0094 08       		.byte	0x8
 224 0095 04       		.byte	0x4
 225 0096 10010000 		.4byte	.LASF13
 226 009a 04       		.uleb128 0x4
 227 009b 17010000 		.4byte	.LASF15
 228 009f 02       		.byte	0x2
 229 00a0 A702     		.2byte	0x2a7
 230 00a2 A6000000 		.4byte	0xa6
 231 00a6 05       		.uleb128 0x5
 232 00a7 80000000 		.4byte	0x80
ARM GAS  C:\Users\PC\AppData\Local\Temp\ccynSq51.s 			page 10


 233 00ab 06       		.uleb128 0x6
 234 00ac F4000000 		.4byte	.LASF16
 235 00b0 01       		.byte	0x1
 236 00b1 D3       		.byte	0xd3
 237 00b2 01       		.byte	0x1
 238 00b3 06       		.uleb128 0x6
 239 00b4 05010000 		.4byte	.LASF17
 240 00b8 01       		.byte	0x1
 241 00b9 A9       		.byte	0xa9
 242 00ba 01       		.byte	0x1
 243 00bb 07       		.uleb128 0x7
 244 00bc 6F000000 		.4byte	.LASF21
 245 00c0 01       		.byte	0x1
 246 00c1 EB       		.byte	0xeb
 247 00c2 00000000 		.4byte	.LFB6
 248 00c6 94000000 		.4byte	.LFE6-.LFB6
 249 00ca 01       		.uleb128 0x1
 250 00cb 9C       		.byte	0x9c
 251 00cc F1000000 		.4byte	0xf1
 252 00d0 08       		.uleb128 0x8
 253 00d1 B3000000 		.4byte	0xb3
 254 00d5 28000000 		.4byte	.LBB6
 255 00d9 00000000 		.4byte	.Ldebug_ranges0+0
 256 00dd 01       		.byte	0x1
 257 00de 0501     		.2byte	0x105
 258 00e0 09       		.uleb128 0x9
 259 00e1 3E000000 		.4byte	.LVL0
 260 00e5 F1000000 		.4byte	0xf1
 261 00e9 0A       		.uleb128 0xa
 262 00ea 01       		.uleb128 0x1
 263 00eb 50       		.byte	0x50
 264 00ec 01       		.uleb128 0x1
 265 00ed 48       		.byte	0x48
 266 00ee 00       		.byte	0
 267 00ef 00       		.byte	0
 268 00f0 00       		.byte	0
 269 00f1 0B       		.uleb128 0xb
 270 00f2 48000000 		.4byte	.LASF22
 271 00f6 48000000 		.4byte	.LASF22
 272 00fa 03       		.byte	0x3
 273 00fb 6C       		.byte	0x6c
 274 00fc 00       		.byte	0
 275              		.section	.debug_abbrev,"",%progbits
 276              	.Ldebug_abbrev0:
 277 0000 01       		.uleb128 0x1
 278 0001 11       		.uleb128 0x11
 279 0002 01       		.byte	0x1
 280 0003 25       		.uleb128 0x25
 281 0004 0E       		.uleb128 0xe
 282 0005 13       		.uleb128 0x13
 283 0006 0B       		.uleb128 0xb
 284 0007 03       		.uleb128 0x3
 285 0008 0E       		.uleb128 0xe
 286 0009 1B       		.uleb128 0x1b
 287 000a 0E       		.uleb128 0xe
 288 000b 55       		.uleb128 0x55
 289 000c 17       		.uleb128 0x17
ARM GAS  C:\Users\PC\AppData\Local\Temp\ccynSq51.s 			page 11


 290 000d 11       		.uleb128 0x11
 291 000e 01       		.uleb128 0x1
 292 000f 10       		.uleb128 0x10
 293 0010 17       		.uleb128 0x17
 294 0011 00       		.byte	0
 295 0012 00       		.byte	0
 296 0013 02       		.uleb128 0x2
 297 0014 24       		.uleb128 0x24
 298 0015 00       		.byte	0
 299 0016 0B       		.uleb128 0xb
 300 0017 0B       		.uleb128 0xb
 301 0018 3E       		.uleb128 0x3e
 302 0019 0B       		.uleb128 0xb
 303 001a 03       		.uleb128 0x3
 304 001b 08       		.uleb128 0x8
 305 001c 00       		.byte	0
 306 001d 00       		.byte	0
 307 001e 03       		.uleb128 0x3
 308 001f 24       		.uleb128 0x24
 309 0020 00       		.byte	0
 310 0021 0B       		.uleb128 0xb
 311 0022 0B       		.uleb128 0xb
 312 0023 3E       		.uleb128 0x3e
 313 0024 0B       		.uleb128 0xb
 314 0025 03       		.uleb128 0x3
 315 0026 0E       		.uleb128 0xe
 316 0027 00       		.byte	0
 317 0028 00       		.byte	0
 318 0029 04       		.uleb128 0x4
 319 002a 16       		.uleb128 0x16
 320 002b 00       		.byte	0
 321 002c 03       		.uleb128 0x3
 322 002d 0E       		.uleb128 0xe
 323 002e 3A       		.uleb128 0x3a
 324 002f 0B       		.uleb128 0xb
 325 0030 3B       		.uleb128 0x3b
 326 0031 05       		.uleb128 0x5
 327 0032 49       		.uleb128 0x49
 328 0033 13       		.uleb128 0x13
 329 0034 00       		.byte	0
 330 0035 00       		.byte	0
 331 0036 05       		.uleb128 0x5
 332 0037 35       		.uleb128 0x35
 333 0038 00       		.byte	0
 334 0039 49       		.uleb128 0x49
 335 003a 13       		.uleb128 0x13
 336 003b 00       		.byte	0
 337 003c 00       		.byte	0
 338 003d 06       		.uleb128 0x6
 339 003e 2E       		.uleb128 0x2e
 340 003f 00       		.byte	0
 341 0040 03       		.uleb128 0x3
 342 0041 0E       		.uleb128 0xe
 343 0042 3A       		.uleb128 0x3a
 344 0043 0B       		.uleb128 0xb
 345 0044 3B       		.uleb128 0x3b
 346 0045 0B       		.uleb128 0xb
ARM GAS  C:\Users\PC\AppData\Local\Temp\ccynSq51.s 			page 12


 347 0046 27       		.uleb128 0x27
 348 0047 19       		.uleb128 0x19
 349 0048 20       		.uleb128 0x20
 350 0049 0B       		.uleb128 0xb
 351 004a 00       		.byte	0
 352 004b 00       		.byte	0
 353 004c 07       		.uleb128 0x7
 354 004d 2E       		.uleb128 0x2e
 355 004e 01       		.byte	0x1
 356 004f 3F       		.uleb128 0x3f
 357 0050 19       		.uleb128 0x19
 358 0051 03       		.uleb128 0x3
 359 0052 0E       		.uleb128 0xe
 360 0053 3A       		.uleb128 0x3a
 361 0054 0B       		.uleb128 0xb
 362 0055 3B       		.uleb128 0x3b
 363 0056 0B       		.uleb128 0xb
 364 0057 27       		.uleb128 0x27
 365 0058 19       		.uleb128 0x19
 366 0059 11       		.uleb128 0x11
 367 005a 01       		.uleb128 0x1
 368 005b 12       		.uleb128 0x12
 369 005c 06       		.uleb128 0x6
 370 005d 40       		.uleb128 0x40
 371 005e 18       		.uleb128 0x18
 372 005f 9742     		.uleb128 0x2117
 373 0061 19       		.uleb128 0x19
 374 0062 01       		.uleb128 0x1
 375 0063 13       		.uleb128 0x13
 376 0064 00       		.byte	0
 377 0065 00       		.byte	0
 378 0066 08       		.uleb128 0x8
 379 0067 1D       		.uleb128 0x1d
 380 0068 01       		.byte	0x1
 381 0069 31       		.uleb128 0x31
 382 006a 13       		.uleb128 0x13
 383 006b 52       		.uleb128 0x52
 384 006c 01       		.uleb128 0x1
 385 006d 55       		.uleb128 0x55
 386 006e 17       		.uleb128 0x17
 387 006f 58       		.uleb128 0x58
 388 0070 0B       		.uleb128 0xb
 389 0071 59       		.uleb128 0x59
 390 0072 05       		.uleb128 0x5
 391 0073 00       		.byte	0
 392 0074 00       		.byte	0
 393 0075 09       		.uleb128 0x9
 394 0076 898201   		.uleb128 0x4109
 395 0079 01       		.byte	0x1
 396 007a 11       		.uleb128 0x11
 397 007b 01       		.uleb128 0x1
 398 007c 31       		.uleb128 0x31
 399 007d 13       		.uleb128 0x13
 400 007e 00       		.byte	0
 401 007f 00       		.byte	0
 402 0080 0A       		.uleb128 0xa
 403 0081 8A8201   		.uleb128 0x410a
ARM GAS  C:\Users\PC\AppData\Local\Temp\ccynSq51.s 			page 13


 404 0084 00       		.byte	0
 405 0085 02       		.uleb128 0x2
 406 0086 18       		.uleb128 0x18
 407 0087 9142     		.uleb128 0x2111
 408 0089 18       		.uleb128 0x18
 409 008a 00       		.byte	0
 410 008b 00       		.byte	0
 411 008c 0B       		.uleb128 0xb
 412 008d 2E       		.uleb128 0x2e
 413 008e 00       		.byte	0
 414 008f 3F       		.uleb128 0x3f
 415 0090 19       		.uleb128 0x19
 416 0091 3C       		.uleb128 0x3c
 417 0092 19       		.uleb128 0x19
 418 0093 6E       		.uleb128 0x6e
 419 0094 0E       		.uleb128 0xe
 420 0095 03       		.uleb128 0x3
 421 0096 0E       		.uleb128 0xe
 422 0097 3A       		.uleb128 0x3a
 423 0098 0B       		.uleb128 0xb
 424 0099 3B       		.uleb128 0x3b
 425 009a 0B       		.uleb128 0xb
 426 009b 00       		.byte	0
 427 009c 00       		.byte	0
 428 009d 00       		.byte	0
 429              		.section	.debug_aranges,"",%progbits
 430 0000 1C000000 		.4byte	0x1c
 431 0004 0200     		.2byte	0x2
 432 0006 00000000 		.4byte	.Ldebug_info0
 433 000a 04       		.byte	0x4
 434 000b 00       		.byte	0
 435 000c 0000     		.2byte	0
 436 000e 0000     		.2byte	0
 437 0010 00000000 		.4byte	.LFB6
 438 0014 94000000 		.4byte	.LFE6-.LFB6
 439 0018 00000000 		.4byte	0
 440 001c 00000000 		.4byte	0
 441              		.section	.debug_ranges,"",%progbits
 442              	.Ldebug_ranges0:
 443 0000 28000000 		.4byte	.LBB6
 444 0004 2A000000 		.4byte	.LBE6
 445 0008 2E000000 		.4byte	.LBB10
 446 000c 30000000 		.4byte	.LBE10
 447 0010 36000000 		.4byte	.LBB11
 448 0014 5C000000 		.4byte	.LBE11
 449 0018 00000000 		.4byte	0
 450 001c 00000000 		.4byte	0
 451 0020 00000000 		.4byte	.LFB6
 452 0024 94000000 		.4byte	.LFE6
 453 0028 00000000 		.4byte	0
 454 002c 00000000 		.4byte	0
 455              		.section	.debug_line,"",%progbits
 456              	.Ldebug_line0:
 457 0000 9C000000 		.section	.debug_str,"MS",%progbits,1
 457      02005400 
 457      00000201 
 457      FB0E0D00 
ARM GAS  C:\Users\PC\AppData\Local\Temp\ccynSq51.s 			page 14


 457      01010101 
 458              	.LASF1:
 459 0000 6C6F6E67 		.ascii	"long long int\000"
 459      206C6F6E 
 459      6720696E 
 459      7400
 460              	.LASF14:
 461 000e 75696E74 		.ascii	"uint32\000"
 461      333200
 462              	.LASF19:
 463 0015 47656E65 		.ascii	"Generated_Source\\PSoC4\\cyfitter_cfg.c\000"
 463      72617465 
 463      645F536F 
 463      75726365 
 463      5C50536F 
 464              	.LASF0:
 465 003b 756E7369 		.ascii	"unsigned int\000"
 465      676E6564 
 465      20696E74 
 465      00
 466              	.LASF22:
 467 0048 43795379 		.ascii	"CySysClkWriteImoFreq\000"
 467      73436C6B 
 467      57726974 
 467      65496D6F 
 467      46726571 
 468              	.LASF8:
 469 005d 6C6F6E67 		.ascii	"long unsigned int\000"
 469      20756E73 
 469      69676E65 
 469      6420696E 
 469      7400
 470              	.LASF21:
 471 006f 63796669 		.ascii	"cyfitter_cfg\000"
 471      74746572 
 471      5F636667 
 471      00
 472              	.LASF9:
 473 007c 6C6F6E67 		.ascii	"long long unsigned int\000"
 473      206C6F6E 
 473      6720756E 
 473      7369676E 
 473      65642069 
 474              	.LASF12:
 475 0093 666C6F61 		.ascii	"float\000"
 475      7400
 476              	.LASF20:
 477 0099 433A5C55 		.ascii	"C:\\Users\\PC\\Documents\\PSoC Creator\\yellowChip\\"
 477      73657273 
 477      5C50435C 
 477      446F6375 
 477      6D656E74 
 478 00c7 626F6F74 		.ascii	"bootloader.cydsn\000"
 478      6C6F6164 
 478      65722E63 
 478      7964736E 
 478      00
ARM GAS  C:\Users\PC\AppData\Local\Temp\ccynSq51.s 			page 15


 479              	.LASF4:
 480 00d8 756E7369 		.ascii	"unsigned char\000"
 480      676E6564 
 480      20636861 
 480      7200
 481              	.LASF11:
 482 00e6 63686172 		.ascii	"char\000"
 482      00
 483              	.LASF7:
 484 00eb 6C6F6E67 		.ascii	"long int\000"
 484      20696E74 
 484      00
 485              	.LASF16:
 486 00f4 416E616C 		.ascii	"AnalogSetDefault\000"
 486      6F675365 
 486      74446566 
 486      61756C74 
 486      00
 487              	.LASF17:
 488 0105 436C6F63 		.ascii	"ClockSetup\000"
 488      6B536574 
 488      757000
 489              	.LASF13:
 490 0110 646F7562 		.ascii	"double\000"
 490      6C6500
 491              	.LASF15:
 492 0117 72656733 		.ascii	"reg32\000"
 492      3200
 493              	.LASF6:
 494 011d 73686F72 		.ascii	"short unsigned int\000"
 494      7420756E 
 494      7369676E 
 494      65642069 
 494      6E7400
 495              	.LASF3:
 496 0130 7369676E 		.ascii	"signed char\000"
 496      65642063 
 496      68617200 
 497              	.LASF2:
 498 013c 6C6F6E67 		.ascii	"long double\000"
 498      20646F75 
 498      626C6500 
 499              	.LASF5:
 500 0148 73686F72 		.ascii	"short int\000"
 500      7420696E 
 500      7400
 501              	.LASF18:
 502 0152 474E5520 		.ascii	"GNU C11 5.4.1 20160609 (release) [ARM/embedded-5-br"
 502      43313120 
 502      352E342E 
 502      31203230 
 502      31363036 
 503 0185 616E6368 		.ascii	"anch revision 237715] -mcpu=cortex-m0plus -mthumb -"
 503      20726576 
 503      6973696F 
 503      6E203233 
 503      37373135 
ARM GAS  C:\Users\PC\AppData\Local\Temp\ccynSq51.s 			page 16


 504 01b8 67202D4F 		.ascii	"g -Os -ffunction-sections -ffat-lto-objects\000"
 504      73202D66 
 504      66756E63 
 504      74696F6E 
 504      2D736563 
 505              	.LASF10:
 506 01e4 73697A65 		.ascii	"sizetype\000"
 506      74797065 
 506      00
 507              		.ident	"GCC: (GNU Tools for ARM Embedded Processors) 5.4.1 20160609 (release) [ARM/embedded-5-bran
