Archive member included to satisfy reference by file (symbol)

.\CortexM0p\ARM_GCC_541\Debug\ADC.a(mUART.o)
                              .\CortexM0p\ARM_GCC_541\Debug\main.o (mUART_Start)
.\CortexM0p\ARM_GCC_541\Debug\ADC.a(mUART_UART.o)
                              .\CortexM0p\ARM_GCC_541\Debug\ADC.a(mUART.o) (mUART_UartInit)
.\CortexM0p\ARM_GCC_541\Debug\ADC.a(CyLib.o)
                              .\CortexM0p\ARM_GCC_541\Debug\Cm0plusStart.o (CyHalt)
.\CortexM0p\ARM_GCC_541\Debug\ADC.a(CyLFClk.o)
                              .\CortexM0p\ARM_GCC_541\Debug\ADC.a(CyLib.o) (CySysClkWcoEnabled)
.\CortexM0p\ARM_GCC_541\Debug\ADC.a(mADC_Adc.o)
                              .\CortexM0p\ARM_GCC_541\Debug\main.o (mADC_IsBusy)
.\CortexM0p\ARM_GCC_541\Debug\ADC.a(mADC_Adc_INT.o)
                              .\CortexM0p\ARM_GCC_541\Debug\ADC.a(mADC_Adc.o) (mADC_IntrHandler)
.\CortexM0p\ARM_GCC_541\Debug\ADC.a(mADC_Structure.o)
                              .\CortexM0p\ARM_GCC_541\Debug\ADC.a(mADC_Adc.o) (mADC_DsInitialize)
.\CortexM0p\ARM_GCC_541\Debug\ADC.a(mADC_ISR.o)
                              .\CortexM0p\ARM_GCC_541\Debug\ADC.a(mADC_Adc.o) (mADC_ISR_StartEx)
.\CortexM0p\ARM_GCC_541\Debug\ADC.a(CyBootAsmGnu.o)
                              .\CortexM0p\ARM_GCC_541\Debug\ADC.a(CyLib.o) (CyDelayCycles)
.\CortexM0p\ARM_GCC_541\Debug\ADC.a(mUART_SPI_UART.o)
                              .\CortexM0p\ARM_GCC_541\Debug\ADC.a(mUART_UART.o) (mUART_SpiUartReadRxData)
.\CortexM0p\ARM_GCC_541\Debug\ADC.a(CyFlash.o)
                              .\CortexM0p\ARM_GCC_541\Debug\ADC.a(CyLib.o) (CySysFlashSetWaitCycles)
c:/program files (x86)/cypress/psoc creator/4.4/psoc creator/import/gnu/arm/5.4.1/bin/../lib/gcc/arm-none-eabi/5.4.1/armv6-m\libgcc.a(_udivsi3.o)
                              .\CortexM0p\ARM_GCC_541\Debug\ADC.a(CyLib.o) (__aeabi_uidiv)
c:/program files (x86)/cypress/psoc creator/4.4/psoc creator/import/gnu/arm/5.4.1/bin/../lib/gcc/arm-none-eabi/5.4.1/armv6-m\libgcc.a(_divsi3.o)
                              .\CortexM0p\ARM_GCC_541\Debug\ADC.a(mADC_Adc_INT.o) (__aeabi_idiv)
c:/program files (x86)/cypress/psoc creator/4.4/psoc creator/import/gnu/arm/5.4.1/bin/../lib/gcc/arm-none-eabi/5.4.1/armv6-m\libgcc.a(_dvmd_tls.o)
                              c:/program files (x86)/cypress/psoc creator/4.4/psoc creator/import/gnu/arm/5.4.1/bin/../lib/gcc/arm-none-eabi/5.4.1/armv6-m\libgcc.a(_udivsi3.o) (__aeabi_idiv0)
c:/program files (x86)/cypress/psoc creator/4.4/psoc creator/import/gnu/arm/5.4.1/bin/../lib/gcc/arm-none-eabi/5.4.1/armv6-m\libgcc.a(adddf3.o)
                              .\CortexM0p\ARM_GCC_541\Debug\main.o (__aeabi_dadd)
c:/program files (x86)/cypress/psoc creator/4.4/psoc creator/import/gnu/arm/5.4.1/bin/../lib/gcc/arm-none-eabi/5.4.1/armv6-m\libgcc.a(divdf3.o)
                              .\CortexM0p\ARM_GCC_541\Debug\main.o (__aeabi_ddiv)
c:/program files (x86)/cypress/psoc creator/4.4/psoc creator/import/gnu/arm/5.4.1/bin/../lib/gcc/arm-none-eabi/5.4.1/armv6-m\libgcc.a(muldf3.o)
                              .\CortexM0p\ARM_GCC_541\Debug\main.o (__aeabi_dmul)
c:/program files (x86)/cypress/psoc creator/4.4/psoc creator/import/gnu/arm/5.4.1/bin/../lib/gcc/arm-none-eabi/5.4.1/armv6-m\libgcc.a(subdf3.o)
                              .\CortexM0p\ARM_GCC_541\Debug\main.o (__aeabi_dsub)
c:/program files (x86)/cypress/psoc creator/4.4/psoc creator/import/gnu/arm/5.4.1/bin/../lib/gcc/arm-none-eabi/5.4.1/armv6-m\libgcc.a(fixdfsi.o)
                              .\CortexM0p\ARM_GCC_541\Debug\main.o (__aeabi_d2iz)
c:/program files (x86)/cypress/psoc creator/4.4/psoc creator/import/gnu/arm/5.4.1/bin/../lib/gcc/arm-none-eabi/5.4.1/armv6-m\libgcc.a(floatsidf.o)
                              .\CortexM0p\ARM_GCC_541\Debug\main.o (__aeabi_i2d)
c:/program files (x86)/cypress/psoc creator/4.4/psoc creator/import/gnu/arm/5.4.1/bin/../lib/gcc/arm-none-eabi/5.4.1/armv6-m\libgcc.a(_clzsi2.o)
                              c:/program files (x86)/cypress/psoc creator/4.4/psoc creator/import/gnu/arm/5.4.1/bin/../lib/gcc/arm-none-eabi/5.4.1/armv6-m\libgcc.a(adddf3.o) (__clzsi2)
c:/program files (x86)/cypress/psoc creator/4.4/psoc creator/import/gnu/arm/5.4.1/bin/../lib/gcc/arm-none-eabi/5.4.1/../../../../arm-none-eabi/lib/armv6-m\libg_nano.a(lib_a-errno.o)
                              .\CortexM0p\ARM_GCC_541\Debug\Cm0plusStart.o (__errno)
c:/program files (x86)/cypress/psoc creator/4.4/psoc creator/import/gnu/arm/5.4.1/bin/../lib/gcc/arm-none-eabi/5.4.1/../../../../arm-none-eabi/lib/armv6-m\libg_nano.a(lib_a-exit.o)
                              c:/program files (x86)/cypress/psoc creator/4.4/psoc creator/import/gnu/arm/5.4.1/bin/../lib/gcc/arm-none-eabi/5.4.1/../../../../arm-none-eabi/lib/armv6-m/crt0.o (exit)
c:/program files (x86)/cypress/psoc creator/4.4/psoc creator/import/gnu/arm/5.4.1/bin/../lib/gcc/arm-none-eabi/5.4.1/../../../../arm-none-eabi/lib/armv6-m\libg_nano.a(lib_a-impure.o)
[...]
Memory Configuration

Name             Origin             Length             Attributes
rom              0x00000000         0x00008000         xr
ram              0x20000000         0x00001000         xrw
*default*        0x00000000         0xffffffff

Linker script and memory map

LOAD c:/program files (x86)/cypress/psoc creator/4.4/psoc creator/import/gnu/arm/5.4.1/bin/../lib/gcc/arm-none-eabi/5.4.1/armv6-m/crti.o
LOAD c:/program files (x86)/cypress/psoc creator/4.4/psoc creator/import/gnu/arm/5.4.1/bin/../lib/gcc/arm-none-eabi/5.4.1/armv6-m/crtbegin.o
LOAD c:/program files (x86)/cypress/psoc creator/4.4/psoc creator/import/gnu/arm/5.4.1/bin/../lib/gcc/arm-none-eabi/5.4.1/../../../../arm-none-eabi/lib/armv6-m/crt0.o
START GROUP
LOAD .\CortexM0p\ARM_GCC_541\Debug\main.o
LOAD .\CortexM0p\ARM_GCC_541\Debug\cyfitter_cfg.o
LOAD .\CortexM0p\ARM_GCC_541\Debug\cybootloader.o
LOAD .\CortexM0p\ARM_GCC_541\Debug\cymetadata.o
LOAD .\CortexM0p\ARM_GCC_541\Debug\Cm0plusStart.o
LOAD .\CortexM0p\ARM_GCC_541\Debug\ADC.a
LOAD C:\Program Files (x86)\Cypress\PSoC Creator\4.4\PSoC Creator\psoc\content\CyComponentLibrary\CyComponentLibrary.cylib\CapSense_P4_v7_0\PSoC4\Library\Capsense_P4Library_GCCp.a
END GROUP
START GROUP
LOAD c:/program files (x86)/cypress/psoc creator/4.4/psoc creator/import/gnu/arm/5.4.1/bin/../lib/gcc/arm-none-eabi/5.4.1/armv6-m\libgcc.a
LOAD c:/program files (x86)/cypress/psoc creator/4.4/psoc creator/import/gnu/arm/5.4.1/bin/../lib/gcc/arm-none-eabi/5.4.1/../../../../arm-none-eabi/lib/armv6-m\libg_nano.a
LOAD c:/program files (x86)/cypress/psoc creator/4.4/psoc creator/import/gnu/arm/5.4.1/bin/../lib/gcc/arm-none-eabi/5.4.1/../../../../arm-none-eabi/lib/armv6-m\libc_nano.a
END GROUP
START GROUP
LOAD c:/program files (x86)/cypress/psoc creator/4.4/psoc creator/import/gnu/arm/5.4.1/bin/../lib/gcc/arm-none-eabi/5.4.1/armv6-m\libgcc.a
LOAD c:/program files (x86)/cypress/psoc creator/4.4/psoc creator/import/gnu/arm/5.4.1/bin/../lib/gcc/arm-none-eabi/5.4.1/../../../../arm-none-eabi/lib/armv6-m\libc_nano.a
END GROUP
LOAD c:/program files (x86)/cypress/psoc creator/4.4/psoc creator/import/gnu/arm/5.4.1/bin/../lib/gcc/arm-none-eabi/5.4.1/armv6-m/crtend.o
LOAD c:/program files (x86)/cypress/psoc creator/4.4/psoc creator/import/gnu/arm/5.4.1/bin/../lib/gcc/arm-none-eabi/5.4.1/armv6-m/crtn.o
START GROUP
LOAD c:/program files (x86)/cypress/psoc creator/4.4/psoc creator/import/gnu/arm/5.4.1/bin/../lib/gcc/arm-none-eabi/5.4.1/armv6-m\libgcc.a
LOAD c:/program files (x86)/cypress/psoc creator/4.4/psoc creator/import/gnu/arm/5.4.1/bin/../lib/gcc/arm-none-eabi/5.4.1/../../../../arm-none-eabi/lib/armv6-m\libc.a
LOAD c:/program files (x86)/cypress/psoc creator/4.4/psoc creator/import/gnu/arm/5.4.1/bin/../lib/gcc/arm-none-eabi/5.4.1/../../../../arm-none-eabi/lib/armv6-m\libnosys.a
END GROUP
                0x00000000                CY_APPL_ORIGIN = 0x0
                0x00000080                CY_FLASH_ROW_SIZE = 0x80
                0x00000001                CY_APPL_NUM = 0x1
                0x00000001                CY_APPL_MAX = 0x1
                0x00000040                CY_METADATA_SIZE = 0x40
                0x00000001                CY_APPL_LOADABLE = 0x1
                0x00000000                CY_CHECKSUM_EXCLUDE_SIZE = ALIGN (0x0, CY_FLASH_ROW_SIZE)
                0x00000000                CY_APP_FOR_STACK_AND_COPIER = 0x0
                [!provide]                PROVIDE (__cy_heap_start, _end)
                0x00000001                PROVIDE (__cy_region_num, ((__cy_regions_end - __cy_regions) / 0x10))
                0x20001000                PROVIDE (__cy_stack, (ORIGIN (ram) + LENGTH (ram)))
                [!provide]                PROVIDE (__cy_heap_end, (__cy_stack - 0x400))

.cybootloader   0x00000000     0x1500
 *(.cybootloader)
 .cybootloader  0x00000000     0x1500 .\CortexM0p\ARM_GCC_541\Debug\cybootloader.o
                0x00000000                cy_bootloader
                0x00001500                appl1_start = CY_APPL_ORIGIN?CY_APPL_ORIGIN:ALIGN (CY_FLASH_ROW_SIZE)
                0x00004a00                appl2_start = (appl1_start + ALIGN ((((LENGTH (rom) - appl1_start) - (0x2 * CY_FLASH_ROW_SIZE)) / 0x2), CY_FLASH_ROW_SIZE))
                0x00001500                appl_start = (CY_APPL_NUM == 0x1)?appl1_start:appl2_start
                0x00000000                cy_project_type_bootloader = (appl_start == 0x0)?0x1:0x0
                0x00000000                cy_project_type_app_for_stack_and_copier = (CY_APP_FOR_STACK_AND_COPIER == 0x1)?0x1:0x0

.text           0x00001500     0x335a
 CREATE_OBJECT_SYMBOLS
                0x00001500                PROVIDE (__cy_interrupt_vector, RomVectors)
 *(.romvectors)
 .romvectors    0x00001500       0x10 .\CortexM0p\ARM_GCC_541\Debug\Cm0plusStart.o
                0x00001500                RomVectors
                0x00000001                ASSERT ((. != __cy_interrupt_vector), No interrupt vector)
                0x00000001                ASSERT (CY_APPL_ORIGIN?(SIZEOF (.cybootloader) <= CY_APPL_ORIGIN):0x1, Wrong image location)
                0x00001510                PROVIDE (__cy_reset, Reset)
 *(.text.Reset)
 .text.Reset    0x00001510       0x14 .\CortexM0p\ARM_GCC_541\Debug\Cm0plusStart.o
                0x00001510                Reset
                0x00000001                ASSERT ((. != __cy_reset), No reset code)
 *(.psocinit)
 .psocinit      0x00001524       0xc4 .\CortexM0p\ARM_GCC_541\Debug\cyfitter_cfg.o
                0x00001588                cyfitter_cfg
                0x00001600                . = MAX (., 0x100)
 *fill*         0x000015e8       0x18 
 *(.text .text.* .gnu.linkonce.t.*)
 .text          0x00001600       0x60 c:/program files (x86)/cypress/psoc creator/4.4/psoc creator/import/gnu/arm/5.4.1/bin/../lib/gcc/arm-none-eabi/5.4.1/armv6-m/crtbegin.o
 .text.kalmanCDS
                0x00001660       0xa0 .\CortexM0p\ARM_GCC_541\Debug\main.o
                0x00001660                kalmanCDS
 .text.kalmans  0x00001700       0xa0 .\CortexM0p\ARM_GCC_541\Debug\main.o
                0x00001700                kalmans
 .text.main     0x000017a0       0x74 .\CortexM0p\ARM_GCC_541\Debug\main.o
                0x000017a0                main
 .text.AnalogSetDefault
                0x00001814        0xc .\CortexM0p\ARM_GCC_541\Debug\cyfitter_cfg.o
 .text.IntDefaultHandler
                0x00001820       0x10 .\CortexM0p\ARM_GCC_541\Debug\Cm0plusStart.o
                0x00001820                IntDefaultHandler
 .text._sbrk    0x00001830       0x30 .\CortexM0p\ARM_GCC_541\Debug\Cm0plusStart.o
                0x00001830                _sbrk
 .text.Start_c  0x00001860       0x48 .\CortexM0p\ARM_GCC_541\Debug\Cm0plusStart.o
                0x00001860                Start_c
 .text.initialize_psoc
                0x000018a8       0x50 .\CortexM0p\ARM_GCC_541\Debug\Cm0plusStart.o
                0x000018a8                initialize_psoc
 .text.mUART_ScbModePostEnable
                0x000018f8        0x8 .\CortexM0p\ARM_GCC_541\Debug\ADC.a(mUART.o)
 .text.mUART_Init
                0x00001900        0x8 .\CortexM0p\ARM_GCC_541\Debug\ADC.a(mUART.o)
                0x00001900                mUART_Init
 .text.mUART_Enable
                0x00001908       0x18 .\CortexM0p\ARM_GCC_541\Debug\ADC.a(mUART.o)
                0x00001908                mUART_Enable
 .text.mUART_Start
                0x00001920       0x20 .\CortexM0p\ARM_GCC_541\Debug\ADC.a(mUART.o)
                0x00001920                mUART_Start
 .text.mUART_UartInit
                0x00001940       0xa8 .\CortexM0p\ARM_GCC_541\Debug\ADC.a(mUART_UART.o)
                0x00001940                mUART_UartInit
 .text.mUART_UartPostEnable
                0x000019e8       0x24 .\CortexM0p\ARM_GCC_541\Debug\ADC.a(mUART_UART.o)
                0x000019e8                mUART_UartPostEnable
 .text.mUART_UartPutString
                0x00001a0c       0x18 .\CortexM0p\ARM_GCC_541\Debug\ADC.a(mUART_UART.o)
                0x00001a0c                mUART_UartPutString
 .text.CySysClkImoDisableWcoLock
                0x00001a24       0x4c .\CortexM0p\ARM_GCC_541\Debug\ADC.a(CyLib.o)
                0x00001a24                CySysClkImoDisableWcoLock
 .text.CySysClkImoGetWcoLock
                0x00001a70       0x14 .\CortexM0p\ARM_GCC_541\Debug\ADC.a(CyLib.o)
                0x00001a70                CySysClkImoGetWcoLock
 .text.CyHalt   0x00001a84        0x4 .\CortexM0p\ARM_GCC_541\Debug\ADC.a(CyLib.o)
                0x00001a84                CyHalt
 .text.CyDelay  0x00001a88       0x30 .\CortexM0p\ARM_GCC_541\Debug\ADC.a(CyLib.o)
                0x00001a88                CyDelay
 .text.CySysClkImoEnableWcoLock
                0x00001ab8       0xd0 .\CortexM0p\ARM_GCC_541\Debug\ADC.a(CyLib.o)
                0x00001ab8                CySysClkImoEnableWcoLock
 .text.CySysClkWriteImoFreq
                0x00001b88       0xd8 .\CortexM0p\ARM_GCC_541\Debug\ADC.a(CyLib.o)
                0x00001b88                CySysClkWriteImoFreq
 .text.CyDelayUs
                0x00001c60       0x14 .\CortexM0p\ARM_GCC_541\Debug\ADC.a(CyLib.o)
                0x00001c60                CyDelayUs
 .text.CySysClkWcoEnabled
                0x00001c74       0x14 .\CortexM0p\ARM_GCC_541\Debug\ADC.a(CyLFClk.o)
                0x00001c74                CySysClkWcoEnabled
 .text.CySysWdtDisable
                0x00001c88       0x10 .\CortexM0p\ARM_GCC_541\Debug\ADC.a(CyLFClk.o)
                0x00001c88                CySysWdtDisable
 .text.mADC_SetNonDedicatedAdcChannel
                0x00001c98       0xd4 .\CortexM0p\ARM_GCC_541\Debug\ADC.a(mADC_Adc.o)
                0x00001c98                mADC_SetNonDedicatedAdcChannel
 .text.mADC_SetAdcChannel
                0x00001d6c        0x8 .\CortexM0p\ARM_GCC_541\Debug\ADC.a(mADC_Adc.o)
                0x00001d6c                mADC_SetAdcChannel
 .text.mADC_StartAdcFSM
                0x00001d74       0x30 .\CortexM0p\ARM_GCC_541\Debug\ADC.a(mADC_Adc.o)
                0x00001d74                mADC_StartAdcFSM
 .text.mADC_IsBusy
                0x00001da4       0x20 .\CortexM0p\ARM_GCC_541\Debug\ADC.a(mADC_Adc.o)
                0x00001da4                mADC_IsBusy
 .text.mADC_GetResult_mVolts
                0x00001dc4       0x1c .\CortexM0p\ARM_GCC_541\Debug\ADC.a(mADC_Adc.o)
                0x00001dc4                mADC_GetResult_mVolts
 .text.mADC_ClearAdcChannels
                0x00001de0       0x20 .\CortexM0p\ARM_GCC_541\Debug\ADC.a(mADC_Adc.o)
                0x00001de0                mADC_ClearAdcChannels
 .text.mADC_SetModClkClockDivider
                0x00001e00       0x30 .\CortexM0p\ARM_GCC_541\Debug\ADC.a(mADC_Adc.o)
                0x00001e00                mADC_SetModClkClockDivider
 .text.mADC_ConfigAdcResources
                0x00001e30      0x120 .\CortexM0p\ARM_GCC_541\Debug\ADC.a(mADC_Adc.o)
                0x00001e30                mADC_ConfigAdcResources
 .text.mADC_AdcCaptureResources
                0x00001f50       0x18 .\CortexM0p\ARM_GCC_541\Debug\ADC.a(mADC_Adc.o)
                0x00001f50                mADC_AdcCaptureResources
 .text.mADC_Calibrate
                0x00001f68       0xa8 .\CortexM0p\ARM_GCC_541\Debug\ADC.a(mADC_Adc.o)
                0x00001f68                mADC_Calibrate
 .text.mADC_Start
                0x00002010       0x20 .\CortexM0p\ARM_GCC_541\Debug\ADC.a(mADC_Adc.o)
                0x00002010                mADC_Start
 .text.mADC_StartConvert
                0x00002030       0x7c .\CortexM0p\ARM_GCC_541\Debug\ADC.a(mADC_Adc.o)
                0x00002030                mADC_StartConvert
 .text.mADC_IntrHandler
                0x000020ac      0x198 .\CortexM0p\ARM_GCC_541\Debug\ADC.a(mADC_Adc_INT.o)
                0x000020ac                mADC_IntrHandler
 .text.mADC_DsInitialize
                0x00002244       0x20 .\CortexM0p\ARM_GCC_541\Debug\ADC.a(mADC_Structure.o)
                0x00002244                mADC_DsInitialize
 .text.mADC_ISR_SetVector
                0x00002264        0xc .\CortexM0p\ARM_GCC_541\Debug\ADC.a(mADC_ISR.o)
                0x00002264                mADC_ISR_SetVector
 .text.mADC_ISR_SetPriority
                0x00002270       0x24 .\CortexM0p\ARM_GCC_541\Debug\ADC.a(mADC_ISR.o)
                0x00002270                mADC_ISR_SetPriority
 .text.mADC_ISR_Enable
                0x00002294       0x10 .\CortexM0p\ARM_GCC_541\Debug\ADC.a(mADC_ISR.o)
                0x00002294                mADC_ISR_Enable
 .text.mADC_ISR_Disable
                0x000022a4       0x10 .\CortexM0p\ARM_GCC_541\Debug\ADC.a(mADC_ISR.o)
                0x000022a4                mADC_ISR_Disable
 .text.mADC_ISR_StartEx
                0x000022b4       0x1c .\CortexM0p\ARM_GCC_541\Debug\ADC.a(mADC_ISR.o)
                0x000022b4                mADC_ISR_StartEx
 .text          0x000022d0       0x20 .\CortexM0p\ARM_GCC_541\Debug\ADC.a(CyBootAsmGnu.o)
                0x000022d0                CyDelayCycles
                0x000022e2                CyEnterCriticalSection
                0x000022ea                CyExitCriticalSection
 .text.mUART_SpiUartWriteTxData
                0x000022f0       0x1c .\CortexM0p\ARM_GCC_541\Debug\ADC.a(mUART_SPI_UART.o)
                0x000022f0                mUART_SpiUartWriteTxData
 .text.CySysFlashSetWaitCycles
                0x0000230c       0x54 .\CortexM0p\ARM_GCC_541\Debug\ADC.a(CyFlash.o)
                0x0000230c                CySysFlashSetWaitCycles
 .text          0x00002360      0x114 c:/program files (x86)/cypress/psoc creator/4.4/psoc creator/import/gnu/arm/5.4.1/bin/../lib/gcc/arm-none-eabi/5.4.1/armv6-m\libgcc.a(_udivsi3.o)
                0x00002360                __aeabi_uidiv
                0x00002360                __udivsi3
                0x0000246c                __aeabi_uidivmod
 .text          0x00002474      0x1d4 c:/program files (x86)/cypress/psoc creator/4.4/psoc creator/import/gnu/arm/5.4.1/bin/../lib/gcc/arm-none-eabi/5.4.1/armv6-m\libgcc.a(_divsi3.o)
                0x00002474                __divsi3
                0x00002474                __aeabi_idiv
                0x00002640                __aeabi_idivmod
 .text          0x00002648        0x4 c:/program files (x86)/cypress/psoc creator/4.4/psoc creator/import/gnu/arm/5.4.1/bin/../lib/gcc/arm-none-eabi/5.4.1/armv6-m\libgcc.a(_dvmd_tls.o)
                0x00002648                __aeabi_idiv0
                0x00002648                __aeabi_ldiv0
 .text          0x0000264c      0x658 c:/program files (x86)/cypress/psoc creator/4.4/psoc creator/import/gnu/arm/5.4.1/bin/../lib/gcc/arm-none-eabi/5.4.1/armv6-m\libgcc.a(adddf3.o)
                0x0000264c                __aeabi_dadd
 .text          0x00002ca4      0x62c c:/program files (x86)/cypress/psoc creator/4.4/psoc creator/import/gnu/arm/5.4.1/bin/../lib/gcc/arm-none-eabi/5.4.1/armv6-m\libgcc.a(divdf3.o)
                0x00002ca4                __aeabi_ddiv
 .text          0x000032d0      0x4f4 c:/program files (x86)/cypress/psoc creator/4.4/psoc creator/import/gnu/arm/5.4.1/bin/../lib/gcc/arm-none-eabi/5.4.1/armv6-m\libgcc.a(muldf3.o)
                0x000032d0                __aeabi_dmul
 .text          0x000037c4      0x6a8 c:/program files (x86)/cypress/psoc creator/4.4/psoc creator/import/gnu/arm/5.4.1/bin/../lib/gcc/arm-none-eabi/5.4.1/armv6-m\libgcc.a(subdf3.o)
                0x000037c4                __aeabi_dsub
 .text          0x00003e6c       0x6c c:/program files (x86)/cypress/psoc creator/4.4/psoc creator/import/gnu/arm/5.4.1/bin/../lib/gcc/arm-none-eabi/5.4.1/armv6-m\libgcc.a(fixdfsi.o)
                0x00003e6c                __aeabi_d2iz
 .text          0x00003ed8       0x84 c:/program files (x86)/cypress/psoc creator/4.4/psoc creator/import/gnu/arm/5.4.1/bin/../lib/gcc/arm-none-eabi/5.4.1/armv6-m\libgcc.a(floatsidf.o)
                0x00003ed8                __aeabi_i2d
 .text          0x00003f5c       0x3c c:/program files (x86)/cypress/psoc creator/4.4/psoc creator/import/gnu/arm/5.4.1/bin/../lib/gcc/arm-none-eabi/5.4.1/armv6-m\libgcc.a(_clzsi2.o)
                0x00003f5c                __clzsi2
 .text.__errno  0x00003f98        0xc c:/program files (x86)/cypress/psoc creator/4.4/psoc creator/import/gnu/arm/5.4.1/bin/../lib/gcc/arm-none-eabi/5.4.1/../../../../arm-none-eabi/lib/armv6-m\libg_nano.a(lib_a-errno.o)
                0x00003f98                __errno
 .text.__libc_init_array
                0x00003fa4       0x4c c:/program files (x86)/cypress/psoc creator/4.4/psoc creator/import/gnu/arm/5.4.1/bin/../lib/gcc/arm-none-eabi/5.4.1/../../../../arm-none-eabi/lib/armv6-m\libg_nano.a(lib_a-init.o)
                0x00003fa4                __libc_init_array
 .text.memcpy   0x00003ff0       0x12 c:/program files (x86)/cypress/psoc creator/4.4/psoc creator/import/gnu/arm/5.4.1/bin/../lib/gcc/arm-none-eabi/5.4.1/../../../../arm-none-eabi/lib/armv6-m\libg_nano.a(lib_a-memcpy-stub.o)
                0x00003ff0                memcpy
 .text.memset   0x00004002       0x10 c:/program files (x86)/cypress/psoc creator/4.4/psoc creator/import/gnu/arm/5.4.1/bin/../lib/gcc/arm-none-eabi/5.4.1/../../../../arm-none-eabi/lib/armv6-m\libg_nano.a(lib_a-memset.o)
                0x00004002                memset
 *fill*         0x00004012        0x2 
 .text.sprintf  0x00004014       0x44 c:/program files (x86)/cypress/psoc creator/4.4/psoc creator/import/gnu/arm/5.4.1/bin/../lib/gcc/arm-none-eabi/5.4.1/../../../../arm-none-eabi/lib/armv6-m\libg_nano.a(lib_a-sprintf.o)
                0x00004014                siprintf
                0x00004014                sprintf
 .text.__ssputs_r
                0x00004058       0xc4 c:/program files (x86)/cypress/psoc creator/4.4/psoc creator/import/gnu/arm/5.4.1/bin/../lib/gcc/arm-none-eabi/5.4.1/../../../../arm-none-eabi/lib/armv6-m\libg_nano.a(lib_a-nano-svfprintf.o)
                0x00004058                __ssputs_r
 .text._svfprintf_r
                0x0000411c      0x1fc c:/program files (x86)/cypress/psoc creator/4.4/psoc creator/import/gnu/arm/5.4.1/bin/../lib/gcc/arm-none-eabi/5.4.1/../../../../arm-none-eabi/lib/armv6-m\libg_nano.a(lib_a-nano-svfprintf.o)
                0x0000411c                _svfiprintf_r
                0x0000411c                _svfprintf_r
 .text._printf_common
                0x00004318       0xdc c:/program files (x86)/cypress/psoc creator/4.4/psoc creator/import/gnu/arm/5.4.1/bin/../lib/gcc/arm-none-eabi/5.4.1/../../../../arm-none-eabi/lib/armv6-m\libg_nano.a(lib_a-nano-vfprintf_i.o)
                0x00004318                _printf_common
 .text._printf_i
                0x000043f4      0x244 c:/program files (x86)/cypress/psoc creator/4.4/psoc creator/import/gnu/arm/5.4.1/bin/../lib/gcc/arm-none-eabi/5.4.1/../../../../arm-none-eabi/lib/armv6-m\libg_nano.a(lib_a-nano-vfprintf_i.o)
                0x000043f4                _printf_i
 .text.memchr   0x00004638       0x16 c:/program files (x86)/cypress/psoc creator/4.4/psoc creator/import/gnu/arm/5.4.1/bin/../lib/gcc/arm-none-eabi/5.4.1/../../../../arm-none-eabi/lib/armv6-m\libg_nano.a(lib_a-memchr-stub.o)
                0x00004638                memchr
 .text.memmove  0x0000464e       0x2a c:/program files (x86)/cypress/psoc creator/4.4/psoc creator/import/gnu/arm/5.4.1/bin/../lib/gcc/arm-none-eabi/5.4.1/../../../../arm-none-eabi/lib/armv6-m\libg_nano.a(lib_a-memmove.o)
                0x0000464e                memmove
 .text._free_r  0x00004678       0x98 c:/program files (x86)/cypress/psoc creator/4.4/psoc creator/import/gnu/arm/5.4.1/bin/../lib/gcc/arm-none-eabi/5.4.1/../../../../arm-none-eabi/lib/armv6-m\libg_nano.a(lib_a-nano-freer.o)
                0x00004678                _free_r
 .text._malloc_r
                0x00004710       0xc0 c:/program files (x86)/cypress/psoc creator/4.4/psoc creator/import/gnu/arm/5.4.1/bin/../lib/gcc/arm-none-eabi/5.4.1/../../../../arm-none-eabi/lib/armv6-m\libg_nano.a(lib_a-nano-mallocr.o)
                0x00004710                _malloc_r
 .text._realloc_r
                0x000047d0       0x4c c:/program files (x86)/cypress/psoc creator/4.4/psoc creator/import/gnu/arm/5.4.1/bin/../lib/gcc/arm-none-eabi/5.4.1/../../../../arm-none-eabi/lib/armv6-m\libg_nano.a(lib_a-nano-reallocr.o)
                0x000047d0                _realloc_r
 .text._sbrk_r  0x0000481c       0x24 c:/program files (x86)/cypress/psoc creator/4.4/psoc creator/import/gnu/arm/5.4.1/bin/../lib/gcc/arm-none-eabi/5.4.1/../../../../arm-none-eabi/lib/armv6-m\libg_nano.a(lib_a-sbrkr.o)
                0x0000481c                _sbrk_r
 .text.__malloc_lock
                0x00004840        0x2 c:/program files (x86)/cypress/psoc creator/4.4/psoc creator/import/gnu/arm/5.4.1/bin/../lib/gcc/arm-none-eabi/5.4.1/../../../../arm-none-eabi/lib/armv6-m\libg_nano.a(lib_a-mlock.o)
                0x00004840                __malloc_lock
 .text.__malloc_unlock
                0x00004842        0x2 c:/program files (x86)/cypress/psoc creator/4.4/psoc creator/import/gnu/arm/5.4.1/bin/../lib/gcc/arm-none-eabi/5.4.1/../../../../arm-none-eabi/lib/armv6-m\libg_nano.a(lib_a-mlock.o)
                0x00004842                __malloc_unlock
 .text._malloc_usable_size_r
                0x00004844       0x16 c:/program files (x86)/cypress/psoc creator/4.4/psoc creator/import/gnu/arm/5.4.1/bin/../lib/gcc/arm-none-eabi/5.4.1/../../../../arm-none-eabi/lib/armv6-m\libg_nano.a(lib_a-nano-msizer.o)
                0x00004844                _malloc_usable_size_r
 *(.plt)
 *(.gnu.warning)
 *(.glue_7t)
 .glue_7t       0x0000485a        0x0 linker stubs
 *(.glue_7)
 .glue_7        0x0000485a        0x0 linker stubs
 *(.vfp11_veneer)
 .vfp11_veneer  0x0000485a        0x0 linker stubs
 *(.bootloader)
 *(.ARM.extab* .gnu.linkonce.armextab.*)
 *(.gcc_except_table)

.v4_bx          0x0000485c        0x0
 .v4_bx         0x0000485c        0x0 linker stubs

.iplt           0x0000485c        0x0
 .iplt          0x0000485c        0x0 c:/program files (x86)/cypress/psoc creator/4.4/psoc creator/import/gnu/arm/5.4.1/bin/../lib/gcc/arm-none-eabi/5.4.1/armv6-m/crtbegin.o

.eh_frame_hdr
 *(.eh_frame_hdr)

.eh_frame       0x0000485c        0x4
 *(.eh_frame)
 .eh_frame      0x0000485c        0x0 c:/program files (x86)/cypress/psoc creator/4.4/psoc creator/import/gnu/arm/5.4.1/bin/../lib/gcc/arm-none-eabi/5.4.1/armv6-m/crtbegin.o
 .eh_frame      0x0000485c        0x4 c:/program files (x86)/cypress/psoc creator/4.4/psoc creator/import/gnu/arm/5.4.1/bin/../lib/gcc/arm-none-eabi/5.4.1/armv6-m/crtend.o
                [!provide]                PROVIDE (__exidx_start, .)

.ARM.exidx
 *(.ARM.exidx* .gnu.linkonce.armexidx.*)
                0x00004860                __exidx_end = .

.rodata         0x00004860      0x130
 *(.rodata .rodata.* .gnu.linkonce.r.*)
 .rodata.str1.4
                0x00004860        0xc .\CortexM0p\ARM_GCC_541\Debug\main.o
 .rodata        0x0000486c       0x38 .\CortexM0p\ARM_GCC_541\Debug\ADC.a(mADC_Structure.o)
                0x0000486c                mADC_adcIoList
 .rodata        0x000048a4       0x40 c:/program files (x86)/cypress/psoc creator/4.4/psoc creator/import/gnu/arm/5.4.1/bin/../lib/gcc/arm-none-eabi/5.4.1/armv6-m\libgcc.a(divdf3.o)
 .rodata        0x000048e4       0x40 c:/program files (x86)/cypress/psoc creator/4.4/psoc creator/import/gnu/arm/5.4.1/bin/../lib/gcc/arm-none-eabi/5.4.1/armv6-m\libgcc.a(muldf3.o)
 .rodata.str1.1
                0x00004924        0x2 c:/program files (x86)/cypress/psoc creator/4.4/psoc creator/import/gnu/arm/5.4.1/bin/../lib/gcc/arm-none-eabi/5.4.1/../../../../arm-none-eabi/lib/armv6-m\libg_nano.a(lib_a-impure.o)
 .rodata.str1.1
                0x00004926       0x11 c:/program files (x86)/cypress/psoc creator/4.4/psoc creator/import/gnu/arm/5.4.1/bin/../lib/gcc/arm-none-eabi/5.4.1/../../../../arm-none-eabi/lib/armv6-m\libg_nano.a(lib_a-nano-svfprintf.o)
 .rodata.str1.1
                0x00004937       0x22 c:/program files (x86)/cypress/psoc creator/4.4/psoc creator/import/gnu/arm/5.4.1/bin/../lib/gcc/arm-none-eabi/5.4.1/../../../../arm-none-eabi/lib/armv6-m\libg_nano.a(lib_a-nano-vfprintf_i.o)
                0x0000495c                . = ALIGN (0x4)
 *fill*         0x00004959        0x3 
 *(.init)
 .init          0x0000495c        0x4 c:/program files (x86)/cypress/psoc creator/4.4/psoc creator/import/gnu/arm/5.4.1/bin/../lib/gcc/arm-none-eabi/5.4.1/armv6-m/crti.o
                0x0000495c                _init
 .init          0x00004960        0x8 c:/program files (x86)/cypress/psoc creator/4.4/psoc creator/import/gnu/arm/5.4.1/bin/../lib/gcc/arm-none-eabi/5.4.1/armv6-m/crtn.o
                0x00004968                . = ALIGN (0x4)
                0x00004968                __preinit_array_start = .
 *(.preinit_array)
                0x00004968                __preinit_array_end = .
                0x00004968                . = ALIGN (0x4)
                0x00004968                __init_array_start = .
 *(SORT(.init_array.*))
 *(.init_array)
 .init_array    0x00004968        0x4 c:/program files (x86)/cypress/psoc creator/4.4/psoc creator/import/gnu/arm/5.4.1/bin/../lib/gcc/arm-none-eabi/5.4.1/armv6-m/crtbegin.o
 .init_array    0x0000496c        0x4 .\CortexM0p\ARM_GCC_541\Debug\Cm0plusStart.o
                0x00004970                __init_array_end = .
                0x00004970                . = ALIGN (0x4)
 *(.fini)
 .fini          0x00004970        0x4 c:/program files (x86)/cypress/psoc creator/4.4/psoc creator/import/gnu/arm/5.4.1/bin/../lib/gcc/arm-none-eabi/5.4.1/armv6-m/crti.o
                0x00004970                _fini
 .fini          0x00004974        0x8 c:/program files (x86)/cypress/psoc creator/4.4/psoc creator/import/gnu/arm/5.4.1/bin/../lib/gcc/arm-none-eabi/5.4.1/armv6-m/crtn.o
                0x0000497c                . = ALIGN (0x4)
                0x0000497c                __fini_array_start = .
 *(.fini_array)
 .fini_array    0x0000497c        0x4 c:/program files (x86)/cypress/psoc creator/4.4/psoc creator/import/gnu/arm/5.4.1/bin/../lib/gcc/arm-none-eabi/5.4.1/armv6-m/crtbegin.o
 *(SORT(.fini_array.*))
                0x00004980                __fini_array_end = .
                0x00004980                . = ALIGN (0x4)
 *crtbegin.o(.ctors)
 *(EXCLUDE_FILE(*crtend.o) .ctors)
 *(SORT(.ctors.*))
 *crtend.o(.ctors)
                0x00004980                . = ALIGN (0x4)
 *crtbegin.o(.dtors)
 *(EXCLUDE_FILE(*crtend.o) .dtors)
 *(SORT(.dtors.*))
 *crtend.o(.dtors)
                0x00004980                . = ALIGN (0x4)
                0x00004980                __cy_regions = .
                0x00004980        0x4 LONG 0x4990 __cy_region_init_ram
                0x00004984        0x4 LONG 0x20000088 __cy_region_start_data
                0x00004988        0x4 LONG 0x98 __cy_region_init_size_ram
                0x0000498c        0x4 LONG 0x60 __cy_region_zero_size_ram
                0x00004990                __cy_regions_end = .
                0x00004990                . = ALIGN (0x8)
                0x00004990                _etext = .

.ramvectors     0x20000000       0x80
                0x20000000                __cy_region_start_ram = .
 *(.ramvectors)
 .ramvectors    0x20000000       0x80 .\CortexM0p\ARM_GCC_541\Debug\Cm0plusStart.o
                0x20000000                CyRamVectors

.btldr_run      0x20000080        0x4
 *(.bootloaderruntype)
 .bootloaderruntype
                0x20000080        0x4 .\CortexM0p\ARM_GCC_541\Debug\Cm0plusStart.o
                0x20000080                cyBtldrRunType

.noinit
 *(.noinit)

.data           0x20000088       0x98 load address 0x00004990
                0x20000088                __cy_region_start_data = .
 *(.jcr)
 .jcr           0x20000088        0x0 c:/program files (x86)/cypress/psoc creator/4.4/psoc creator/import/gnu/arm/5.4.1/bin/../lib/gcc/arm-none-eabi/5.4.1/armv6-m/crtbegin.o
 .jcr           0x20000088        0x4 c:/program files (x86)/cypress/psoc creator/4.4/psoc creator/import/gnu/arm/5.4.1/bin/../lib/gcc/arm-none-eabi/5.4.1/armv6-m/crtend.o
 *(.got.plt)
 *(.got)
 *(.shdata)
 *(.data .data.* .gnu.linkonce.d.*)
 *fill*         0x2000008c        0x4 
 .data          0x20000090       0x10 .\CortexM0p\ARM_GCC_541\Debug\main.o
 .data          0x200000a0        0x4 .\CortexM0p\ARM_GCC_541\Debug\Cm0plusStart.o
 .data          0x200000a4       0x14 .\CortexM0p\ARM_GCC_541\Debug\ADC.a(CyLib.o)
                0x200000a4                CySysClkPumpConfig
                0x200000a8                cydelay32kMs
                0x200000ac                cydelayFreqKhz
                0x200000b0                cydelayFreqMhz
                0x200000b4                cydelayFreqHz
 .data          0x200000b8        0x2 .\CortexM0p\ARM_GCC_541\Debug\ADC.a(mADC_Adc.o)
                0x200000b8                mADC_adcVrefMv
 *fill*         0x200000ba        0x2 
 .data.impure_data
                0x200000bc       0x60 c:/program files (x86)/cypress/psoc creator/4.4/psoc creator/import/gnu/arm/5.4.1/bin/../lib/gcc/arm-none-eabi/5.4.1/../../../../arm-none-eabi/lib/armv6-m\libg_nano.a(lib_a-impure.o)
 .data._impure_ptr
                0x2000011c        0x4 c:/program files (x86)/cypress/psoc creator/4.4/psoc creator/import/gnu/arm/5.4.1/bin/../lib/gcc/arm-none-eabi/5.4.1/../../../../arm-none-eabi/lib/armv6-m\libg_nano.a(lib_a-impure.o)
                0x2000011c                _impure_ptr
                0x20000120                . = ALIGN (0x8)
 *(.ram)
                0x20000120                _edata = .

.igot.plt       0x20000120        0x0 load address 0x00004a28
 .igot.plt      0x20000120        0x0 c:/program files (x86)/cypress/psoc creator/4.4/psoc creator/import/gnu/arm/5.4.1/bin/../lib/gcc/arm-none-eabi/5.4.1/armv6-m/crtbegin.o

.bss            0x20000120       0x60 load address 0x00004a28
                0x20000120                PROVIDE (__bss_start__, .)
 *(.shbss)
 *(.bss .bss.* .gnu.linkonce.b.*)
 .bss           0x20000120       0x1c c:/program files (x86)/cypress/psoc creator/4.4/psoc creator/import/gnu/arm/5.4.1/bin/../lib/gcc/arm-none-eabi/5.4.1/armv6-m/crtbegin.o
 *fill*         0x2000013c        0x4 
 .bss           0x20000140       0x10 .\CortexM0p\ARM_GCC_541\Debug\main.o
 .bss           0x20000150        0x4 .\CortexM0p\ARM_GCC_541\Debug\ADC.a(mUART.o)
                0x20000150                mUART_initVar
                0x20000152                mUART_IntrTxMask
 .bss           0x20000154        0x1 .\CortexM0p\ARM_GCC_541\Debug\ADC.a(mADC_Adc.o)
 *fill*         0x20000155        0x1 
 .bss           0x20000156        0xa .\CortexM0p\ARM_GCC_541\Debug\ADC.a(mADC_Adc_INT.o)
 .bss.__malloc_sbrk_start
                0x20000160        0x4 c:/program files (x86)/cypress/psoc creator/4.4/psoc creator/import/gnu/arm/5.4.1/bin/../lib/gcc/arm-none-eabi/5.4.1/../../../../arm-none-eabi/lib/armv6-m\libg_nano.a(lib_a-nano-mallocr.o)
                0x20000160                __malloc_sbrk_start
 .bss.__malloc_free_list
                0x20000164        0x4 c:/program files (x86)/cypress/psoc creator/4.4/psoc creator/import/gnu/arm/5.4.1/bin/../lib/gcc/arm-none-eabi/5.4.1/../../../../arm-none-eabi/lib/armv6-m\libg_nano.a(lib_a-nano-mallocr.o)
                0x20000164                __malloc_free_list
 *(COMMON)
 COMMON         0x20000168        0xe .\CortexM0p\ARM_GCC_541\Debug\ADC.a(mADC_Structure.o)
                0x20000168                mADC_dsRam
 *fill*         0x20000176        0x2 
 COMMON         0x20000178        0x4 c:/program files (x86)/cypress/psoc creator/4.4/psoc creator/import/gnu/arm/5.4.1/bin/../lib/gcc/arm-none-eabi/5.4.1/../../../../arm-none-eabi/lib/armv6-m\libg_nano.a(lib_a-reent.o)
                0x20000178                errno
                0x20000180                . = ALIGN (0x8)
 *fill*         0x2000017c        0x4 
 *(.ram.b)
                0x20000180                _end = .
                0x20000180                __end = .
                0x20000180                PROVIDE (end, .)
                0x20000180                PROVIDE (__bss_end__, .)
                0x00004990                __cy_region_init_ram = LOADADDR (.data)
                0x00000098                __cy_region_init_size_ram = (_edata - ADDR (.data))
                0x00000060                __cy_region_zero_size_ram = (_end - _edata)

.heap           0x20000180       0x80 load address 0x00004a28
                0x20000180                . = _end
                0x20000200                . = (. + 0x80)
 *fill*         0x20000180       0x80 
                0x20000200                __cy_heap_limit = .

.stack          0x20000c00      0x400
                0x20000c00                __cy_stack_limit = .
                0x20001000                . = (. + 0x400)
 *fill*         0x20000c00      0x400 
                0x00000001                ASSERT ((__cy_stack_limit >= __cy_heap_limit), region RAM overflowed with stack)

.cy_checksum_exclude
                0x00007f80        0x0
 *(.cy_checksum_exclude)
                0x00000000                cy_checksum_exclude_size = (CY_APPL_LOADABLE == 0x1)?SIZEOF (.cy_checksum_exclude):0x0
                0x00000001                ASSERT ((cy_checksum_exclude_size <= CY_CHECKSUM_EXCLUDE_SIZE), CY_BOOT: Section .cy_checksum_exclude size exceedes specified limit.)
                0xf0000000                cyloadermeta_start = (cy_project_type_bootloader || cy_project_type_app_for_stack_and_copier)?(LENGTH (rom) - CY_METADATA_SIZE):0xf0000000

.cyloadermeta   0xf0000000       0x40
 *(.cyloadermeta)
 .cyloadermeta  0xf0000000       0x40 .\CortexM0p\ARM_GCC_541\Debug\cybootloader.o
                0xf0000000                cy_meta_loader
                0x00007fc0                cyloadablemeta_start = cy_project_type_app_for_stack_and_copier?((LENGTH (rom) - CY_FLASH_ROW_SIZE) - CY_METADATA_SIZE):((LENGTH (rom) - (CY_FLASH_ROW_SIZE * (CY_APPL_NUM - 0x1))) - CY_METADATA_SIZE)

.cyloadablemeta
                0x00007fc0       0x40
 *(.cyloadablemeta)
 .cyloadablemeta
                0x00007fc0       0x40 .\CortexM0p\ARM_GCC_541\Debug\cymetadata.o
                0x00007fc0                cy_meta_loadable

.cyflashprotect
                0x90400000       0x20
 *(.cyflashprotect)
 .cyflashprotect
                0x90400000       0x20 .\CortexM0p\ARM_GCC_541\Debug\cybootloader.o
                0x90400000                cy_meta_flashprotect

.cymeta         0x90500000        0xc
 *(.cymeta)
 .cymeta        0x90500000        0xc .\CortexM0p\ARM_GCC_541\Debug\cybootloader.o
                0x90500000                cy_metadata

.cychipprotect  0x90600000        0x1
 *(.cychipprotect)
 .cychipprotect
                0x90600000        0x1 .\CortexM0p\ARM_GCC_541\Debug\cybootloader.o
                0x90600000                cy_meta_chipprotect

.rel.dyn        0x00008000        0x0 load address 0x90600004
 .rel.iplt      0x00008000        0x0 c:/program files (x86)/cypress/psoc creator/4.4/psoc creator/import/gnu/arm/5.4.1/bin/../lib/gcc/arm-none-eabi/5.4.1/armv6-m/crtbegin.o

.stab
 *(.stab)

.stabstr
 *(.stabstr)

.debug
 *(.debug)

.line
 *(.line)

.debug_srcinfo
 *(.debug_srcinfo)

.debug_sfnames
 *(.debug_sfnames)

.debug_aranges  0x00000000      0x668
 *(.debug_aranges)
 .debug_aranges
                0x00000000       0x30 .\CortexM0p\ARM_GCC_541\Debug\main.o
 .debug_aranges
                0x00000030       0x38 .\CortexM0p\ARM_GCC_541\Debug\cyfitter_cfg.o
 .debug_aranges
                0x00000068       0x18 .\CortexM0p\ARM_GCC_541\Debug\cybootloader.o
 .debug_aranges
                0x00000080       0x18 .\CortexM0p\ARM_GCC_541\Debug\cymetadata.o
 .debug_aranges
                0x00000098       0x48 .\CortexM0p\ARM_GCC_541\Debug\Cm0plusStart.o
 .debug_aranges
                0x000000e0       0x58 .\CortexM0p\ARM_GCC_541\Debug\ADC.a(mUART.o)
 .debug_aranges
                0x00000138       0x90 .\CortexM0p\ARM_GCC_541\Debug\ADC.a(mUART_UART.o)
 .debug_aranges
                0x000001c8      0x190 .\CortexM0p\ARM_GCC_541\Debug\ADC.a(CyLib.o)
 .debug_aranges
                0x00000358       0xd8 .\CortexM0p\ARM_GCC_541\Debug\ADC.a(CyLFClk.o)
 .debug_aranges
                0x00000430       0xb0 .\CortexM0p\ARM_GCC_541\Debug\ADC.a(mADC_Adc.o)
 .debug_aranges
                0x000004e0       0x20 .\CortexM0p\ARM_GCC_541\Debug\ADC.a(mADC_Adc_INT.o)
 .debug_aranges
                0x00000500       0x20 .\CortexM0p\ARM_GCC_541\Debug\ADC.a(mADC_Structure.o)
 .debug_aranges
                0x00000520       0x80 .\CortexM0p\ARM_GCC_541\Debug\ADC.a(mADC_ISR.o)
 .debug_aranges
                0x000005a0       0x20 .\CortexM0p\ARM_GCC_541\Debug\ADC.a(CyBootAsmGnu.o)
 .debug_aranges
                0x000005c0       0x60 .\CortexM0p\ARM_GCC_541\Debug\ADC.a(mUART_SPI_UART.o)
 .debug_aranges
                0x00000620       0x48 .\CortexM0p\ARM_GCC_541\Debug\ADC.a(CyFlash.o)

.debug_pubnames
 *(.debug_pubnames)

.debug_info     0x00000000     0x363f
 *(.debug_info .gnu.linkonce.wi.*)
 .debug_info    0x00000000      0x2ec .\CortexM0p\ARM_GCC_541\Debug\main.o
 .debug_info    0x000002ec      0x154 .\CortexM0p\ARM_GCC_541\Debug\cyfitter_cfg.o
 .debug_info    0x00000440      0x153 .\CortexM0p\ARM_GCC_541\Debug\cybootloader.o
 .debug_info    0x00000593       0xac .\CortexM0p\ARM_GCC_541\Debug\cymetadata.o
 .debug_info    0x0000063f      0x3bb .\CortexM0p\ARM_GCC_541\Debug\Cm0plusStart.o
 .debug_info    0x000009fa      0x23a .\CortexM0p\ARM_GCC_541\Debug\ADC.a(mUART.o)
 .debug_info    0x00000c34      0x3b5 .\CortexM0p\ARM_GCC_541\Debug\ADC.a(mUART_UART.o)
 .debug_info    0x00000fe9      0xbce .\CortexM0p\ARM_GCC_541\Debug\ADC.a(CyLib.o)
 .debug_info    0x00001bb7      0x444 .\CortexM0p\ARM_GCC_541\Debug\ADC.a(CyLFClk.o)
 .debug_info    0x00001ffb      0x7bb .\CortexM0p\ARM_GCC_541\Debug\ADC.a(mADC_Adc.o)
 .debug_info    0x000027b6      0x28b .\CortexM0p\ARM_GCC_541\Debug\ADC.a(mADC_Adc_INT.o)
 .debug_info    0x00002a41      0x23c .\CortexM0p\ARM_GCC_541\Debug\ADC.a(mADC_Structure.o)
 .debug_info    0x00002c7d      0x305 .\CortexM0p\ARM_GCC_541\Debug\ADC.a(mADC_ISR.o)
 .debug_info    0x00002f82       0x86 .\CortexM0p\ARM_GCC_541\Debug\ADC.a(CyBootAsmGnu.o)
 .debug_info    0x00003008      0x220 .\CortexM0p\ARM_GCC_541\Debug\ADC.a(mUART_SPI_UART.o)
 .debug_info    0x00003228      0x417 .\CortexM0p\ARM_GCC_541\Debug\ADC.a(CyFlash.o)

.debug_abbrev   0x00000000     0x1304
 *(.debug_abbrev)
 .debug_abbrev  0x00000000      0x136 .\CortexM0p\ARM_GCC_541\Debug\main.o
 .debug_abbrev  0x00000136       0xf1 .\CortexM0p\ARM_GCC_541\Debug\cyfitter_cfg.o
 .debug_abbrev  0x00000227       0x77 .\CortexM0p\ARM_GCC_541\Debug\cybootloader.o
 .debug_abbrev  0x0000029e       0x5d .\CortexM0p\ARM_GCC_541\Debug\cymetadata.o
 .debug_abbrev  0x000002fb      0x1e8 .\CortexM0p\ARM_GCC_541\Debug\Cm0plusStart.o
 .debug_abbrev  0x000004e3       0xd5 .\CortexM0p\ARM_GCC_541\Debug\ADC.a(mUART.o)
 .debug_abbrev  0x000005b8      0x132 .\CortexM0p\ARM_GCC_541\Debug\ADC.a(mUART_UART.o)
 .debug_abbrev  0x000006ea      0x1f5 .\CortexM0p\ARM_GCC_541\Debug\ADC.a(CyLib.o)
 .debug_abbrev  0x000008df      0x1af .\CortexM0p\ARM_GCC_541\Debug\ADC.a(CyLFClk.o)
 .debug_abbrev  0x00000a8e      0x20c .\CortexM0p\ARM_GCC_541\Debug\ADC.a(mADC_Adc.o)
 .debug_abbrev  0x00000c9a       0xf7 .\CortexM0p\ARM_GCC_541\Debug\ADC.a(mADC_Adc_INT.o)
 .debug_abbrev  0x00000d91       0xd8 .\CortexM0p\ARM_GCC_541\Debug\ADC.a(mADC_Structure.o)
 .debug_abbrev  0x00000e69      0x19a .\CortexM0p\ARM_GCC_541\Debug\ADC.a(mADC_ISR.o)
 .debug_abbrev  0x00001003       0x14 .\CortexM0p\ARM_GCC_541\Debug\ADC.a(CyBootAsmGnu.o)
 .debug_abbrev  0x00001017      0x14f .\CortexM0p\ARM_GCC_541\Debug\ADC.a(mUART_SPI_UART.o)
 .debug_abbrev  0x00001166      0x19e .\CortexM0p\ARM_GCC_541\Debug\ADC.a(CyFlash.o)

.debug_line     0x00000000     0x18b4
 *(.debug_line)
 .debug_line    0x00000000      0x132 .\CortexM0p\ARM_GCC_541\Debug\main.o
 .debug_line    0x00000132       0xb7 .\CortexM0p\ARM_GCC_541\Debug\cyfitter_cfg.o
 .debug_line    0x000001e9       0x53 .\CortexM0p\ARM_GCC_541\Debug\cybootloader.o
 .debug_line    0x0000023c      0x141 .\CortexM0p\ARM_GCC_541\Debug\cymetadata.o
 .debug_line    0x0000037d      0x24a .\CortexM0p\ARM_GCC_541\Debug\Cm0plusStart.o
 .debug_line    0x000005c7      0x10a .\CortexM0p\ARM_GCC_541\Debug\ADC.a(mUART.o)
 .debug_line    0x000006d1      0x1d2 .\CortexM0p\ARM_GCC_541\Debug\ADC.a(mUART_UART.o)
 .debug_line    0x000008a3      0x4dc .\CortexM0p\ARM_GCC_541\Debug\ADC.a(CyLib.o)
 .debug_line    0x00000d7f      0x284 .\CortexM0p\ARM_GCC_541\Debug\ADC.a(CyLFClk.o)
 .debug_line    0x00001003      0x2a8 .\CortexM0p\ARM_GCC_541\Debug\ADC.a(mADC_Adc.o)
 .debug_line    0x000012ab       0xd3 .\CortexM0p\ARM_GCC_541\Debug\ADC.a(mADC_Adc_INT.o)
 .debug_line    0x0000137e       0x7e .\CortexM0p\ARM_GCC_541\Debug\ADC.a(mADC_Structure.o)
 .debug_line    0x000013fc      0x154 .\CortexM0p\ARM_GCC_541\Debug\ADC.a(mADC_ISR.o)
 .debug_line    0x00001550       0x68 .\CortexM0p\ARM_GCC_541\Debug\ADC.a(CyBootAsmGnu.o)
 .debug_line    0x000015b8      0x11b .\CortexM0p\ARM_GCC_541\Debug\ADC.a(mUART_SPI_UART.o)
 .debug_line    0x000016d3      0x1e1 .\CortexM0p\ARM_GCC_541\Debug\ADC.a(CyFlash.o)

.debug_frame    0x00000000     0x1364
 *(.debug_frame)
 .debug_frame   0x00000000       0x88 .\CortexM0p\ARM_GCC_541\Debug\main.o
 .debug_frame   0x00000088       0x68 .\CortexM0p\ARM_GCC_541\Debug\cyfitter_cfg.o
 .debug_frame   0x000000f0       0xbc .\CortexM0p\ARM_GCC_541\Debug\Cm0plusStart.o
 .debug_frame   0x000001ac       0xd8 .\CortexM0p\ARM_GCC_541\Debug\ADC.a(mUART.o)
 .debug_frame   0x00000284      0x144 .\CortexM0p\ARM_GCC_541\Debug\ADC.a(mUART_UART.o)
 .debug_frame   0x000003c8      0x418 .\CortexM0p\ARM_GCC_541\Debug\ADC.a(CyLib.o)
 .debug_frame   0x000007e0      0x1dc .\CortexM0p\ARM_GCC_541\Debug\ADC.a(CyLFClk.o)
 .debug_frame   0x000009bc      0x1f0 .\CortexM0p\ARM_GCC_541\Debug\ADC.a(mADC_Adc.o)
 .debug_frame   0x00000bac       0x38 .\CortexM0p\ARM_GCC_541\Debug\ADC.a(mADC_Adc_INT.o)
 .debug_frame   0x00000be4       0x2c .\CortexM0p\ARM_GCC_541\Debug\ADC.a(mADC_Structure.o)
 .debug_frame   0x00000c10      0x110 .\CortexM0p\ARM_GCC_541\Debug\ADC.a(mADC_ISR.o)
 .debug_frame   0x00000d20       0xb0 .\CortexM0p\ARM_GCC_541\Debug\ADC.a(mUART_SPI_UART.o)
 .debug_frame   0x00000dd0       0xa8 .\CortexM0p\ARM_GCC_541\Debug\ADC.a(CyFlash.o)
 .debug_frame   0x00000e78       0x20 c:/program files (x86)/cypress/psoc creator/4.4/psoc creator/import/gnu/arm/5.4.1/bin/../lib/gcc/arm-none-eabi/5.4.1/armv6-m\libgcc.a(_udivsi3.o)
 .debug_frame   0x00000e98       0x20 c:/program files (x86)/cypress/psoc creator/4.4/psoc creator/import/gnu/arm/5.4.1/bin/../lib/gcc/arm-none-eabi/5.4.1/armv6-m\libgcc.a(_divsi3.o)
 .debug_frame   0x00000eb8       0x3c c:/program files (x86)/cypress/psoc creator/4.4/psoc creator/import/gnu/arm/5.4.1/bin/../lib/gcc/arm-none-eabi/5.4.1/armv6-m\libgcc.a(adddf3.o)
 .debug_frame   0x00000ef4       0x3c c:/program files (x86)/cypress/psoc creator/4.4/psoc creator/import/gnu/arm/5.4.1/bin/../lib/gcc/arm-none-eabi/5.4.1/armv6-m\libgcc.a(divdf3.o)
 .debug_frame   0x00000f30       0x3c c:/program files (x86)/cypress/psoc creator/4.4/psoc creator/import/gnu/arm/5.4.1/bin/../lib/gcc/arm-none-eabi/5.4.1/armv6-m\libgcc.a(muldf3.o)
 .debug_frame   0x00000f6c       0x38 c:/program files (x86)/cypress/psoc creator/4.4/psoc creator/import/gnu/arm/5.4.1/bin/../lib/gcc/arm-none-eabi/5.4.1/armv6-m\libgcc.a(subdf3.o)
 .debug_frame   0x00000fa4       0x2c c:/program files (x86)/cypress/psoc creator/4.4/psoc creator/import/gnu/arm/5.4.1/bin/../lib/gcc/arm-none-eabi/5.4.1/armv6-m\libgcc.a(fixdfsi.o)
 .debug_frame   0x00000fd0       0x2c c:/program files (x86)/cypress/psoc creator/4.4/psoc creator/import/gnu/arm/5.4.1/bin/../lib/gcc/arm-none-eabi/5.4.1/armv6-m\libgcc.a(floatsidf.o)
 .debug_frame   0x00000ffc       0x20 c:/program files (x86)/cypress/psoc creator/4.4/psoc creator/import/gnu/arm/5.4.1/bin/../lib/gcc/arm-none-eabi/5.4.1/../../../../arm-none-eabi/lib/armv6-m\libg_nano.a(lib_a-errno.o)
 .debug_frame   0x0000101c       0x28 c:/program files (x86)/cypress/psoc creator/4.4/psoc creator/import/gnu/arm/5.4.1/bin/../lib/gcc/arm-none-eabi/5.4.1/../../../../arm-none-eabi/lib/armv6-m\libg_nano.a(lib_a-exit.o)
 .debug_frame   0x00001044       0x2c c:/program files (x86)/cypress/psoc creator/4.4/psoc creator/import/gnu/arm/5.4.1/bin/../lib/gcc/arm-none-eabi/5.4.1/../../../../arm-none-eabi/lib/armv6-m\libg_nano.a(lib_a-init.o)
 .debug_frame   0x00001070       0x28 c:/program files (x86)/cypress/psoc creator/4.4/psoc creator/import/gnu/arm/5.4.1/bin/../lib/gcc/arm-none-eabi/5.4.1/../../../../arm-none-eabi/lib/armv6-m\libg_nano.a(lib_a-memcpy-stub.o)
 .debug_frame   0x00001098       0x20 c:/program files (x86)/cypress/psoc creator/4.4/psoc creator/import/gnu/arm/5.4.1/bin/../lib/gcc/arm-none-eabi/5.4.1/../../../../arm-none-eabi/lib/armv6-m\libg_nano.a(lib_a-memset.o)
 .debug_frame   0x000010b8       0x50 c:/program files (x86)/cypress/psoc creator/4.4/psoc creator/import/gnu/arm/5.4.1/bin/../lib/gcc/arm-none-eabi/5.4.1/../../../../arm-none-eabi/lib/armv6-m\libg_nano.a(lib_a-sprintf.o)
 .debug_frame   0x00001108       0x74 c:/program files (x86)/cypress/psoc creator/4.4/psoc creator/import/gnu/arm/5.4.1/bin/../lib/gcc/arm-none-eabi/5.4.1/../../../../arm-none-eabi/lib/armv6-m\libg_nano.a(lib_a-nano-svfprintf.o)
 .debug_frame   0x0000117c       0x54 c:/program files (x86)/cypress/psoc creator/4.4/psoc creator/import/gnu/arm/5.4.1/bin/../lib/gcc/arm-none-eabi/5.4.1/../../../../arm-none-eabi/lib/armv6-m\libg_nano.a(lib_a-nano-vfprintf_i.o)
 .debug_frame   0x000011d0       0x20 c:/program files (x86)/cypress/psoc creator/4.4/psoc creator/import/gnu/arm/5.4.1/bin/../lib/gcc/arm-none-eabi/5.4.1/../../../../arm-none-eabi/lib/armv6-m\libg_nano.a(lib_a-memchr-stub.o)
 .debug_frame   0x000011f0       0x28 c:/program files (x86)/cypress/psoc creator/4.4/psoc creator/import/gnu/arm/5.4.1/bin/../lib/gcc/arm-none-eabi/5.4.1/../../../../arm-none-eabi/lib/armv6-m\libg_nano.a(lib_a-memmove.o)
 .debug_frame   0x00001218       0x2c c:/program files (x86)/cypress/psoc creator/4.4/psoc creator/import/gnu/arm/5.4.1/bin/../lib/gcc/arm-none-eabi/5.4.1/../../../../arm-none-eabi/lib/armv6-m\libg_nano.a(lib_a-nano-freer.o)
 .debug_frame   0x00001244       0x2c c:/program files (x86)/cypress/psoc creator/4.4/psoc creator/import/gnu/arm/5.4.1/bin/../lib/gcc/arm-none-eabi/5.4.1/../../../../arm-none-eabi/lib/armv6-m\libg_nano.a(lib_a-nano-mallocr.o)
 .debug_frame   0x00001270       0x30 c:/program files (x86)/cypress/psoc creator/4.4/psoc creator/import/gnu/arm/5.4.1/bin/../lib/gcc/arm-none-eabi/5.4.1/../../../../arm-none-eabi/lib/armv6-m\libg_nano.a(lib_a-nano-reallocr.o)
 .debug_frame   0x000012a0       0x2c c:/program files (x86)/cypress/psoc creator/4.4/psoc creator/import/gnu/arm/5.4.1/bin/../lib/gcc/arm-none-eabi/5.4.1/../../../../arm-none-eabi/lib/armv6-m\libg_nano.a(lib_a-sbrkr.o)
 .debug_frame   0x000012cc       0x30 c:/program files (x86)/cypress/psoc creator/4.4/psoc creator/import/gnu/arm/5.4.1/bin/../lib/gcc/arm-none-eabi/5.4.1/../../../../arm-none-eabi/lib/armv6-m\libg_nano.a(lib_a-mlock.o)
 .debug_frame   0x000012fc       0x20 c:/program files (x86)/cypress/psoc creator/4.4/psoc creator/import/gnu/arm/5.4.1/bin/../lib/gcc/arm-none-eabi/5.4.1/../../../../arm-none-eabi/lib/armv6-m\libg_nano.a(lib_a-nano-msizer.o)
 .debug_frame   0x0000131c       0x48 c:/program files (x86)/cypress/psoc creator/4.4/psoc creator/import/gnu/arm/5.4.1/bin/../lib/gcc/arm-none-eabi/5.4.1/../../../../arm-none-eabi/lib/armv6-m\libg_nano.a(lib_a-reent.o)

.debug_str      0x00000000     0x1661
 *(.debug_str)
 .debug_str     0x00000000      0x1d5 .\CortexM0p\ARM_GCC_541\Debug\main.o
                                0x215 (size before relaxing)
 .debug_str     0x000001d5       0x9e .\CortexM0p\ARM_GCC_541\Debug\cyfitter_cfg.o
                                0x213 (size before relaxing)
 .debug_str     0x00000273       0x78 .\CortexM0p\ARM_GCC_541\Debug\cybootloader.o
                                0x1e7 (size before relaxing)
 .debug_str     0x000002eb       0x3f .\CortexM0p\ARM_GCC_541\Debug\cymetadata.o
                                0x19e (size before relaxing)
 .debug_str     0x0000032a      0x16a .\CortexM0p\ARM_GCC_541\Debug\Cm0plusStart.o
                                0x318 (size before relaxing)
 .debug_str     0x00000494      0x10b .\CortexM0p\ARM_GCC_541\Debug\ADC.a(mUART.o)
                                0x29f (size before relaxing)
 .debug_str     0x0000059f      0x1e7 .\CortexM0p\ARM_GCC_541\Debug\ADC.a(mUART_UART.o)
                                0x3d6 (size before relaxing)
 .debug_str     0x00000786      0x53d .\CortexM0p\ARM_GCC_541\Debug\ADC.a(CyLib.o)
                                0x705 (size before relaxing)
 .debug_str     0x00000cc3      0x2de .\CortexM0p\ARM_GCC_541\Debug\ADC.a(CyLFClk.o)
                                0x4b4 (size before relaxing)
 .debug_str     0x00000fa1      0x2f3 .\CortexM0p\ARM_GCC_541\Debug\ADC.a(mADC_Adc.o)
                                0x52a (size before relaxing)
 .debug_str     0x00001294       0x82 .\CortexM0p\ARM_GCC_541\Debug\ADC.a(mADC_Adc_INT.o)
                                0x2e5 (size before relaxing)
 .debug_str     0x00001316       0x2f .\CortexM0p\ARM_GCC_541\Debug\ADC.a(mADC_Structure.o)
                                0x29a (size before relaxing)
 .debug_str     0x00001345      0x10e .\CortexM0p\ARM_GCC_541\Debug\ADC.a(mADC_ISR.o)
                                0x30e (size before relaxing)
 .debug_str     0x00001453       0xea .\CortexM0p\ARM_GCC_541\Debug\ADC.a(mUART_SPI_UART.o)
                                0x2d2 (size before relaxing)
 .debug_str     0x0000153d      0x124 .\CortexM0p\ARM_GCC_541\Debug\ADC.a(CyFlash.o)
                                0x31c (size before relaxing)

.debug_loc      0x00000000     0x1696
 *(.debug_loc)
 .debug_loc     0x00000000       0x7a .\CortexM0p\ARM_GCC_541\Debug\main.o
 .debug_loc     0x0000007a       0x35 .\CortexM0p\ARM_GCC_541\Debug\cyfitter_cfg.o
 .debug_loc     0x000000af      0x14f .\CortexM0p\ARM_GCC_541\Debug\Cm0plusStart.o
 .debug_loc     0x000001fe       0x7e .\CortexM0p\ARM_GCC_541\Debug\ADC.a(mUART.o)
 .debug_loc     0x0000027c      0x223 .\CortexM0p\ARM_GCC_541\Debug\ADC.a(mUART_UART.o)
 .debug_loc     0x0000049f      0x5d9 .\CortexM0p\ARM_GCC_541\Debug\ADC.a(CyLib.o)
 .debug_loc     0x00000a78      0x354 .\CortexM0p\ARM_GCC_541\Debug\ADC.a(CyLFClk.o)
 .debug_loc     0x00000dcc      0x3d9 .\CortexM0p\ARM_GCC_541\Debug\ADC.a(mADC_Adc.o)
 .debug_loc     0x000011a5      0x21c .\CortexM0p\ARM_GCC_541\Debug\ADC.a(mADC_Adc_INT.o)
 .debug_loc     0x000013c1       0x82 .\CortexM0p\ARM_GCC_541\Debug\ADC.a(mADC_ISR.o)
 .debug_loc     0x00001443       0x96 .\CortexM0p\ARM_GCC_541\Debug\ADC.a(mUART_SPI_UART.o)
 .debug_loc     0x000014d9      0x1bd .\CortexM0p\ARM_GCC_541\Debug\ADC.a(CyFlash.o)

.debug_macinfo
 *(.debug_macinfo)

.debug_ranges   0x00000000      0x548
 *(.debug_ranges)
 .debug_ranges  0x00000000       0x20 .\CortexM0p\ARM_GCC_541\Debug\main.o
 .debug_ranges  0x00000020       0x28 .\CortexM0p\ARM_GCC_541\Debug\cyfitter_cfg.o
 .debug_ranges  0x00000048       0x38 .\CortexM0p\ARM_GCC_541\Debug\Cm0plusStart.o
 .debug_ranges  0x00000080       0x48 .\CortexM0p\ARM_GCC_541\Debug\ADC.a(mUART.o)
 .debug_ranges  0x000000c8       0x80 .\CortexM0p\ARM_GCC_541\Debug\ADC.a(mUART_UART.o)
 .debug_ranges  0x00000148      0x180 .\CortexM0p\ARM_GCC_541\Debug\ADC.a(CyLib.o)
 .debug_ranges  0x000002c8       0xc8 .\CortexM0p\ARM_GCC_541\Debug\ADC.a(CyLFClk.o)
 .debug_ranges  0x00000390       0xa0 .\CortexM0p\ARM_GCC_541\Debug\ADC.a(mADC_Adc.o)
 .debug_ranges  0x00000430       0x10 .\CortexM0p\ARM_GCC_541\Debug\ADC.a(mADC_Adc_INT.o)
 .debug_ranges  0x00000440       0x10 .\CortexM0p\ARM_GCC_541\Debug\ADC.a(mADC_Structure.o)
 .debug_ranges  0x00000450       0x70 .\CortexM0p\ARM_GCC_541\Debug\ADC.a(mADC_ISR.o)
 .debug_ranges  0x000004c0       0x50 .\CortexM0p\ARM_GCC_541\Debug\ADC.a(mUART_SPI_UART.o)
 .debug_ranges  0x00000510       0x38 .\CortexM0p\ARM_GCC_541\Debug\ADC.a(CyFlash.o)

.comment        0x00000000       0x6e
 .comment       0x00000000       0x6e .\CortexM0p\ARM_GCC_541\Debug\main.o
                                 0x6f (size before relaxing)
 .comment       0x0000006e       0x6f .\CortexM0p\ARM_GCC_541\Debug\cyfitter_cfg.o
 .comment       0x0000006e       0x6f .\CortexM0p\ARM_GCC_541\Debug\cybootloader.o
 .comment       0x0000006e       0x6f .\CortexM0p\ARM_GCC_541\Debug\cymetadata.o
 .comment       0x0000006e       0x6f .\CortexM0p\ARM_GCC_541\Debug\Cm0plusStart.o
 .comment       0x0000006e       0x6f .\CortexM0p\ARM_GCC_541\Debug\ADC.a(mUART.o)
 .comment       0x0000006e       0x6f .\CortexM0p\ARM_GCC_541\Debug\ADC.a(mUART_UART.o)
 .comment       0x0000006e       0x6f .\CortexM0p\ARM_GCC_541\Debug\ADC.a(CyLib.o)
 .comment       0x0000006e       0x6f .\CortexM0p\ARM_GCC_541\Debug\ADC.a(CyLFClk.o)
 .comment       0x0000006e       0x6f .\CortexM0p\ARM_GCC_541\Debug\ADC.a(mADC_Adc.o)
 .comment       0x0000006e       0x6f .\CortexM0p\ARM_GCC_541\Debug\ADC.a(mADC_Adc_INT.o)
 .comment       0x0000006e       0x6f .\CortexM0p\ARM_GCC_541\Debug\ADC.a(mADC_Structure.o)
 .comment       0x0000006e       0x6f .\CortexM0p\ARM_GCC_541\Debug\ADC.a(mADC_ISR.o)
 .comment       0x0000006e       0x6f .\CortexM0p\ARM_GCC_541\Debug\ADC.a(mUART_SPI_UART.o)
 .comment       0x0000006e       0x6f .\CortexM0p\ARM_GCC_541\Debug\ADC.a(CyFlash.o)

.debug_weaknames
 *(.debug_weaknames)

.debug_funcnames
 *(.debug_funcnames)

.debug_typenames
 *(.debug_typenames)

.debug_varnames
 *(.debug_varnames)

.note.gnu.arm.ident
 *(.note.gnu.arm.ident)

.ARM.attributes
                0x00000000       0x28
 *(.ARM.attributes)
 .ARM.attributes
                0x00000000       0x1e c:/program files (x86)/cypress/psoc creator/4.4/psoc creator/import/gnu/arm/5.4.1/bin/../lib/gcc/arm-none-eabi/5.4.1/armv6-m/crti.o
 .ARM.attributes
                0x0000001e       0x2c c:/program files (x86)/cypress/psoc creator/4.4/psoc creator/import/gnu/arm/5.4.1/bin/../lib/gcc/arm-none-eabi/5.4.1/armv6-m/crtbegin.o
 .ARM.attributes
                0x0000004a       0x1b c:/program files (x86)/cypress/psoc creator/4.4/psoc creator/import/gnu/arm/5.4.1/bin/../lib/gcc/arm-none-eabi/5.4.1/../../../../arm-none-eabi/lib/armv6-m/crt0.o
 .ARM.attributes
                0x00000065       0x32 .\CortexM0p\ARM_GCC_541\Debug\main.o
 .ARM.attributes
                0x00000097       0x32 .\CortexM0p\ARM_GCC_541\Debug\cyfitter_cfg.o
 .ARM.attributes
                0x000000c9       0x32 .\CortexM0p\ARM_GCC_541\Debug\cybootloader.o
 .ARM.attributes
                0x000000fb       0x32 .\CortexM0p\ARM_GCC_541\Debug\cymetadata.o
 .ARM.attributes
                0x0000012d       0x32 .\CortexM0p\ARM_GCC_541\Debug\Cm0plusStart.o
 .ARM.attributes
                0x0000015f       0x32 .\CortexM0p\ARM_GCC_541\Debug\ADC.a(mUART.o)
 .ARM.attributes
                0x00000191       0x32 .\CortexM0p\ARM_GCC_541\Debug\ADC.a(mUART_UART.o)
 .ARM.attributes
                0x000001c3       0x32 .\CortexM0p\ARM_GCC_541\Debug\ADC.a(CyLib.o)
 .ARM.attributes
                0x000001f5       0x32 .\CortexM0p\ARM_GCC_541\Debug\ADC.a(CyLFClk.o)
 .ARM.attributes
                0x00000227       0x32 .\CortexM0p\ARM_GCC_541\Debug\ADC.a(mADC_Adc.o)
 .ARM.attributes
                0x00000259       0x32 .\CortexM0p\ARM_GCC_541\Debug\ADC.a(mADC_Adc_INT.o)
 .ARM.attributes
                0x0000028b       0x32 .\CortexM0p\ARM_GCC_541\Debug\ADC.a(mADC_Structure.o)
 .ARM.attributes
                0x000002bd       0x32 .\CortexM0p\ARM_GCC_541\Debug\ADC.a(mADC_ISR.o)
 .ARM.attributes
                0x000002ef       0x22 .\CortexM0p\ARM_GCC_541\Debug\ADC.a(CyBootAsmGnu.o)
 .ARM.attributes
                0x00000311       0x32 .\CortexM0p\ARM_GCC_541\Debug\ADC.a(mUART_SPI_UART.o)
 .ARM.attributes
                0x00000343       0x32 .\CortexM0p\ARM_GCC_541\Debug\ADC.a(CyFlash.o)
 .ARM.attributes
                0x00000375       0x1e c:/program files (x86)/cypress/psoc creator/4.4/psoc creator/import/gnu/arm/5.4.1/bin/../lib/gcc/arm-none-eabi/5.4.1/armv6-m\libgcc.a(_udivsi3.o)
 .ARM.attributes
                0x00000393       0x1e c:/program files (x86)/cypress/psoc creator/4.4/psoc creator/import/gnu/arm/5.4.1/bin/../lib/gcc/arm-none-eabi/5.4.1/armv6-m\libgcc.a(_divsi3.o)
 .ARM.attributes
                0x000003b1       0x1e c:/program files (x86)/cypress/psoc creator/4.4/psoc creator/import/gnu/arm/5.4.1/bin/../lib/gcc/arm-none-eabi/5.4.1/armv6-m\libgcc.a(_dvmd_tls.o)
 .ARM.attributes
                0x000003cf       0x2c c:/program files (x86)/cypress/psoc creator/4.4/psoc creator/import/gnu/arm/5.4.1/bin/../lib/gcc/arm-none-eabi/5.4.1/armv6-m\libgcc.a(adddf3.o)
 .ARM.attributes
                0x000003fb       0x2c c:/program files (x86)/cypress/psoc creator/4.4/psoc creator/import/gnu/arm/5.4.1/bin/../lib/gcc/arm-none-eabi/5.4.1/armv6-m\libgcc.a(divdf3.o)
 .ARM.attributes
                0x00000427       0x2c c:/program files (x86)/cypress/psoc creator/4.4/psoc creator/import/gnu/arm/5.4.1/bin/../lib/gcc/arm-none-eabi/5.4.1/armv6-m\libgcc.a(muldf3.o)
 .ARM.attributes
                0x00000453       0x2c c:/program files (x86)/cypress/psoc creator/4.4/psoc creator/import/gnu/arm/5.4.1/bin/../lib/gcc/arm-none-eabi/5.4.1/armv6-m\libgcc.a(subdf3.o)
 .ARM.attributes
                0x0000047f       0x2c c:/program files (x86)/cypress/psoc creator/4.4/psoc creator/import/gnu/arm/5.4.1/bin/../lib/gcc/arm-none-eabi/5.4.1/armv6-m\libgcc.a(fixdfsi.o)
 .ARM.attributes
                0x000004ab       0x2c c:/program files (x86)/cypress/psoc creator/4.4/psoc creator/import/gnu/arm/5.4.1/bin/../lib/gcc/arm-none-eabi/5.4.1/armv6-m\libgcc.a(floatsidf.o)
 .ARM.attributes
                0x000004d7       0x1e c:/program files (x86)/cypress/psoc creator/4.4/psoc creator/import/gnu/arm/5.4.1/bin/../lib/gcc/arm-none-eabi/5.4.1/armv6-m\libgcc.a(_clzsi2.o)
 .ARM.attributes
                0x000004f5       0x2c c:/program files (x86)/cypress/psoc creator/4.4/psoc creator/import/gnu/arm/5.4.1/bin/../lib/gcc/arm-none-eabi/5.4.1/../../../../arm-none-eabi/lib/armv6-m\libg_nano.a(lib_a-errno.o)
 .ARM.attributes
                0x00000521       0x2c c:/program files (x86)/cypress/psoc creator/4.4/psoc creator/import/gnu/arm/5.4.1/bin/../lib/gcc/arm-none-eabi/5.4.1/../../../../arm-none-eabi/lib/armv6-m\libg_nano.a(lib_a-exit.o)
 .ARM.attributes
                0x0000054d       0x2c c:/program files (x86)/cypress/psoc creator/4.4/psoc creator/import/gnu/arm/5.4.1/bin/../lib/gcc/arm-none-eabi/5.4.1/../../../../arm-none-eabi/lib/armv6-m\libg_nano.a(lib_a-impure.o)
 .ARM.attributes
                0x00000579       0x2c c:/program files (x86)/cypress/psoc creator/4.4/psoc creator/import/gnu/arm/5.4.1/bin/../lib/gcc/arm-none-eabi/5.4.1/../../../../arm-none-eabi/lib/armv6-m\libg_nano.a(lib_a-init.o)
 .ARM.attributes
                0x000005a5       0x2c c:/program files (x86)/cypress/psoc creator/4.4/psoc creator/import/gnu/arm/5.4.1/bin/../lib/gcc/arm-none-eabi/5.4.1/../../../../arm-none-eabi/lib/armv6-m\libg_nano.a(lib_a-memcpy-stub.o)
 .ARM.attributes
                0x000005d1       0x2c c:/program files (x86)/cypress/psoc creator/4.4/psoc creator/import/gnu/arm/5.4.1/bin/../lib/gcc/arm-none-eabi/5.4.1/../../../../arm-none-eabi/lib/armv6-m\libg_nano.a(lib_a-memset.o)
 .ARM.attributes
                0x000005fd       0x2c c:/program files (x86)/cypress/psoc creator/4.4/psoc creator/import/gnu/arm/5.4.1/bin/../lib/gcc/arm-none-eabi/5.4.1/../../../../arm-none-eabi/lib/armv6-m\libg_nano.a(lib_a-sprintf.o)
 .ARM.attributes
                0x00000629       0x2c c:/program files (x86)/cypress/psoc creator/4.4/psoc creator/import/gnu/arm/5.4.1/bin/../lib/gcc/arm-none-eabi/5.4.1/../../../../arm-none-eabi/lib/armv6-m\libg_nano.a(lib_a-nano-svfprintf.o)
 .ARM.attributes
                0x00000655       0x2c c:/program files (x86)/cypress/psoc creator/4.4/psoc creator/import/gnu/arm/5.4.1/bin/../lib/gcc/arm-none-eabi/5.4.1/../../../../arm-none-eabi/lib/armv6-m\libg_nano.a(lib_a-nano-vfprintf_i.o)
 .ARM.attributes
                0x00000681       0x2c c:/program files (x86)/cypress/psoc creator/4.4/psoc creator/import/gnu/arm/5.4.1/bin/../lib/gcc/arm-none-eabi/5.4.1/../../../../arm-none-eabi/lib/armv6-m\libg_nano.a(lib_a-memchr-stub.o)
 .ARM.attributes
                0x000006ad       0x2c c:/program files (x86)/cypress/psoc creator/4.4/psoc creator/import/gnu/arm/5.4.1/bin/../lib/gcc/arm-none-eabi/5.4.1/../../../../arm-none-eabi/lib/armv6-m\libg_nano.a(lib_a-memmove.o)
 .ARM.attributes
                0x000006d9       0x2c c:/program files (x86)/cypress/psoc creator/4.4/psoc creator/import/gnu/arm/5.4.1/bin/../lib/gcc/arm-none-eabi/5.4.1/../../../../arm-none-eabi/lib/armv6-m\libg_nano.a(lib_a-nano-freer.o)
 .ARM.attributes
                0x00000705       0x2c c:/program files (x86)/cypress/psoc creator/4.4/psoc creator/import/gnu/arm/5.4.1/bin/../lib/gcc/arm-none-eabi/5.4.1/../../../../arm-none-eabi/lib/armv6-m\libg_nano.a(lib_a-nano-mallocr.o)
 .ARM.attributes
                0x00000731       0x2c c:/program files (x86)/cypress/psoc creator/4.4/psoc creator/import/gnu/arm/5.4.1/bin/../lib/gcc/arm-none-eabi/5.4.1/../../../../arm-none-eabi/lib/armv6-m\libg_nano.a(lib_a-nano-reallocr.o)
 .ARM.attributes
                0x0000075d       0x2c c:/program files (x86)/cypress/psoc creator/4.4/psoc creator/import/gnu/arm/5.4.1/bin/../lib/gcc/arm-none-eabi/5.4.1/../../../../arm-none-eabi/lib/armv6-m\libg_nano.a(lib_a-sbrkr.o)
 .ARM.attributes
                0x00000789       0x2c c:/program files (x86)/cypress/psoc creator/4.4/psoc creator/import/gnu/arm/5.4.1/bin/../lib/gcc/arm-none-eabi/5.4.1/../../../../arm-none-eabi/lib/armv6-m\libg_nano.a(lib_a-mlock.o)
 .ARM.attributes
                0x000007b5       0x2c c:/program files (x86)/cypress/psoc creator/4.4/psoc creator/import/gnu/arm/5.4.1/bin/../lib/gcc/arm-none-eabi/5.4.1/../../../../arm-none-eabi/lib/armv6-m\libg_nano.a(lib_a-nano-msizer.o)
 .ARM.attributes
                0x000007e1       0x2c c:/program files (x86)/cypress/psoc creator/4.4/psoc creator/import/gnu/arm/5.4.1/bin/../lib/gcc/arm-none-eabi/5.4.1/../../../../arm-none-eabi/lib/armv6-m\libg_nano.a(lib_a-reent.o)
 .ARM.attributes
                0x0000080d       0x2c c:/program files (x86)/cypress/psoc creator/4.4/psoc creator/import/gnu/arm/5.4.1/bin/../lib/gcc/arm-none-eabi/5.4.1/armv6-m/crtend.o
 .ARM.attributes
                0x00000839       0x1e c:/program files (x86)/cypress/psoc creator/4.4/psoc creator/import/gnu/arm/5.4.1/bin/../lib/gcc/arm-none-eabi/5.4.1/armv6-m/crtn.o

/DISCARD/
 *(.note.GNU-stack)
OUTPUT(C:\Users\PC\Documents\PSoC Creator\yellowChip\ADC.cydsn\CortexM0p\ARM_GCC_541\Debug\ADC.elf elf32-littlearm)
