Archive member included to satisfy reference by file (symbol)

.\CortexM0p\ARM_GCC_541\Debug\PWM.a(mUART.o)
                              .\CortexM0p\ARM_GCC_541\Debug\main.o (mUART_Start)
.\CortexM0p\ARM_GCC_541\Debug\PWM.a(mUART_UART.o)
                              .\CortexM0p\ARM_GCC_541\Debug\PWM.a(mUART.o) (mUART_UartInit)
.\CortexM0p\ARM_GCC_541\Debug\PWM.a(CyLib.o)
                              .\CortexM0p\ARM_GCC_541\Debug\Cm0plusStart.o (CyHalt)
.\CortexM0p\ARM_GCC_541\Debug\PWM.a(CyLFClk.o)
                              .\CortexM0p\ARM_GCC_541\Debug\PWM.a(CyLib.o) (CySysClkWcoEnabled)
.\CortexM0p\ARM_GCC_541\Debug\PWM.a(mPWM0.o)
                              .\CortexM0p\ARM_GCC_541\Debug\main.o (mPWM0_WriteCompare)
.\CortexM0p\ARM_GCC_541\Debug\PWM.a(mPWM1.o)
                              .\CortexM0p\ARM_GCC_541\Debug\main.o (mPWM1_WriteCompare)
.\CortexM0p\ARM_GCC_541\Debug\PWM.a(mPWM2.o)
                              .\CortexM0p\ARM_GCC_541\Debug\main.o (mPWM2_WriteCompare)
.\CortexM0p\ARM_GCC_541\Debug\PWM.a(CyBootAsmGnu.o)
                              .\CortexM0p\ARM_GCC_541\Debug\PWM.a(CyLib.o) (CyDelayCycles)
.\CortexM0p\ARM_GCC_541\Debug\PWM.a(mUART_SPI_UART.o)
                              .\CortexM0p\ARM_GCC_541\Debug\PWM.a(mUART_UART.o) (mUART_SpiUartReadRxData)
.\CortexM0p\ARM_GCC_541\Debug\PWM.a(CyFlash.o)
                              .\CortexM0p\ARM_GCC_541\Debug\PWM.a(CyLib.o) (CySysFlashSetWaitCycles)
c:/program files (x86)/cypress/psoc creator/4.4/psoc creator/import/gnu/arm/5.4.1/bin/../lib/gcc/arm-none-eabi/5.4.1/../../../../arm-none-eabi/lib/armv6-m\libm.a(lib_a-s_sin.o)
                              .\CortexM0p\ARM_GCC_541\Debug\main.o (sin)
c:/program files (x86)/cypress/psoc creator/4.4/psoc creator/import/gnu/arm/5.4.1/bin/../lib/gcc/arm-none-eabi/5.4.1/../../../../arm-none-eabi/lib/armv6-m\libm.a(lib_a-e_rem_pio2.o)
                              c:/program files (x86)/cypress/psoc creator/4.4/psoc creator/import/gnu/arm/5.4.1/bin/../lib/gcc/arm-none-eabi/5.4.1/../../../../arm-none-eabi/lib/armv6-m\libm.a(lib_a-s_sin.o) (__ieee754_rem_pio2)
c:/program files (x86)/cypress/psoc creator/4.4/psoc creator/import/gnu/arm/5.4.1/bin/../lib/gcc/arm-none-eabi/5.4.1/../../../../arm-none-eabi/lib/armv6-m\libm.a(lib_a-k_cos.o)
                              c:/program files (x86)/cypress/psoc creator/4.4/psoc creator/import/gnu/arm/5.4.1/bin/../lib/gcc/arm-none-eabi/5.4.1/../../../../arm-none-eabi/lib/armv6-m\libm.a(lib_a-s_sin.o) (__kernel_cos)
c:/program files (x86)/cypress/psoc creator/4.4/psoc creator/import/gnu/arm/5.4.1/bin/../lib/gcc/arm-none-eabi/5.4.1/../../../../arm-none-eabi/lib/armv6-m\libm.a(lib_a-k_rem_pio2.o)
                              c:/program files (x86)/cypress/psoc creator/4.4/psoc creator/import/gnu/arm/5.4.1/bin/../lib/gcc/arm-none-eabi/5.4.1/../../../../arm-none-eabi/lib/armv6-m\libm.a(lib_a-e_rem_pio2.o) (__kernel_rem_pio2)
c:/program files (x86)/cypress/psoc creator/4.4/psoc creator/import/gnu/arm/5.4.1/bin/../lib/gcc/arm-none-eabi/5.4.1/../../../../arm-none-eabi/lib/armv6-m\libm.a(lib_a-k_sin.o)
                              c:/program files (x86)/cypress/psoc creator/4.4/psoc creator/import/gnu/arm/5.4.1/bin/../lib/gcc/arm-none-eabi/5.4.1/../../../../arm-none-eabi/lib/armv6-m\libm.a(lib_a-s_sin.o) (__kernel_sin)
c:/program files (x86)/cypress/psoc creator/4.4/psoc creator/import/gnu/arm/5.4.1/bin/../lib/gcc/arm-none-eabi/5.4.1/../../../../arm-none-eabi/lib/armv6-m\libm.a(lib_a-s_fabs.o)
                              c:/program files (x86)/cypress/psoc creator/4.4/psoc creator/import/gnu/arm/5.4.1/bin/../lib/gcc/arm-none-eabi/5.4.1/../../../../arm-none-eabi/lib/armv6-m\libm.a(lib_a-e_rem_pio2.o) (fabs)
c:/program files (x86)/cypress/psoc creator/4.4/psoc creator/import/gnu/arm/5.4.1/bin/../lib/gcc/arm-none-eabi/5.4.1/../../../../arm-none-eabi/lib/armv6-m\libm.a(lib_a-s_floor.o)
                              c:/program files (x86)/cypress/psoc creator/4.4/psoc creator/import/gnu/arm/5.4.1/bin/../lib/gcc/arm-none-eabi/5.4.1/../../../../arm-none-eabi/lib/armv6-m\libm.a(lib_a-k_rem_pio2.o) (floor)
c:/program files (x86)/cypress/psoc creator/4.4/psoc creator/import/gnu/arm/5.4.1/bin/../lib/gcc/arm-none-eabi/5.4.1/../../../../arm-none-eabi/lib/armv6-m\libm.a(lib_a-s_scalbn.o)
                              c:/program files (x86)/cypress/psoc creator/4.4/psoc creator/import/gnu/arm/5.4.1/bin/../lib/gcc/arm-none-eabi/5.4.1/../../../../arm-none-eabi/lib/armv6-m\libm.a(lib_a-k_rem_pio2.o) (scalbn)
c:/program files (x86)/cypress/psoc creator/4.4/psoc creator/import/gnu/arm/5.4.1/bin/../lib/gcc/arm-none-eabi/5.4.1/../../../../arm-none-eabi/lib/armv6-m\libm.a(lib_a-s_copysign.o)
                              c:/program files (x86)/cypress/psoc creator/4.4/psoc creator/import/gnu/arm/5.4.1/bin/../lib/gcc/arm-none-eabi/5.4.1/../../../../arm-none-eabi/lib/armv6-m\libm.a(lib_a-s_scalbn.o) (copysign)
[...]
Memory Configuration

Name             Origin             Length             Attributes
rom              0x00000000         0x00008000         xr
ram              0x20000000         0x00001000         xrw
*default*        0x00000000         0xffffffff

Linker script and memory map

LOAD c:/program files (x86)/cypress/psoc creator/4.4/psoc creator/import/gnu/arm/5.4.1/bin/../lib/gcc/arm-none-eabi/5.4.1/armv6-m/crti.o
LOAD c:/program files (x86)/cypress/psoc creator/4.4/psoc creator/import/gnu/arm/5.4.1/bin/../lib/gcc/arm-none-eabi/5.4.1/armv6-m/crtbegin.o
LOAD c:/program files (x86)/cypress/psoc creator/4.4/psoc creator/import/gnu/arm/5.4.1/bin/../lib/gcc/arm-none-eabi/5.4.1/../../../../arm-none-eabi/lib/armv6-m/crt0.o
START GROUP
LOAD .\CortexM0p\ARM_GCC_541\Debug\main.o
LOAD .\CortexM0p\ARM_GCC_541\Debug\cyfitter_cfg.o
LOAD .\CortexM0p\ARM_GCC_541\Debug\cybootloader.o
LOAD .\CortexM0p\ARM_GCC_541\Debug\cymetadata.o
LOAD .\CortexM0p\ARM_GCC_541\Debug\Cm0plusStart.o
LOAD .\CortexM0p\ARM_GCC_541\Debug\PWM.a
LOAD c:/program files (x86)/cypress/psoc creator/4.4/psoc creator/import/gnu/arm/5.4.1/bin/../lib/gcc/arm-none-eabi/5.4.1/../../../../arm-none-eabi/lib/armv6-m\libm.a
END GROUP
START GROUP
LOAD c:/program files (x86)/cypress/psoc creator/4.4/psoc creator/import/gnu/arm/5.4.1/bin/../lib/gcc/arm-none-eabi/5.4.1/armv6-m\libgcc.a
LOAD c:/program files (x86)/cypress/psoc creator/4.4/psoc creator/import/gnu/arm/5.4.1/bin/../lib/gcc/arm-none-eabi/5.4.1/../../../../arm-none-eabi/lib/armv6-m\libg_nano.a
LOAD c:/program files (x86)/cypress/psoc creator/4.4/psoc creator/import/gnu/arm/5.4.1/bin/../lib/gcc/arm-none-eabi/5.4.1/../../../../arm-none-eabi/lib/armv6-m\libc_nano.a
END GROUP
START GROUP
LOAD c:/program files (x86)/cypress/psoc creator/4.4/psoc creator/import/gnu/arm/5.4.1/bin/../lib/gcc/arm-none-eabi/5.4.1/armv6-m\libgcc.a
LOAD c:/program files (x86)/cypress/psoc creator/4.4/psoc creator/import/gnu/arm/5.4.1/bin/../lib/gcc/arm-none-eabi/5.4.1/../../../../arm-none-eabi/lib/armv6-m\libc_nano.a
END GROUP
LOAD c:/program files (x86)/cypress/psoc creator/4.4/psoc creator/import/gnu/arm/5.4.1/bin/../lib/gcc/arm-none-eabi/5.4.1/armv6-m/crtend.o
LOAD c:/program files (x86)/cypress/psoc creator/4.4/psoc creator/import/gnu/arm/5.4.1/bin/../lib/gcc/arm-none-eabi/5.4.1/armv6-m/crtn.o
START GROUP
LOAD c:/program files (x86)/cypress/psoc creator/4.4/psoc creator/import/gnu/arm/5.4.1/bin/../lib/gcc/arm-none-eabi/5.4.1/armv6-m\libgcc.a
LOAD c:/program files (x86)/cypress/psoc creator/4.4/psoc creator/import/gnu/arm/5.4.1/bin/../lib/gcc/arm-none-eabi/5.4.1/../../../../arm-none-eabi/lib/armv6-m\libc.a
LOAD c:/program files (x86)/cypress/psoc creator/4.4/psoc creator/import/gnu/arm/5.4.1/bin/../lib/gcc/arm-none-eabi/5.4.1/../../../../arm-none-eabi/lib/armv6-m\libnosys.a
END GROUP
                0x00000000                CY_APPL_ORIGIN = 0x0
                0x00000080                CY_FLASH_ROW_SIZE = 0x80
                0x00000001                CY_APPL_NUM = 0x1
                0x00000001                CY_APPL_MAX = 0x1
                0x00000040                CY_METADATA_SIZE = 0x40
                0x00000001                CY_APPL_LOADABLE = 0x1
                0x00000000                CY_CHECKSUM_EXCLUDE_SIZE = ALIGN (0x0, CY_FLASH_ROW_SIZE)
                0x00000000                CY_APP_FOR_STACK_AND_COPIER = 0x0
                [!provide]                PROVIDE (__cy_heap_start, _end)
                0x00000001                PROVIDE (__cy_region_num, ((__cy_regions_end - __cy_regions) / 0x10))
                0x20001000                PROVIDE (__cy_stack, (ORIGIN (ram) + LENGTH (ram)))
                [!provide]                PROVIDE (__cy_heap_end, (__cy_stack - 0x400))

.cybootloader   0x00000000     0x1500
 *(.cybootloader)
 .cybootloader  0x00000000     0x1500 .\CortexM0p\ARM_GCC_541\Debug\cybootloader.o
                0x00000000                cy_bootloader
                0x00001500                appl1_start = CY_APPL_ORIGIN?CY_APPL_ORIGIN:ALIGN (CY_FLASH_ROW_SIZE)
                0x00004a00                appl2_start = (appl1_start + ALIGN ((((LENGTH (rom) - appl1_start) - (0x2 * CY_FLASH_ROW_SIZE)) / 0x2), CY_FLASH_ROW_SIZE))
                0x00001500                appl_start = (CY_APPL_NUM == 0x1)?appl1_start:appl2_start
                0x00000000                cy_project_type_bootloader = (appl_start == 0x0)?0x1:0x0
                0x00000000                cy_project_type_app_for_stack_and_copier = (CY_APP_FOR_STACK_AND_COPIER == 0x1)?0x1:0x0

.text           0x00001500     0x4566
 CREATE_OBJECT_SYMBOLS
                0x00001500                PROVIDE (__cy_interrupt_vector, RomVectors)
 *(.romvectors)
 .romvectors    0x00001500       0x10 .\CortexM0p\ARM_GCC_541\Debug\Cm0plusStart.o
                0x00001500                RomVectors
                0x00000001                ASSERT ((. != __cy_interrupt_vector), No interrupt vector)
                0x00000001                ASSERT (CY_APPL_ORIGIN?(SIZEOF (.cybootloader) <= CY_APPL_ORIGIN):0x1, Wrong image location)
                0x00001510                PROVIDE (__cy_reset, Reset)
 *(.text.Reset)
 .text.Reset    0x00001510       0x14 .\CortexM0p\ARM_GCC_541\Debug\Cm0plusStart.o
                0x00001510                Reset
                0x00000001                ASSERT ((. != __cy_reset), No reset code)
 *(.psocinit)
 .psocinit      0x00001524      0x108 .\CortexM0p\ARM_GCC_541\Debug\cyfitter_cfg.o
                0x00001598                cyfitter_cfg
                0x0000162c                . = MAX (., 0x100)
 *(.text .text.* .gnu.linkonce.t.*)
 .text          0x0000162c       0x60 c:/program files (x86)/cypress/psoc creator/4.4/psoc creator/import/gnu/arm/5.4.1/bin/../lib/gcc/arm-none-eabi/5.4.1/armv6-m/crtbegin.o
 .text.println  0x0000168c       0x14 .\CortexM0p\ARM_GCC_541\Debug\main.o
                0x0000168c                println
 .text.publicSetUp
                0x000016a0        0xc .\CortexM0p\ARM_GCC_541\Debug\main.o
                0x000016a0                publicSetUp
 .text.main     0x000016ac      0x1a4 .\CortexM0p\ARM_GCC_541\Debug\main.o
                0x000016ac                main
 .text.IntDefaultHandler
                0x00001850       0x10 .\CortexM0p\ARM_GCC_541\Debug\Cm0plusStart.o
                0x00001850                IntDefaultHandler
 .text._sbrk    0x00001860       0x34 .\CortexM0p\ARM_GCC_541\Debug\Cm0plusStart.o
                0x00001860                _sbrk
 .text.Start_c  0x00001894       0x48 .\CortexM0p\ARM_GCC_541\Debug\Cm0plusStart.o
                0x00001894                Start_c
 .text.initialize_psoc
                0x000018dc       0x50 .\CortexM0p\ARM_GCC_541\Debug\Cm0plusStart.o
                0x000018dc                initialize_psoc
 .text.mUART_ScbModePostEnable
                0x0000192c        0x8 .\CortexM0p\ARM_GCC_541\Debug\PWM.a(mUART.o)
 .text.mUART_Init
                0x00001934        0x8 .\CortexM0p\ARM_GCC_541\Debug\PWM.a(mUART.o)
                0x00001934                mUART_Init
 .text.mUART_Enable
                0x0000193c       0x18 .\CortexM0p\ARM_GCC_541\Debug\PWM.a(mUART.o)
                0x0000193c                mUART_Enable
 .text.mUART_Start
                0x00001954       0x20 .\CortexM0p\ARM_GCC_541\Debug\PWM.a(mUART.o)
                0x00001954                mUART_Start
 .text.mUART_UartInit
                0x00001974       0xa8 .\CortexM0p\ARM_GCC_541\Debug\PWM.a(mUART_UART.o)
                0x00001974                mUART_UartInit
 .text.mUART_UartPostEnable
                0x00001a1c       0x24 .\CortexM0p\ARM_GCC_541\Debug\PWM.a(mUART_UART.o)
                0x00001a1c                mUART_UartPostEnable
 .text.mUART_UartPutString
                0x00001a40       0x18 .\CortexM0p\ARM_GCC_541\Debug\PWM.a(mUART_UART.o)
                0x00001a40                mUART_UartPutString
 .text.CySysClkImoDisableWcoLock
                0x00001a58       0x4c .\CortexM0p\ARM_GCC_541\Debug\PWM.a(CyLib.o)
                0x00001a58                CySysClkImoDisableWcoLock
 .text.CySysClkImoGetWcoLock
                0x00001aa4       0x14 .\CortexM0p\ARM_GCC_541\Debug\PWM.a(CyLib.o)
                0x00001aa4                CySysClkImoGetWcoLock
 .text.CyHalt   0x00001ab8        0x4 .\CortexM0p\ARM_GCC_541\Debug\PWM.a(CyLib.o)
                0x00001ab8                CyHalt
 .text.CyDelay  0x00001abc       0x30 .\CortexM0p\ARM_GCC_541\Debug\PWM.a(CyLib.o)
                0x00001abc                CyDelay
 .text.CySysClkImoEnableWcoLock
                0x00001aec       0xd0 .\CortexM0p\ARM_GCC_541\Debug\PWM.a(CyLib.o)
                0x00001aec                CySysClkImoEnableWcoLock
 .text.CySysClkWriteImoFreq
                0x00001bbc       0xd8 .\CortexM0p\ARM_GCC_541\Debug\PWM.a(CyLib.o)
                0x00001bbc                CySysClkWriteImoFreq
 .text.CySysClkWcoEnabled
                0x00001c94       0x14 .\CortexM0p\ARM_GCC_541\Debug\PWM.a(CyLFClk.o)
                0x00001c94                CySysClkWcoEnabled
 .text.CySysWdtDisable
                0x00001ca8       0x10 .\CortexM0p\ARM_GCC_541\Debug\PWM.a(CyLFClk.o)
                0x00001ca8                CySysWdtDisable
 .text.mPWM0_WriteCounter
                0x00001cb8       0x10 .\CortexM0p\ARM_GCC_541\Debug\PWM.a(mPWM0.o)
                0x00001cb8                mPWM0_WriteCounter
 .text.mPWM0_WritePeriod
                0x00001cc8       0x10 .\CortexM0p\ARM_GCC_541\Debug\PWM.a(mPWM0.o)
                0x00001cc8                mPWM0_WritePeriod
 .text.mPWM0_WriteCompare
                0x00001cd8       0x10 .\CortexM0p\ARM_GCC_541\Debug\PWM.a(mPWM0.o)
                0x00001cd8                mPWM0_WriteCompare
 .text.mPWM0_TriggerCommand
                0x00001ce8       0x1c .\CortexM0p\ARM_GCC_541\Debug\PWM.a(mPWM0.o)
                0x00001ce8                mPWM0_TriggerCommand
 .text.mPWM0_Enable
                0x00001d04       0x24 .\CortexM0p\ARM_GCC_541\Debug\PWM.a(mPWM0.o)
                0x00001d04                mPWM0_Enable
 .text.mPWM0_SetInterruptMode
                0x00001d28        0xc .\CortexM0p\ARM_GCC_541\Debug\PWM.a(mPWM0.o)
                0x00001d28                mPWM0_SetInterruptMode
 .text.mPWM0_Init
                0x00001d34       0x48 .\CortexM0p\ARM_GCC_541\Debug\PWM.a(mPWM0.o)
                0x00001d34                mPWM0_Init
 .text.mPWM0_Start
                0x00001d7c       0x20 .\CortexM0p\ARM_GCC_541\Debug\PWM.a(mPWM0.o)
                0x00001d7c                mPWM0_Start
 .text.mPWM1_WriteCounter
                0x00001d9c       0x10 .\CortexM0p\ARM_GCC_541\Debug\PWM.a(mPWM1.o)
                0x00001d9c                mPWM1_WriteCounter
 .text.mPWM1_WritePeriod
                0x00001dac       0x10 .\CortexM0p\ARM_GCC_541\Debug\PWM.a(mPWM1.o)
                0x00001dac                mPWM1_WritePeriod
 .text.mPWM1_WriteCompare
                0x00001dbc       0x10 .\CortexM0p\ARM_GCC_541\Debug\PWM.a(mPWM1.o)
                0x00001dbc                mPWM1_WriteCompare
 .text.mPWM1_TriggerCommand
                0x00001dcc       0x1c .\CortexM0p\ARM_GCC_541\Debug\PWM.a(mPWM1.o)
                0x00001dcc                mPWM1_TriggerCommand
 .text.mPWM1_Enable
                0x00001de8       0x24 .\CortexM0p\ARM_GCC_541\Debug\PWM.a(mPWM1.o)
                0x00001de8                mPWM1_Enable
 .text.mPWM1_SetInterruptMode
                0x00001e0c        0xc .\CortexM0p\ARM_GCC_541\Debug\PWM.a(mPWM1.o)
                0x00001e0c                mPWM1_SetInterruptMode
 .text.mPWM1_Init
                0x00001e18       0x48 .\CortexM0p\ARM_GCC_541\Debug\PWM.a(mPWM1.o)
                0x00001e18                mPWM1_Init
 .text.mPWM1_Start
                0x00001e60       0x20 .\CortexM0p\ARM_GCC_541\Debug\PWM.a(mPWM1.o)
                0x00001e60                mPWM1_Start
 .text.mPWM2_WriteCounter
                0x00001e80       0x10 .\CortexM0p\ARM_GCC_541\Debug\PWM.a(mPWM2.o)
                0x00001e80                mPWM2_WriteCounter
 .text.mPWM2_WritePeriod
                0x00001e90       0x10 .\CortexM0p\ARM_GCC_541\Debug\PWM.a(mPWM2.o)
                0x00001e90                mPWM2_WritePeriod
 .text.mPWM2_WriteCompare
                0x00001ea0       0x10 .\CortexM0p\ARM_GCC_541\Debug\PWM.a(mPWM2.o)
                0x00001ea0                mPWM2_WriteCompare
 .text.mPWM2_TriggerCommand
                0x00001eb0       0x1c .\CortexM0p\ARM_GCC_541\Debug\PWM.a(mPWM2.o)
                0x00001eb0                mPWM2_TriggerCommand
 .text.mPWM2_Enable
                0x00001ecc       0x24 .\CortexM0p\ARM_GCC_541\Debug\PWM.a(mPWM2.o)
                0x00001ecc                mPWM2_Enable
 .text.mPWM2_SetInterruptMode
                0x00001ef0        0xc .\CortexM0p\ARM_GCC_541\Debug\PWM.a(mPWM2.o)
                0x00001ef0                mPWM2_SetInterruptMode
 .text.mPWM2_Init
                0x00001efc       0x48 .\CortexM0p\ARM_GCC_541\Debug\PWM.a(mPWM2.o)
                0x00001efc                mPWM2_Init
 .text.mPWM2_Start
                0x00001f44       0x20 .\CortexM0p\ARM_GCC_541\Debug\PWM.a(mPWM2.o)
                0x00001f44                mPWM2_Start
 *fill*         0x00001f64        0x4 
 .text          0x00001f68       0x20 .\CortexM0p\ARM_GCC_541\Debug\PWM.a(CyBootAsmGnu.o)
                0x00001f68                CyDelayCycles
                0x00001f7a                CyEnterCriticalSection
                0x00001f82                CyExitCriticalSection
 .text.mUART_SpiUartWriteTxData
                0x00001f88       0x1c .\CortexM0p\ARM_GCC_541\Debug\PWM.a(mUART_SPI_UART.o)
                0x00001f88                mUART_SpiUartWriteTxData
 .text.CySysFlashSetWaitCycles
                0x00001fa4       0x54 .\CortexM0p\ARM_GCC_541\Debug\PWM.a(CyFlash.o)
                0x00001fa4                CySysFlashSetWaitCycles
 .text.sin      0x00001ff8       0x90 c:/program files (x86)/cypress/psoc creator/4.4/psoc creator/import/gnu/arm/5.4.1/bin/../lib/gcc/arm-none-eabi/5.4.1/../../../../arm-none-eabi/lib/armv6-m\libm.a(lib_a-s_sin.o)
                0x00001ff8                sin
 .text.__ieee754_rem_pio2
                0x00002088      0x40c c:/program files (x86)/cypress/psoc creator/4.4/psoc creator/import/gnu/arm/5.4.1/bin/../lib/gcc/arm-none-eabi/5.4.1/../../../../arm-none-eabi/lib/armv6-m\libm.a(lib_a-e_rem_pio2.o)
                0x00002088                __ieee754_rem_pio2
 .text.__kernel_cos
                0x00002494      0x234 c:/program files (x86)/cypress/psoc creator/4.4/psoc creator/import/gnu/arm/5.4.1/bin/../lib/gcc/arm-none-eabi/5.4.1/../../../../arm-none-eabi/lib/armv6-m\libm.a(lib_a-k_cos.o)
                0x00002494                __kernel_cos
 .text.__kernel_rem_pio2
                0x000026c8      0x8a4 c:/program files (x86)/cypress/psoc creator/4.4/psoc creator/import/gnu/arm/5.4.1/bin/../lib/gcc/arm-none-eabi/5.4.1/../../../../arm-none-eabi/lib/armv6-m\libm.a(lib_a-k_rem_pio2.o)
                0x000026c8                __kernel_rem_pio2
 .text.__kernel_sin
                0x00002f6c      0x160 c:/program files (x86)/cypress/psoc creator/4.4/psoc creator/import/gnu/arm/5.4.1/bin/../lib/gcc/arm-none-eabi/5.4.1/../../../../arm-none-eabi/lib/armv6-m\libm.a(lib_a-k_sin.o)
                0x00002f6c                __kernel_sin
 .text.fabs     0x000030cc        0x8 c:/program files (x86)/cypress/psoc creator/4.4/psoc creator/import/gnu/arm/5.4.1/bin/../lib/gcc/arm-none-eabi/5.4.1/../../../../arm-none-eabi/lib/armv6-m\libm.a(lib_a-s_fabs.o)
                0x000030cc                fabs
 .text.floor    0x000030d4      0x130 c:/program files (x86)/cypress/psoc creator/4.4/psoc creator/import/gnu/arm/5.4.1/bin/../lib/gcc/arm-none-eabi/5.4.1/../../../../arm-none-eabi/lib/armv6-m\libm.a(lib_a-s_floor.o)
                0x000030d4                floor
 .text.scalbn   0x00003204       0xd0 c:/program files (x86)/cypress/psoc creator/4.4/psoc creator/import/gnu/arm/5.4.1/bin/../lib/gcc/arm-none-eabi/5.4.1/../../../../arm-none-eabi/lib/armv6-m\libm.a(lib_a-s_scalbn.o)
                0x00003204                scalbn
 .text.copysign
                0x000032d4       0x10 c:/program files (x86)/cypress/psoc creator/4.4/psoc creator/import/gnu/arm/5.4.1/bin/../lib/gcc/arm-none-eabi/5.4.1/../../../../arm-none-eabi/lib/armv6-m\libm.a(lib_a-s_copysign.o)
                0x000032d4                copysign
 .text          0x000032e4      0x114 c:/program files (x86)/cypress/psoc creator/4.4/psoc creator/import/gnu/arm/5.4.1/bin/../lib/gcc/arm-none-eabi/5.4.1/armv6-m\libgcc.a(_udivsi3.o)
                0x000032e4                __aeabi_uidiv
                0x000032e4                __udivsi3
                0x000033f0                __aeabi_uidivmod
 .text          0x000033f8      0x1d4 c:/program files (x86)/cypress/psoc creator/4.4/psoc creator/import/gnu/arm/5.4.1/bin/../lib/gcc/arm-none-eabi/5.4.1/armv6-m\libgcc.a(_divsi3.o)
                0x000033f8                __divsi3
                0x000033f8                __aeabi_idiv
                0x000035c4                __aeabi_idivmod
 .text          0x000035cc        0x4 c:/program files (x86)/cypress/psoc creator/4.4/psoc creator/import/gnu/arm/5.4.1/bin/../lib/gcc/arm-none-eabi/5.4.1/armv6-m\libgcc.a(_dvmd_tls.o)
                0x000035cc                __aeabi_idiv0
                0x000035cc                __aeabi_ldiv0
 .text          0x000035d0       0x7c c:/program files (x86)/cypress/psoc creator/4.4/psoc creator/import/gnu/arm/5.4.1/bin/../lib/gcc/arm-none-eabi/5.4.1/armv6-m\libgcc.a(_arm_cmpdf2.o)
                0x000035d0                __aeabi_cdrcmple
                0x000035e0                __aeabi_cdcmple
                0x000035e0                __aeabi_cdcmpeq
                0x000035f0                __aeabi_dcmpeq
                0x000035fc                __aeabi_dcmplt
                0x00003610                __aeabi_dcmple
                0x00003624                __aeabi_dcmpgt
                0x00003638                __aeabi_dcmpge
 .text          0x0000364c      0x658 c:/program files (x86)/cypress/psoc creator/4.4/psoc creator/import/gnu/arm/5.4.1/bin/../lib/gcc/arm-none-eabi/5.4.1/armv6-m\libgcc.a(adddf3.o)
                0x0000364c                __aeabi_dadd
 .text          0x00003ca4      0x62c c:/program files (x86)/cypress/psoc creator/4.4/psoc creator/import/gnu/arm/5.4.1/bin/../lib/gcc/arm-none-eabi/5.4.1/armv6-m\libgcc.a(divdf3.o)
                0x00003ca4                __aeabi_ddiv
 .text          0x000042d0       0x80 c:/program files (x86)/cypress/psoc creator/4.4/psoc creator/import/gnu/arm/5.4.1/bin/../lib/gcc/arm-none-eabi/5.4.1/armv6-m\libgcc.a(eqdf2.o)
                0x000042d0                __nedf2
                0x000042d0                __eqdf2
 .text          0x00004350       0xc8 c:/program files (x86)/cypress/psoc creator/4.4/psoc creator/import/gnu/arm/5.4.1/bin/../lib/gcc/arm-none-eabi/5.4.1/armv6-m\libgcc.a(gedf2.o)
                0x00004350                __gedf2
                0x00004350                __gtdf2
 .text          0x00004418       0xd4 c:/program files (x86)/cypress/psoc creator/4.4/psoc creator/import/gnu/arm/5.4.1/bin/../lib/gcc/arm-none-eabi/5.4.1/armv6-m\libgcc.a(ledf2.o)
                0x00004418                __ledf2
                0x00004418                __ltdf2
 .text          0x000044ec      0x4f4 c:/program files (x86)/cypress/psoc creator/4.4/psoc creator/import/gnu/arm/5.4.1/bin/../lib/gcc/arm-none-eabi/5.4.1/armv6-m\libgcc.a(muldf3.o)
                0x000044ec                __aeabi_dmul
 .text          0x000049e0      0x6a8 c:/program files (x86)/cypress/psoc creator/4.4/psoc creator/import/gnu/arm/5.4.1/bin/../lib/gcc/arm-none-eabi/5.4.1/armv6-m\libgcc.a(subdf3.o)
                0x000049e0                __aeabi_dsub
 .text          0x00005088       0x6c c:/program files (x86)/cypress/psoc creator/4.4/psoc creator/import/gnu/arm/5.4.1/bin/../lib/gcc/arm-none-eabi/5.4.1/armv6-m\libgcc.a(fixdfsi.o)
                0x00005088                __aeabi_d2iz
 .text          0x000050f4       0x84 c:/program files (x86)/cypress/psoc creator/4.4/psoc creator/import/gnu/arm/5.4.1/bin/../lib/gcc/arm-none-eabi/5.4.1/armv6-m\libgcc.a(floatsidf.o)
                0x000050f4                __aeabi_i2d
 .text          0x00005178       0x3c c:/program files (x86)/cypress/psoc creator/4.4/psoc creator/import/gnu/arm/5.4.1/bin/../lib/gcc/arm-none-eabi/5.4.1/armv6-m\libgcc.a(_clzsi2.o)
                0x00005178                __clzsi2
 .text.__errno  0x000051b4        0xc c:/program files (x86)/cypress/psoc creator/4.4/psoc creator/import/gnu/arm/5.4.1/bin/../lib/gcc/arm-none-eabi/5.4.1/../../../../arm-none-eabi/lib/armv6-m\libg_nano.a(lib_a-errno.o)
                0x000051b4                __errno
 .text.__libc_init_array
                0x000051c0       0x4c c:/program files (x86)/cypress/psoc creator/4.4/psoc creator/import/gnu/arm/5.4.1/bin/../lib/gcc/arm-none-eabi/5.4.1/../../../../arm-none-eabi/lib/armv6-m\libg_nano.a(lib_a-init.o)
                0x000051c0                __libc_init_array
 .text.memcpy   0x0000520c       0x12 c:/program files (x86)/cypress/psoc creator/4.4/psoc creator/import/gnu/arm/5.4.1/bin/../lib/gcc/arm-none-eabi/5.4.1/../../../../arm-none-eabi/lib/armv6-m\libg_nano.a(lib_a-memcpy-stub.o)
                0x0000520c                memcpy
 *fill*         0x0000521e        0x2 
 .text.sprintf  0x00005220       0x44 c:/program files (x86)/cypress/psoc creator/4.4/psoc creator/import/gnu/arm/5.4.1/bin/../lib/gcc/arm-none-eabi/5.4.1/../../../../arm-none-eabi/lib/armv6-m\libg_nano.a(lib_a-sprintf.o)
                0x00005220                siprintf
                0x00005220                sprintf
 .text.__ssputs_r
                0x00005264       0xc4 c:/program files (x86)/cypress/psoc creator/4.4/psoc creator/import/gnu/arm/5.4.1/bin/../lib/gcc/arm-none-eabi/5.4.1/../../../../arm-none-eabi/lib/armv6-m\libg_nano.a(lib_a-nano-svfprintf.o)
                0x00005264                __ssputs_r
 .text._svfprintf_r
                0x00005328      0x1fc c:/program files (x86)/cypress/psoc creator/4.4/psoc creator/import/gnu/arm/5.4.1/bin/../lib/gcc/arm-none-eabi/5.4.1/../../../../arm-none-eabi/lib/armv6-m\libg_nano.a(lib_a-nano-svfprintf.o)
                0x00005328                _svfiprintf_r
                0x00005328                _svfprintf_r
 .text._printf_common
                0x00005524       0xdc c:/program files (x86)/cypress/psoc creator/4.4/psoc creator/import/gnu/arm/5.4.1/bin/../lib/gcc/arm-none-eabi/5.4.1/../../../../arm-none-eabi/lib/armv6-m\libg_nano.a(lib_a-nano-vfprintf_i.o)
                0x00005524                _printf_common
 .text._printf_i
                0x00005600      0x244 c:/program files (x86)/cypress/psoc creator/4.4/psoc creator/import/gnu/arm/5.4.1/bin/../lib/gcc/arm-none-eabi/5.4.1/../../../../arm-none-eabi/lib/armv6-m\libg_nano.a(lib_a-nano-vfprintf_i.o)
                0x00005600                _printf_i
 .text.memchr   0x00005844       0x16 c:/program files (x86)/cypress/psoc creator/4.4/psoc creator/import/gnu/arm/5.4.1/bin/../lib/gcc/arm-none-eabi/5.4.1/../../../../arm-none-eabi/lib/armv6-m\libg_nano.a(lib_a-memchr-stub.o)
                0x00005844                memchr
 .text.memmove  0x0000585a       0x2a c:/program files (x86)/cypress/psoc creator/4.4/psoc creator/import/gnu/arm/5.4.1/bin/../lib/gcc/arm-none-eabi/5.4.1/../../../../arm-none-eabi/lib/armv6-m\libg_nano.a(lib_a-memmove.o)
                0x0000585a                memmove
 .text._free_r  0x00005884       0x98 c:/program files (x86)/cypress/psoc creator/4.4/psoc creator/import/gnu/arm/5.4.1/bin/../lib/gcc/arm-none-eabi/5.4.1/../../../../arm-none-eabi/lib/armv6-m\libg_nano.a(lib_a-nano-freer.o)
                0x00005884                _free_r
 .text._malloc_r
                0x0000591c       0xc0 c:/program files (x86)/cypress/psoc creator/4.4/psoc creator/import/gnu/arm/5.4.1/bin/../lib/gcc/arm-none-eabi/5.4.1/../../../../arm-none-eabi/lib/armv6-m\libg_nano.a(lib_a-nano-mallocr.o)
                0x0000591c                _malloc_r
 .text._realloc_r
                0x000059dc       0x4c c:/program files (x86)/cypress/psoc creator/4.4/psoc creator/import/gnu/arm/5.4.1/bin/../lib/gcc/arm-none-eabi/5.4.1/../../../../arm-none-eabi/lib/armv6-m\libg_nano.a(lib_a-nano-reallocr.o)
                0x000059dc                _realloc_r
 .text._sbrk_r  0x00005a28       0x24 c:/program files (x86)/cypress/psoc creator/4.4/psoc creator/import/gnu/arm/5.4.1/bin/../lib/gcc/arm-none-eabi/5.4.1/../../../../arm-none-eabi/lib/armv6-m\libg_nano.a(lib_a-sbrkr.o)
                0x00005a28                _sbrk_r
 .text.__malloc_lock
                0x00005a4c        0x2 c:/program files (x86)/cypress/psoc creator/4.4/psoc creator/import/gnu/arm/5.4.1/bin/../lib/gcc/arm-none-eabi/5.4.1/../../../../arm-none-eabi/lib/armv6-m\libg_nano.a(lib_a-mlock.o)
                0x00005a4c                __malloc_lock
 .text.__malloc_unlock
                0x00005a4e        0x2 c:/program files (x86)/cypress/psoc creator/4.4/psoc creator/import/gnu/arm/5.4.1/bin/../lib/gcc/arm-none-eabi/5.4.1/../../../../arm-none-eabi/lib/armv6-m\libg_nano.a(lib_a-mlock.o)
                0x00005a4e                __malloc_unlock
 .text._malloc_usable_size_r
                0x00005a50       0x16 c:/program files (x86)/cypress/psoc creator/4.4/psoc creator/import/gnu/arm/5.4.1/bin/../lib/gcc/arm-none-eabi/5.4.1/../../../../arm-none-eabi/lib/armv6-m\libg_nano.a(lib_a-nano-msizer.o)
                0x00005a50                _malloc_usable_size_r
 *(.plt)
 *(.gnu.warning)
 *(.glue_7t)
 .glue_7t       0x00005a66        0x0 linker stubs
 *(.glue_7)
 .glue_7        0x00005a66        0x0 linker stubs
 *(.vfp11_veneer)
 .vfp11_veneer  0x00005a66        0x0 linker stubs
 *(.bootloader)
 *(.ARM.extab* .gnu.linkonce.armextab.*)
 *(.gcc_except_table)

.v4_bx          0x00005a68        0x0
 .v4_bx         0x00005a68        0x0 linker stubs

.iplt           0x00005a68        0x0
 .iplt          0x00005a68        0x0 c:/program files (x86)/cypress/psoc creator/4.4/psoc creator/import/gnu/arm/5.4.1/bin/../lib/gcc/arm-none-eabi/5.4.1/armv6-m/crtbegin.o

.eh_frame_hdr
 *(.eh_frame_hdr)

.eh_frame       0x00005a68        0x4
 *(.eh_frame)
 .eh_frame      0x00005a68        0x0 c:/program files (x86)/cypress/psoc creator/4.4/psoc creator/import/gnu/arm/5.4.1/bin/../lib/gcc/arm-none-eabi/5.4.1/armv6-m/crtbegin.o
 .eh_frame      0x00005a68        0x4 c:/program files (x86)/cypress/psoc creator/4.4/psoc creator/import/gnu/arm/5.4.1/bin/../lib/gcc/arm-none-eabi/5.4.1/armv6-m/crtend.o
                [!provide]                PROVIDE (__exidx_start, .)

.ARM.exidx
 *(.ARM.exidx* .gnu.linkonce.armexidx.*)
                0x00005a6c                __exidx_end = .

.rodata         0x00005a70      0x2d8
 *(.rodata .rodata.* .gnu.linkonce.r.*)
 .rodata.str1.4
                0x00005a70       0x10 .\CortexM0p\ARM_GCC_541\Debug\main.o
                                  0xd (size before relaxing)
 .rodata.npio2_hw
                0x00005a80       0x80 c:/program files (x86)/cypress/psoc creator/4.4/psoc creator/import/gnu/arm/5.4.1/bin/../lib/gcc/arm-none-eabi/5.4.1/../../../../arm-none-eabi/lib/armv6-m\libm.a(lib_a-e_rem_pio2.o)
 .rodata.two_over_pi
                0x00005b00      0x108 c:/program files (x86)/cypress/psoc creator/4.4/psoc creator/import/gnu/arm/5.4.1/bin/../lib/gcc/arm-none-eabi/5.4.1/../../../../arm-none-eabi/lib/armv6-m\libm.a(lib_a-e_rem_pio2.o)
 .rodata.init_jk
                0x00005c08       0x10 c:/program files (x86)/cypress/psoc creator/4.4/psoc creator/import/gnu/arm/5.4.1/bin/../lib/gcc/arm-none-eabi/5.4.1/../../../../arm-none-eabi/lib/armv6-m\libm.a(lib_a-k_rem_pio2.o)
 .rodata.PIo2   0x00005c18       0x40 c:/program files (x86)/cypress/psoc creator/4.4/psoc creator/import/gnu/arm/5.4.1/bin/../lib/gcc/arm-none-eabi/5.4.1/../../../../arm-none-eabi/lib/armv6-m\libm.a(lib_a-k_rem_pio2.o)
 .rodata        0x00005c58       0x40 c:/program files (x86)/cypress/psoc creator/4.4/psoc creator/import/gnu/arm/5.4.1/bin/../lib/gcc/arm-none-eabi/5.4.1/armv6-m\libgcc.a(divdf3.o)
 .rodata        0x00005c98       0x40 c:/program files (x86)/cypress/psoc creator/4.4/psoc creator/import/gnu/arm/5.4.1/bin/../lib/gcc/arm-none-eabi/5.4.1/armv6-m\libgcc.a(muldf3.o)
 .rodata.str1.1
                0x00005cd8        0x2 c:/program files (x86)/cypress/psoc creator/4.4/psoc creator/import/gnu/arm/5.4.1/bin/../lib/gcc/arm-none-eabi/5.4.1/../../../../arm-none-eabi/lib/armv6-m\libg_nano.a(lib_a-impure.o)
 .rodata.str1.1
                0x00005cda       0x11 c:/program files (x86)/cypress/psoc creator/4.4/psoc creator/import/gnu/arm/5.4.1/bin/../lib/gcc/arm-none-eabi/5.4.1/../../../../arm-none-eabi/lib/armv6-m\libg_nano.a(lib_a-nano-svfprintf.o)
 .rodata.str1.1
                0x00005ceb       0x22 c:/program files (x86)/cypress/psoc creator/4.4/psoc creator/import/gnu/arm/5.4.1/bin/../lib/gcc/arm-none-eabi/5.4.1/../../../../arm-none-eabi/lib/armv6-m\libg_nano.a(lib_a-nano-vfprintf_i.o)
                0x00005d10                . = ALIGN (0x4)
 *fill*         0x00005d0d        0x3 
 *(.init)
 .init          0x00005d10        0x4 c:/program files (x86)/cypress/psoc creator/4.4/psoc creator/import/gnu/arm/5.4.1/bin/../lib/gcc/arm-none-eabi/5.4.1/armv6-m/crti.o
                0x00005d10                _init
 .init          0x00005d14        0x8 c:/program files (x86)/cypress/psoc creator/4.4/psoc creator/import/gnu/arm/5.4.1/bin/../lib/gcc/arm-none-eabi/5.4.1/armv6-m/crtn.o
                0x00005d1c                . = ALIGN (0x4)
                0x00005d1c                __preinit_array_start = .
 *(.preinit_array)
                0x00005d1c                __preinit_array_end = .
                0x00005d1c                . = ALIGN (0x4)
                0x00005d1c                __init_array_start = .
 *(SORT(.init_array.*))
 *(.init_array)
 .init_array    0x00005d1c        0x4 c:/program files (x86)/cypress/psoc creator/4.4/psoc creator/import/gnu/arm/5.4.1/bin/../lib/gcc/arm-none-eabi/5.4.1/armv6-m/crtbegin.o
 .init_array    0x00005d20        0x4 .\CortexM0p\ARM_GCC_541\Debug\Cm0plusStart.o
                0x00005d24                __init_array_end = .
                0x00005d24                . = ALIGN (0x4)
 *(.fini)
 .fini          0x00005d24        0x4 c:/program files (x86)/cypress/psoc creator/4.4/psoc creator/import/gnu/arm/5.4.1/bin/../lib/gcc/arm-none-eabi/5.4.1/armv6-m/crti.o
                0x00005d24                _fini
 .fini          0x00005d28        0x8 c:/program files (x86)/cypress/psoc creator/4.4/psoc creator/import/gnu/arm/5.4.1/bin/../lib/gcc/arm-none-eabi/5.4.1/armv6-m/crtn.o
                0x00005d30                . = ALIGN (0x4)
                0x00005d30                __fini_array_start = .
 *(.fini_array)
 .fini_array    0x00005d30        0x4 c:/program files (x86)/cypress/psoc creator/4.4/psoc creator/import/gnu/arm/5.4.1/bin/../lib/gcc/arm-none-eabi/5.4.1/armv6-m/crtbegin.o
 *(SORT(.fini_array.*))
                0x00005d34                __fini_array_end = .
                0x00005d34                . = ALIGN (0x4)
 *crtbegin.o(.ctors)
 *(EXCLUDE_FILE(*crtend.o) .ctors)
 *(SORT(.ctors.*))
 *crtend.o(.ctors)
                0x00005d34                . = ALIGN (0x4)
 *crtbegin.o(.dtors)
 *(EXCLUDE_FILE(*crtend.o) .dtors)
 *(SORT(.dtors.*))
 *crtend.o(.dtors)
                0x00005d34                . = ALIGN (0x4)
                0x00005d34                __cy_regions = .
                0x00005d34        0x4 LONG 0x5d48 __cy_region_init_ram
                0x00005d38        0x4 LONG 0x20000088 __cy_region_start_data
                0x00005d3c        0x4 LONG 0x80 __cy_region_init_size_ram
                0x00005d40        0x4 LONG 0x30 __cy_region_zero_size_ram
                0x00005d44                __cy_regions_end = .
                0x00005d48                . = ALIGN (0x8)
 *fill*         0x00005d44        0x4 
                0x00005d48                _etext = .

.ramvectors     0x20000000       0x80
                0x20000000                __cy_region_start_ram = .
 *(.ramvectors)
 .ramvectors    0x20000000       0x80 .\CortexM0p\ARM_GCC_541\Debug\Cm0plusStart.o
                0x20000000                CyRamVectors

.btldr_run      0x20000080        0x4
 *(.bootloaderruntype)
 .bootloaderruntype
                0x20000080        0x4 .\CortexM0p\ARM_GCC_541\Debug\Cm0plusStart.o
                0x20000080                cyBtldrRunType

.noinit
 *(.noinit)

.data           0x20000088       0x80 load address 0x00005d48
                0x20000088                __cy_region_start_data = .
 *(.jcr)
 .jcr           0x20000088        0x0 c:/program files (x86)/cypress/psoc creator/4.4/psoc creator/import/gnu/arm/5.4.1/bin/../lib/gcc/arm-none-eabi/5.4.1/armv6-m/crtbegin.o
 .jcr           0x20000088        0x4 c:/program files (x86)/cypress/psoc creator/4.4/psoc creator/import/gnu/arm/5.4.1/bin/../lib/gcc/arm-none-eabi/5.4.1/armv6-m/crtend.o
 *(.got.plt)
 *(.got)
 *(.shdata)
 *(.data .data.* .gnu.linkonce.d.*)
 .data          0x2000008c        0x4 .\CortexM0p\ARM_GCC_541\Debug\Cm0plusStart.o
 .data          0x20000090       0x14 .\CortexM0p\ARM_GCC_541\Debug\PWM.a(CyLib.o)
                0x20000090                CySysClkPumpConfig
                0x20000094                cydelay32kMs
                0x20000098                cydelayFreqKhz
                0x2000009c                cydelayFreqMhz
                0x200000a0                cydelayFreqHz
 .data.impure_data
                0x200000a4       0x60 c:/program files (x86)/cypress/psoc creator/4.4/psoc creator/import/gnu/arm/5.4.1/bin/../lib/gcc/arm-none-eabi/5.4.1/../../../../arm-none-eabi/lib/armv6-m\libg_nano.a(lib_a-impure.o)
 .data._impure_ptr
                0x20000104        0x4 c:/program files (x86)/cypress/psoc creator/4.4/psoc creator/import/gnu/arm/5.4.1/bin/../lib/gcc/arm-none-eabi/5.4.1/../../../../arm-none-eabi/lib/armv6-m\libg_nano.a(lib_a-impure.o)
                0x20000104                _impure_ptr
                0x20000108                . = ALIGN (0x8)
 *(.ram)
                0x20000108                _edata = .

.igot.plt       0x20000108        0x0 load address 0x00005dc8
 .igot.plt      0x20000108        0x0 c:/program files (x86)/cypress/psoc creator/4.4/psoc creator/import/gnu/arm/5.4.1/bin/../lib/gcc/arm-none-eabi/5.4.1/armv6-m/crtbegin.o

.bss            0x20000108       0x30 load address 0x00005dc8
                0x20000108                PROVIDE (__bss_start__, .)
 *(.shbss)
 *(.bss .bss.* .gnu.linkonce.b.*)
 .bss           0x20000108       0x1c c:/program files (x86)/cypress/psoc creator/4.4/psoc creator/import/gnu/arm/5.4.1/bin/../lib/gcc/arm-none-eabi/5.4.1/armv6-m/crtbegin.o
 .bss           0x20000124        0x4 .\CortexM0p\ARM_GCC_541\Debug\PWM.a(mUART.o)
                0x20000124                mUART_initVar
                0x20000126                mUART_IntrTxMask
 .bss           0x20000128        0x1 .\CortexM0p\ARM_GCC_541\Debug\PWM.a(mPWM0.o)
                0x20000128                mPWM0_initVar
 .bss           0x20000129        0x1 .\CortexM0p\ARM_GCC_541\Debug\PWM.a(mPWM1.o)
                0x20000129                mPWM1_initVar
 .bss           0x2000012a        0x1 .\CortexM0p\ARM_GCC_541\Debug\PWM.a(mPWM2.o)
                0x2000012a                mPWM2_initVar
 *fill*         0x2000012b        0x1 
 .bss.__malloc_sbrk_start
                0x2000012c        0x4 c:/program files (x86)/cypress/psoc creator/4.4/psoc creator/import/gnu/arm/5.4.1/bin/../lib/gcc/arm-none-eabi/5.4.1/../../../../arm-none-eabi/lib/armv6-m\libg_nano.a(lib_a-nano-mallocr.o)
                0x2000012c                __malloc_sbrk_start
 .bss.__malloc_free_list
                0x20000130        0x4 c:/program files (x86)/cypress/psoc creator/4.4/psoc creator/import/gnu/arm/5.4.1/bin/../lib/gcc/arm-none-eabi/5.4.1/../../../../arm-none-eabi/lib/armv6-m\libg_nano.a(lib_a-nano-mallocr.o)
                0x20000130                __malloc_free_list
 *(COMMON)
 COMMON         0x20000134        0x4 c:/program files (x86)/cypress/psoc creator/4.4/psoc creator/import/gnu/arm/5.4.1/bin/../lib/gcc/arm-none-eabi/5.4.1/../../../../arm-none-eabi/lib/armv6-m\libg_nano.a(lib_a-reent.o)
                0x20000134                errno
                0x20000138                . = ALIGN (0x8)
 *(.ram.b)
                0x20000138                _end = .
                0x20000138                __end = .
                0x20000138                PROVIDE (end, .)
                0x20000138                PROVIDE (__bss_end__, .)
                0x00005d48                __cy_region_init_ram = LOADADDR (.data)
                0x00000080                __cy_region_init_size_ram = (_edata - ADDR (.data))
                0x00000030                __cy_region_zero_size_ram = (_end - _edata)

.heap           0x20000138      0x400 load address 0x00005dc8
                0x20000138                . = _end
                0x20000538                . = (. + 0x400)
 *fill*         0x20000138      0x400 
                0x20000538                __cy_heap_limit = .

.stack          0x20000c00      0x400
                0x20000c00                __cy_stack_limit = .
                0x20001000                . = (. + 0x400)
 *fill*         0x20000c00      0x400 
                0x00000001                ASSERT ((__cy_stack_limit >= __cy_heap_limit), region RAM overflowed with stack)

.cy_checksum_exclude
                0x00007f80        0x0
 *(.cy_checksum_exclude)
                0x00000000                cy_checksum_exclude_size = (CY_APPL_LOADABLE == 0x1)?SIZEOF (.cy_checksum_exclude):0x0
                0x00000001                ASSERT ((cy_checksum_exclude_size <= CY_CHECKSUM_EXCLUDE_SIZE), CY_BOOT: Section .cy_checksum_exclude size exceedes specified limit.)
                0xf0000000                cyloadermeta_start = (cy_project_type_bootloader || cy_project_type_app_for_stack_and_copier)?(LENGTH (rom) - CY_METADATA_SIZE):0xf0000000

.cyloadermeta   0xf0000000       0x40
 *(.cyloadermeta)
 .cyloadermeta  0xf0000000       0x40 .\CortexM0p\ARM_GCC_541\Debug\cybootloader.o
                0xf0000000                cy_meta_loader
                0x00007fc0                cyloadablemeta_start = cy_project_type_app_for_stack_and_copier?((LENGTH (rom) - CY_FLASH_ROW_SIZE) - CY_METADATA_SIZE):((LENGTH (rom) - (CY_FLASH_ROW_SIZE * (CY_APPL_NUM - 0x1))) - CY_METADATA_SIZE)

.cyloadablemeta
                0x00007fc0       0x40
 *(.cyloadablemeta)
 .cyloadablemeta
                0x00007fc0       0x40 .\CortexM0p\ARM_GCC_541\Debug\cymetadata.o
                0x00007fc0                cy_meta_loadable

.cyflashprotect
                0x90400000       0x20
 *(.cyflashprotect)
 .cyflashprotect
                0x90400000       0x20 .\CortexM0p\ARM_GCC_541\Debug\cybootloader.o
                0x90400000                cy_meta_flashprotect

.cymeta         0x90500000        0xc
 *(.cymeta)
 .cymeta        0x90500000        0xc .\CortexM0p\ARM_GCC_541\Debug\cybootloader.o
                0x90500000                cy_metadata

.cychipprotect  0x90600000        0x1
 *(.cychipprotect)
 .cychipprotect
                0x90600000        0x1 .\CortexM0p\ARM_GCC_541\Debug\cybootloader.o
                0x90600000                cy_meta_chipprotect

.rel.dyn        0x00008000        0x0 load address 0x90600004
 .rel.iplt      0x00008000        0x0 c:/program files (x86)/cypress/psoc creator/4.4/psoc creator/import/gnu/arm/5.4.1/bin/../lib/gcc/arm-none-eabi/5.4.1/armv6-m/crtbegin.o

.stab
 *(.stab)

.stabstr
 *(.stabstr)

.debug
 *(.debug)

.line
 *(.line)

.debug_srcinfo
 *(.debug_srcinfo)

.debug_sfnames
 *(.debug_sfnames)

.debug_aranges  0x00000000      0x8f8
 *(.debug_aranges)
 .debug_aranges
                0x00000000       0x38 .\CortexM0p\ARM_GCC_541\Debug\main.o
 .debug_aranges
                0x00000038       0x28 .\CortexM0p\ARM_GCC_541\Debug\cyfitter_cfg.o
 .debug_aranges
                0x00000060       0x18 .\CortexM0p\ARM_GCC_541\Debug\cybootloader.o
 .debug_aranges
                0x00000078       0x18 .\CortexM0p\ARM_GCC_541\Debug\cymetadata.o
 .debug_aranges
                0x00000090       0x48 .\CortexM0p\ARM_GCC_541\Debug\Cm0plusStart.o
 .debug_aranges
                0x000000d8       0x58 .\CortexM0p\ARM_GCC_541\Debug\PWM.a(mUART.o)
 .debug_aranges
                0x00000130       0x90 .\CortexM0p\ARM_GCC_541\Debug\PWM.a(mUART_UART.o)
 .debug_aranges
                0x000001c0      0x190 .\CortexM0p\ARM_GCC_541\Debug\PWM.a(CyLib.o)
 .debug_aranges
                0x00000350       0xd8 .\CortexM0p\ARM_GCC_541\Debug\PWM.a(CyLFClk.o)
 .debug_aranges
                0x00000428      0x158 .\CortexM0p\ARM_GCC_541\Debug\PWM.a(mPWM0.o)
 .debug_aranges
                0x00000580      0x158 .\CortexM0p\ARM_GCC_541\Debug\PWM.a(mPWM1.o)
 .debug_aranges
                0x000006d8      0x158 .\CortexM0p\ARM_GCC_541\Debug\PWM.a(mPWM2.o)
 .debug_aranges
                0x00000830       0x20 .\CortexM0p\ARM_GCC_541\Debug\PWM.a(CyBootAsmGnu.o)
 .debug_aranges
                0x00000850       0x60 .\CortexM0p\ARM_GCC_541\Debug\PWM.a(mUART_SPI_UART.o)
 .debug_aranges
                0x000008b0       0x48 .\CortexM0p\ARM_GCC_541\Debug\PWM.a(CyFlash.o)

.debug_pubnames
 *(.debug_pubnames)

.debug_info     0x00000000     0x4251
 *(.debug_info .gnu.linkonce.wi.*)
 .debug_info    0x00000000      0x3bd .\CortexM0p\ARM_GCC_541\Debug\main.o
 .debug_info    0x000003bd       0xfb .\CortexM0p\ARM_GCC_541\Debug\cyfitter_cfg.o
 .debug_info    0x000004b8      0x153 .\CortexM0p\ARM_GCC_541\Debug\cybootloader.o
 .debug_info    0x0000060b       0xac .\CortexM0p\ARM_GCC_541\Debug\cymetadata.o
 .debug_info    0x000006b7      0x3bb .\CortexM0p\ARM_GCC_541\Debug\Cm0plusStart.o
 .debug_info    0x00000a72      0x23a .\CortexM0p\ARM_GCC_541\Debug\PWM.a(mUART.o)
 .debug_info    0x00000cac      0x3b5 .\CortexM0p\ARM_GCC_541\Debug\PWM.a(mUART_UART.o)
 .debug_info    0x00001061      0xbce .\CortexM0p\ARM_GCC_541\Debug\PWM.a(CyLib.o)
 .debug_info    0x00001c2f      0x444 .\CortexM0p\ARM_GCC_541\Debug\PWM.a(CyLFClk.o)
 .debug_info    0x00002073      0x90b .\CortexM0p\ARM_GCC_541\Debug\PWM.a(mPWM0.o)
 .debug_info    0x0000297e      0x90b .\CortexM0p\ARM_GCC_541\Debug\PWM.a(mPWM1.o)
 .debug_info    0x00003289      0x90b .\CortexM0p\ARM_GCC_541\Debug\PWM.a(mPWM2.o)
 .debug_info    0x00003b94       0x86 .\CortexM0p\ARM_GCC_541\Debug\PWM.a(CyBootAsmGnu.o)
 .debug_info    0x00003c1a      0x220 .\CortexM0p\ARM_GCC_541\Debug\PWM.a(mUART_SPI_UART.o)
 .debug_info    0x00003e3a      0x417 .\CortexM0p\ARM_GCC_541\Debug\PWM.a(CyFlash.o)

.debug_abbrev   0x00000000     0x10fb
 *(.debug_abbrev)
 .debug_abbrev  0x00000000      0x1a5 .\CortexM0p\ARM_GCC_541\Debug\main.o
 .debug_abbrev  0x000001a5       0xa3 .\CortexM0p\ARM_GCC_541\Debug\cyfitter_cfg.o
 .debug_abbrev  0x00000248       0x77 .\CortexM0p\ARM_GCC_541\Debug\cybootloader.o
 .debug_abbrev  0x000002bf       0x5d .\CortexM0p\ARM_GCC_541\Debug\cymetadata.o
 .debug_abbrev  0x0000031c      0x1e8 .\CortexM0p\ARM_GCC_541\Debug\Cm0plusStart.o
 .debug_abbrev  0x00000504       0xd5 .\CortexM0p\ARM_GCC_541\Debug\PWM.a(mUART.o)
 .debug_abbrev  0x000005d9      0x132 .\CortexM0p\ARM_GCC_541\Debug\PWM.a(mUART_UART.o)
 .debug_abbrev  0x0000070b      0x1f5 .\CortexM0p\ARM_GCC_541\Debug\PWM.a(CyLib.o)
 .debug_abbrev  0x00000900      0x1af .\CortexM0p\ARM_GCC_541\Debug\PWM.a(CyLFClk.o)
 .debug_abbrev  0x00000aaf      0x119 .\CortexM0p\ARM_GCC_541\Debug\PWM.a(mPWM0.o)
 .debug_abbrev  0x00000bc8      0x119 .\CortexM0p\ARM_GCC_541\Debug\PWM.a(mPWM1.o)
 .debug_abbrev  0x00000ce1      0x119 .\CortexM0p\ARM_GCC_541\Debug\PWM.a(mPWM2.o)
 .debug_abbrev  0x00000dfa       0x14 .\CortexM0p\ARM_GCC_541\Debug\PWM.a(CyBootAsmGnu.o)
 .debug_abbrev  0x00000e0e      0x14f .\CortexM0p\ARM_GCC_541\Debug\PWM.a(mUART_SPI_UART.o)
 .debug_abbrev  0x00000f5d      0x19e .\CortexM0p\ARM_GCC_541\Debug\PWM.a(CyFlash.o)

.debug_line     0x00000000     0x1e02
 *(.debug_line)
 .debug_line    0x00000000      0x17c .\CortexM0p\ARM_GCC_541\Debug\main.o
 .debug_line    0x0000017c       0x8e .\CortexM0p\ARM_GCC_541\Debug\cyfitter_cfg.o
 .debug_line    0x0000020a       0x53 .\CortexM0p\ARM_GCC_541\Debug\cybootloader.o
 .debug_line    0x0000025d      0x141 .\CortexM0p\ARM_GCC_541\Debug\cymetadata.o
 .debug_line    0x0000039e      0x24a .\CortexM0p\ARM_GCC_541\Debug\Cm0plusStart.o
 .debug_line    0x000005e8      0x10a .\CortexM0p\ARM_GCC_541\Debug\PWM.a(mUART.o)
 .debug_line    0x000006f2      0x1d2 .\CortexM0p\ARM_GCC_541\Debug\PWM.a(mUART_UART.o)
 .debug_line    0x000008c4      0x4dc .\CortexM0p\ARM_GCC_541\Debug\PWM.a(CyLib.o)
 .debug_line    0x00000da0      0x284 .\CortexM0p\ARM_GCC_541\Debug\PWM.a(CyLFClk.o)
 .debug_line    0x00001024      0x37e .\CortexM0p\ARM_GCC_541\Debug\PWM.a(mPWM0.o)
 .debug_line    0x000013a2      0x37e .\CortexM0p\ARM_GCC_541\Debug\PWM.a(mPWM1.o)
 .debug_line    0x00001720      0x37e .\CortexM0p\ARM_GCC_541\Debug\PWM.a(mPWM2.o)
 .debug_line    0x00001a9e       0x68 .\CortexM0p\ARM_GCC_541\Debug\PWM.a(CyBootAsmGnu.o)
 .debug_line    0x00001b06      0x11b .\CortexM0p\ARM_GCC_541\Debug\PWM.a(mUART_SPI_UART.o)
 .debug_line    0x00001c21      0x1e1 .\CortexM0p\ARM_GCC_541\Debug\PWM.a(CyFlash.o)

.debug_frame    0x00000000     0x1d28
 *(.debug_frame)
 .debug_frame   0x00000000       0x80 .\CortexM0p\ARM_GCC_541\Debug\main.o
 .debug_frame   0x00000080       0x48 .\CortexM0p\ARM_GCC_541\Debug\cyfitter_cfg.o
 .debug_frame   0x000000c8       0xbc .\CortexM0p\ARM_GCC_541\Debug\Cm0plusStart.o
 .debug_frame   0x00000184       0xd8 .\CortexM0p\ARM_GCC_541\Debug\PWM.a(mUART.o)
 .debug_frame   0x0000025c      0x144 .\CortexM0p\ARM_GCC_541\Debug\PWM.a(mUART_UART.o)
 .debug_frame   0x000003a0      0x418 .\CortexM0p\ARM_GCC_541\Debug\PWM.a(CyLib.o)
 .debug_frame   0x000007b8      0x1dc .\CortexM0p\ARM_GCC_541\Debug\PWM.a(CyLFClk.o)
 .debug_frame   0x00000994      0x3a0 .\CortexM0p\ARM_GCC_541\Debug\PWM.a(mPWM0.o)
 .debug_frame   0x00000d34      0x3a0 .\CortexM0p\ARM_GCC_541\Debug\PWM.a(mPWM1.o)
 .debug_frame   0x000010d4      0x3a0 .\CortexM0p\ARM_GCC_541\Debug\PWM.a(mPWM2.o)
 .debug_frame   0x00001474       0xb0 .\CortexM0p\ARM_GCC_541\Debug\PWM.a(mUART_SPI_UART.o)
 .debug_frame   0x00001524       0xa8 .\CortexM0p\ARM_GCC_541\Debug\PWM.a(CyFlash.o)
 .debug_frame   0x000015cc       0x2c c:/program files (x86)/cypress/psoc creator/4.4/psoc creator/import/gnu/arm/5.4.1/bin/../lib/gcc/arm-none-eabi/5.4.1/../../../../arm-none-eabi/lib/armv6-m\libm.a(lib_a-s_sin.o)
 .debug_frame   0x000015f8       0x3c c:/program files (x86)/cypress/psoc creator/4.4/psoc creator/import/gnu/arm/5.4.1/bin/../lib/gcc/arm-none-eabi/5.4.1/../../../../arm-none-eabi/lib/armv6-m\libm.a(lib_a-e_rem_pio2.o)
 .debug_frame   0x00001634       0x38 c:/program files (x86)/cypress/psoc creator/4.4/psoc creator/import/gnu/arm/5.4.1/bin/../lib/gcc/arm-none-eabi/5.4.1/../../../../arm-none-eabi/lib/armv6-m\libm.a(lib_a-k_cos.o)
 .debug_frame   0x0000166c       0x3c c:/program files (x86)/cypress/psoc creator/4.4/psoc creator/import/gnu/arm/5.4.1/bin/../lib/gcc/arm-none-eabi/5.4.1/../../../../arm-none-eabi/lib/armv6-m\libm.a(lib_a-k_rem_pio2.o)
 .debug_frame   0x000016a8       0x38 c:/program files (x86)/cypress/psoc creator/4.4/psoc creator/import/gnu/arm/5.4.1/bin/../lib/gcc/arm-none-eabi/5.4.1/../../../../arm-none-eabi/lib/armv6-m\libm.a(lib_a-k_sin.o)
 .debug_frame   0x000016e0       0x20 c:/program files (x86)/cypress/psoc creator/4.4/psoc creator/import/gnu/arm/5.4.1/bin/../lib/gcc/arm-none-eabi/5.4.1/../../../../arm-none-eabi/lib/armv6-m\libm.a(lib_a-s_fabs.o)
 .debug_frame   0x00001700       0x3c c:/program files (x86)/cypress/psoc creator/4.4/psoc creator/import/gnu/arm/5.4.1/bin/../lib/gcc/arm-none-eabi/5.4.1/../../../../arm-none-eabi/lib/armv6-m\libm.a(lib_a-s_floor.o)
 .debug_frame   0x0000173c       0x2c c:/program files (x86)/cypress/psoc creator/4.4/psoc creator/import/gnu/arm/5.4.1/bin/../lib/gcc/arm-none-eabi/5.4.1/../../../../arm-none-eabi/lib/armv6-m\libm.a(lib_a-s_scalbn.o)
 .debug_frame   0x00001768       0x2c c:/program files (x86)/cypress/psoc creator/4.4/psoc creator/import/gnu/arm/5.4.1/bin/../lib/gcc/arm-none-eabi/5.4.1/../../../../arm-none-eabi/lib/armv6-m\libm.a(lib_a-s_copysign.o)
 .debug_frame   0x00001794       0x20 c:/program files (x86)/cypress/psoc creator/4.4/psoc creator/import/gnu/arm/5.4.1/bin/../lib/gcc/arm-none-eabi/5.4.1/armv6-m\libgcc.a(_udivsi3.o)
 .debug_frame   0x000017b4       0x20 c:/program files (x86)/cypress/psoc creator/4.4/psoc creator/import/gnu/arm/5.4.1/bin/../lib/gcc/arm-none-eabi/5.4.1/armv6-m\libgcc.a(_divsi3.o)
 .debug_frame   0x000017d4       0x3c c:/program files (x86)/cypress/psoc creator/4.4/psoc creator/import/gnu/arm/5.4.1/bin/../lib/gcc/arm-none-eabi/5.4.1/armv6-m\libgcc.a(adddf3.o)
 .debug_frame   0x00001810       0x3c c:/program files (x86)/cypress/psoc creator/4.4/psoc creator/import/gnu/arm/5.4.1/bin/../lib/gcc/arm-none-eabi/5.4.1/armv6-m\libgcc.a(divdf3.o)
 .debug_frame   0x0000184c       0x38 c:/program files (x86)/cypress/psoc creator/4.4/psoc creator/import/gnu/arm/5.4.1/bin/../lib/gcc/arm-none-eabi/5.4.1/armv6-m\libgcc.a(eqdf2.o)
 .debug_frame   0x00001884       0x38 c:/program files (x86)/cypress/psoc creator/4.4/psoc creator/import/gnu/arm/5.4.1/bin/../lib/gcc/arm-none-eabi/5.4.1/armv6-m\libgcc.a(gedf2.o)
 .debug_frame   0x000018bc       0x38 c:/program files (x86)/cypress/psoc creator/4.4/psoc creator/import/gnu/arm/5.4.1/bin/../lib/gcc/arm-none-eabi/5.4.1/armv6-m\libgcc.a(ledf2.o)
 .debug_frame   0x000018f4       0x3c c:/program files (x86)/cypress/psoc creator/4.4/psoc creator/import/gnu/arm/5.4.1/bin/../lib/gcc/arm-none-eabi/5.4.1/armv6-m\libgcc.a(muldf3.o)
 .debug_frame   0x00001930       0x38 c:/program files (x86)/cypress/psoc creator/4.4/psoc creator/import/gnu/arm/5.4.1/bin/../lib/gcc/arm-none-eabi/5.4.1/armv6-m\libgcc.a(subdf3.o)
 .debug_frame   0x00001968       0x2c c:/program files (x86)/cypress/psoc creator/4.4/psoc creator/import/gnu/arm/5.4.1/bin/../lib/gcc/arm-none-eabi/5.4.1/armv6-m\libgcc.a(fixdfsi.o)
 .debug_frame   0x00001994       0x2c c:/program files (x86)/cypress/psoc creator/4.4/psoc creator/import/gnu/arm/5.4.1/bin/../lib/gcc/arm-none-eabi/5.4.1/armv6-m\libgcc.a(floatsidf.o)
 .debug_frame   0x000019c0       0x20 c:/program files (x86)/cypress/psoc creator/4.4/psoc creator/import/gnu/arm/5.4.1/bin/../lib/gcc/arm-none-eabi/5.4.1/../../../../arm-none-eabi/lib/armv6-m\libg_nano.a(lib_a-errno.o)
 .debug_frame   0x000019e0       0x28 c:/program files (x86)/cypress/psoc creator/4.4/psoc creator/import/gnu/arm/5.4.1/bin/../lib/gcc/arm-none-eabi/5.4.1/../../../../arm-none-eabi/lib/armv6-m\libg_nano.a(lib_a-exit.o)
 .debug_frame   0x00001a08       0x2c c:/program files (x86)/cypress/psoc creator/4.4/psoc creator/import/gnu/arm/5.4.1/bin/../lib/gcc/arm-none-eabi/5.4.1/../../../../arm-none-eabi/lib/armv6-m\libg_nano.a(lib_a-init.o)
 .debug_frame   0x00001a34       0x28 c:/program files (x86)/cypress/psoc creator/4.4/psoc creator/import/gnu/arm/5.4.1/bin/../lib/gcc/arm-none-eabi/5.4.1/../../../../arm-none-eabi/lib/armv6-m\libg_nano.a(lib_a-memcpy-stub.o)
 .debug_frame   0x00001a5c       0x20 c:/program files (x86)/cypress/psoc creator/4.4/psoc creator/import/gnu/arm/5.4.1/bin/../lib/gcc/arm-none-eabi/5.4.1/../../../../arm-none-eabi/lib/armv6-m\libg_nano.a(lib_a-memset.o)
 .debug_frame   0x00001a7c       0x50 c:/program files (x86)/cypress/psoc creator/4.4/psoc creator/import/gnu/arm/5.4.1/bin/../lib/gcc/arm-none-eabi/5.4.1/../../../../arm-none-eabi/lib/armv6-m\libg_nano.a(lib_a-sprintf.o)
 .debug_frame   0x00001acc       0x74 c:/program files (x86)/cypress/psoc creator/4.4/psoc creator/import/gnu/arm/5.4.1/bin/../lib/gcc/arm-none-eabi/5.4.1/../../../../arm-none-eabi/lib/armv6-m\libg_nano.a(lib_a-nano-svfprintf.o)
 .debug_frame   0x00001b40       0x54 c:/program files (x86)/cypress/psoc creator/4.4/psoc creator/import/gnu/arm/5.4.1/bin/../lib/gcc/arm-none-eabi/5.4.1/../../../../arm-none-eabi/lib/armv6-m\libg_nano.a(lib_a-nano-vfprintf_i.o)
 .debug_frame   0x00001b94       0x20 c:/program files (x86)/cypress/psoc creator/4.4/psoc creator/import/gnu/arm/5.4.1/bin/../lib/gcc/arm-none-eabi/5.4.1/../../../../arm-none-eabi/lib/armv6-m\libg_nano.a(lib_a-memchr-stub.o)
 .debug_frame   0x00001bb4       0x28 c:/program files (x86)/cypress/psoc creator/4.4/psoc creator/import/gnu/arm/5.4.1/bin/../lib/gcc/arm-none-eabi/5.4.1/../../../../arm-none-eabi/lib/armv6-m\libg_nano.a(lib_a-memmove.o)
 .debug_frame   0x00001bdc       0x2c c:/program files (x86)/cypress/psoc creator/4.4/psoc creator/import/gnu/arm/5.4.1/bin/../lib/gcc/arm-none-eabi/5.4.1/../../../../arm-none-eabi/lib/armv6-m\libg_nano.a(lib_a-nano-freer.o)
 .debug_frame   0x00001c08       0x2c c:/program files (x86)/cypress/psoc creator/4.4/psoc creator/import/gnu/arm/5.4.1/bin/../lib/gcc/arm-none-eabi/5.4.1/../../../../arm-none-eabi/lib/armv6-m\libg_nano.a(lib_a-nano-mallocr.o)
 .debug_frame   0x00001c34       0x30 c:/program files (x86)/cypress/psoc creator/4.4/psoc creator/import/gnu/arm/5.4.1/bin/../lib/gcc/arm-none-eabi/5.4.1/../../../../arm-none-eabi/lib/armv6-m\libg_nano.a(lib_a-nano-reallocr.o)
 .debug_frame   0x00001c64       0x2c c:/program files (x86)/cypress/psoc creator/4.4/psoc creator/import/gnu/arm/5.4.1/bin/../lib/gcc/arm-none-eabi/5.4.1/../../../../arm-none-eabi/lib/armv6-m\libg_nano.a(lib_a-sbrkr.o)
 .debug_frame   0x00001c90       0x30 c:/program files (x86)/cypress/psoc creator/4.4/psoc creator/import/gnu/arm/5.4.1/bin/../lib/gcc/arm-none-eabi/5.4.1/../../../../arm-none-eabi/lib/armv6-m\libg_nano.a(lib_a-mlock.o)
 .debug_frame   0x00001cc0       0x20 c:/program files (x86)/cypress/psoc creator/4.4/psoc creator/import/gnu/arm/5.4.1/bin/../lib/gcc/arm-none-eabi/5.4.1/../../../../arm-none-eabi/lib/armv6-m\libg_nano.a(lib_a-nano-msizer.o)
 .debug_frame   0x00001ce0       0x48 c:/program files (x86)/cypress/psoc creator/4.4/psoc creator/import/gnu/arm/5.4.1/bin/../lib/gcc/arm-none-eabi/5.4.1/../../../../arm-none-eabi/lib/armv6-m\libg_nano.a(lib_a-reent.o)

.debug_str      0x00000000     0x1ba0
 *(.debug_str)
 .debug_str     0x00000000      0x227 .\CortexM0p\ARM_GCC_541\Debug\main.o
                                0x275 (size before relaxing)
 .debug_str     0x00000227       0x60 .\CortexM0p\ARM_GCC_541\Debug\cyfitter_cfg.o
                                0x1d5 (size before relaxing)
 .debug_str     0x00000287       0x7e .\CortexM0p\ARM_GCC_541\Debug\cybootloader.o
                                0x1e7 (size before relaxing)
 .debug_str     0x00000305       0x3f .\CortexM0p\ARM_GCC_541\Debug\cymetadata.o
                                0x19e (size before relaxing)
 .debug_str     0x00000344      0x16a .\CortexM0p\ARM_GCC_541\Debug\Cm0plusStart.o
                                0x318 (size before relaxing)
 .debug_str     0x000004ae      0x10b .\CortexM0p\ARM_GCC_541\Debug\PWM.a(mUART.o)
                                0x29f (size before relaxing)
 .debug_str     0x000005b9      0x1e7 .\CortexM0p\ARM_GCC_541\Debug\PWM.a(mUART_UART.o)
                                0x3d6 (size before relaxing)
 .debug_str     0x000007a0      0x53d .\CortexM0p\ARM_GCC_541\Debug\PWM.a(CyLib.o)
                                0x705 (size before relaxing)
 .debug_str     0x00000cdd      0x2de .\CortexM0p\ARM_GCC_541\Debug\PWM.a(CyLFClk.o)
                                0x4b4 (size before relaxing)
 .debug_str     0x00000fbb      0x3c7 .\CortexM0p\ARM_GCC_541\Debug\PWM.a(mPWM0.o)
                                0x5ab (size before relaxing)
 .debug_str     0x00001382      0x308 .\CortexM0p\ARM_GCC_541\Debug\PWM.a(mPWM1.o)
                                0x5ab (size before relaxing)
 .debug_str     0x0000168a      0x308 .\CortexM0p\ARM_GCC_541\Debug\PWM.a(mPWM2.o)
                                0x5ab (size before relaxing)
 .debug_str     0x00001992       0xea .\CortexM0p\ARM_GCC_541\Debug\PWM.a(mUART_SPI_UART.o)
                                0x2d2 (size before relaxing)
 .debug_str     0x00001a7c      0x124 .\CortexM0p\ARM_GCC_541\Debug\PWM.a(CyFlash.o)
                                0x31c (size before relaxing)

.debug_loc      0x00000000     0x20bb
 *(.debug_loc)
 .debug_loc     0x00000000      0x176 .\CortexM0p\ARM_GCC_541\Debug\main.o
 .debug_loc     0x00000176      0x14f .\CortexM0p\ARM_GCC_541\Debug\Cm0plusStart.o
 .debug_loc     0x000002c5       0x7e .\CortexM0p\ARM_GCC_541\Debug\PWM.a(mUART.o)
 .debug_loc     0x00000343      0x223 .\CortexM0p\ARM_GCC_541\Debug\PWM.a(mUART_UART.o)
 .debug_loc     0x00000566      0x5d9 .\CortexM0p\ARM_GCC_541\Debug\PWM.a(CyLib.o)
 .debug_loc     0x00000b3f      0x354 .\CortexM0p\ARM_GCC_541\Debug\PWM.a(CyLFClk.o)
 .debug_loc     0x00000e93      0x547 .\CortexM0p\ARM_GCC_541\Debug\PWM.a(mPWM0.o)
 .debug_loc     0x000013da      0x547 .\CortexM0p\ARM_GCC_541\Debug\PWM.a(mPWM1.o)
 .debug_loc     0x00001921      0x547 .\CortexM0p\ARM_GCC_541\Debug\PWM.a(mPWM2.o)
 .debug_loc     0x00001e68       0x96 .\CortexM0p\ARM_GCC_541\Debug\PWM.a(mUART_SPI_UART.o)
 .debug_loc     0x00001efe      0x1bd .\CortexM0p\ARM_GCC_541\Debug\PWM.a(CyFlash.o)

.debug_macinfo
 *(.debug_macinfo)

.debug_ranges   0x00000000      0x7e8
 *(.debug_ranges)
 .debug_ranges  0x00000000       0x28 .\CortexM0p\ARM_GCC_541\Debug\main.o
 .debug_ranges  0x00000028       0x18 .\CortexM0p\ARM_GCC_541\Debug\cyfitter_cfg.o
 .debug_ranges  0x00000040       0x38 .\CortexM0p\ARM_GCC_541\Debug\Cm0plusStart.o
 .debug_ranges  0x00000078       0x48 .\CortexM0p\ARM_GCC_541\Debug\PWM.a(mUART.o)
 .debug_ranges  0x000000c0       0x80 .\CortexM0p\ARM_GCC_541\Debug\PWM.a(mUART_UART.o)
 .debug_ranges  0x00000140      0x180 .\CortexM0p\ARM_GCC_541\Debug\PWM.a(CyLib.o)
 .debug_ranges  0x000002c0       0xc8 .\CortexM0p\ARM_GCC_541\Debug\PWM.a(CyLFClk.o)
 .debug_ranges  0x00000388      0x148 .\CortexM0p\ARM_GCC_541\Debug\PWM.a(mPWM0.o)
 .debug_ranges  0x000004d0      0x148 .\CortexM0p\ARM_GCC_541\Debug\PWM.a(mPWM1.o)
 .debug_ranges  0x00000618      0x148 .\CortexM0p\ARM_GCC_541\Debug\PWM.a(mPWM2.o)
 .debug_ranges  0x00000760       0x50 .\CortexM0p\ARM_GCC_541\Debug\PWM.a(mUART_SPI_UART.o)
 .debug_ranges  0x000007b0       0x38 .\CortexM0p\ARM_GCC_541\Debug\PWM.a(CyFlash.o)

.comment        0x00000000       0x6e
 .comment       0x00000000       0x6e .\CortexM0p\ARM_GCC_541\Debug\main.o
                                 0x6f (size before relaxing)
 .comment       0x0000006e       0x6f .\CortexM0p\ARM_GCC_541\Debug\cyfitter_cfg.o
 .comment       0x0000006e       0x6f .\CortexM0p\ARM_GCC_541\Debug\cybootloader.o
 .comment       0x0000006e       0x6f .\CortexM0p\ARM_GCC_541\Debug\cymetadata.o
 .comment       0x0000006e       0x6f .\CortexM0p\ARM_GCC_541\Debug\Cm0plusStart.o
 .comment       0x0000006e       0x6f .\CortexM0p\ARM_GCC_541\Debug\PWM.a(mUART.o)
 .comment       0x0000006e       0x6f .\CortexM0p\ARM_GCC_541\Debug\PWM.a(mUART_UART.o)
 .comment       0x0000006e       0x6f .\CortexM0p\ARM_GCC_541\Debug\PWM.a(CyLib.o)
 .comment       0x0000006e       0x6f .\CortexM0p\ARM_GCC_541\Debug\PWM.a(CyLFClk.o)
 .comment       0x0000006e       0x6f .\CortexM0p\ARM_GCC_541\Debug\PWM.a(mPWM0.o)
 .comment       0x0000006e       0x6f .\CortexM0p\ARM_GCC_541\Debug\PWM.a(mPWM1.o)
 .comment       0x0000006e       0x6f .\CortexM0p\ARM_GCC_541\Debug\PWM.a(mPWM2.o)
 .comment       0x0000006e       0x6f .\CortexM0p\ARM_GCC_541\Debug\PWM.a(mUART_SPI_UART.o)
 .comment       0x0000006e       0x6f .\CortexM0p\ARM_GCC_541\Debug\PWM.a(CyFlash.o)

.debug_weaknames
 *(.debug_weaknames)

.debug_funcnames
 *(.debug_funcnames)

.debug_typenames
 *(.debug_typenames)

.debug_varnames
 *(.debug_varnames)

.note.gnu.arm.ident
 *(.note.gnu.arm.ident)

.ARM.attributes
                0x00000000       0x28
 *(.ARM.attributes)
 .ARM.attributes
                0x00000000       0x1e c:/program files (x86)/cypress/psoc creator/4.4/psoc creator/import/gnu/arm/5.4.1/bin/../lib/gcc/arm-none-eabi/5.4.1/armv6-m/crti.o
 .ARM.attributes
                0x0000001e       0x2c c:/program files (x86)/cypress/psoc creator/4.4/psoc creator/import/gnu/arm/5.4.1/bin/../lib/gcc/arm-none-eabi/5.4.1/armv6-m/crtbegin.o
 .ARM.attributes
                0x0000004a       0x1b c:/program files (x86)/cypress/psoc creator/4.4/psoc creator/import/gnu/arm/5.4.1/bin/../lib/gcc/arm-none-eabi/5.4.1/../../../../arm-none-eabi/lib/armv6-m/crt0.o
 .ARM.attributes
                0x00000065       0x32 .\CortexM0p\ARM_GCC_541\Debug\main.o
 .ARM.attributes
                0x00000097       0x32 .\CortexM0p\ARM_GCC_541\Debug\cyfitter_cfg.o
 .ARM.attributes
                0x000000c9       0x32 .\CortexM0p\ARM_GCC_541\Debug\cybootloader.o
 .ARM.attributes
                0x000000fb       0x32 .\CortexM0p\ARM_GCC_541\Debug\cymetadata.o
 .ARM.attributes
                0x0000012d       0x32 .\CortexM0p\ARM_GCC_541\Debug\Cm0plusStart.o
 .ARM.attributes
                0x0000015f       0x32 .\CortexM0p\ARM_GCC_541\Debug\PWM.a(mUART.o)
 .ARM.attributes
                0x00000191       0x32 .\CortexM0p\ARM_GCC_541\Debug\PWM.a(mUART_UART.o)
 .ARM.attributes
                0x000001c3       0x32 .\CortexM0p\ARM_GCC_541\Debug\PWM.a(CyLib.o)
 .ARM.attributes
                0x000001f5       0x32 .\CortexM0p\ARM_GCC_541\Debug\PWM.a(CyLFClk.o)
 .ARM.attributes
                0x00000227       0x32 .\CortexM0p\ARM_GCC_541\Debug\PWM.a(mPWM0.o)
 .ARM.attributes
                0x00000259       0x32 .\CortexM0p\ARM_GCC_541\Debug\PWM.a(mPWM1.o)
 .ARM.attributes
                0x0000028b       0x32 .\CortexM0p\ARM_GCC_541\Debug\PWM.a(mPWM2.o)
 .ARM.attributes
                0x000002bd       0x22 .\CortexM0p\ARM_GCC_541\Debug\PWM.a(CyBootAsmGnu.o)
 .ARM.attributes
                0x000002df       0x32 .\CortexM0p\ARM_GCC_541\Debug\PWM.a(mUART_SPI_UART.o)
 .ARM.attributes
                0x00000311       0x32 .\CortexM0p\ARM_GCC_541\Debug\PWM.a(CyFlash.o)
 .ARM.attributes
                0x00000343       0x2c c:/program files (x86)/cypress/psoc creator/4.4/psoc creator/import/gnu/arm/5.4.1/bin/../lib/gcc/arm-none-eabi/5.4.1/../../../../arm-none-eabi/lib/armv6-m\libm.a(lib_a-s_sin.o)
 .ARM.attributes
                0x0000036f       0x2c c:/program files (x86)/cypress/psoc creator/4.4/psoc creator/import/gnu/arm/5.4.1/bin/../lib/gcc/arm-none-eabi/5.4.1/../../../../arm-none-eabi/lib/armv6-m\libm.a(lib_a-e_rem_pio2.o)
 .ARM.attributes
                0x0000039b       0x2c c:/program files (x86)/cypress/psoc creator/4.4/psoc creator/import/gnu/arm/5.4.1/bin/../lib/gcc/arm-none-eabi/5.4.1/../../../../arm-none-eabi/lib/armv6-m\libm.a(lib_a-k_cos.o)
 .ARM.attributes
                0x000003c7       0x2c c:/program files (x86)/cypress/psoc creator/4.4/psoc creator/import/gnu/arm/5.4.1/bin/../lib/gcc/arm-none-eabi/5.4.1/../../../../arm-none-eabi/lib/armv6-m\libm.a(lib_a-k_rem_pio2.o)
 .ARM.attributes
                0x000003f3       0x2c c:/program files (x86)/cypress/psoc creator/4.4/psoc creator/import/gnu/arm/5.4.1/bin/../lib/gcc/arm-none-eabi/5.4.1/../../../../arm-none-eabi/lib/armv6-m\libm.a(lib_a-k_sin.o)
 .ARM.attributes
                0x0000041f       0x2c c:/program files (x86)/cypress/psoc creator/4.4/psoc creator/import/gnu/arm/5.4.1/bin/../lib/gcc/arm-none-eabi/5.4.1/../../../../arm-none-eabi/lib/armv6-m\libm.a(lib_a-s_fabs.o)
 .ARM.attributes
                0x0000044b       0x2c c:/program files (x86)/cypress/psoc creator/4.4/psoc creator/import/gnu/arm/5.4.1/bin/../lib/gcc/arm-none-eabi/5.4.1/../../../../arm-none-eabi/lib/armv6-m\libm.a(lib_a-s_floor.o)
 .ARM.attributes
                0x00000477       0x2c c:/program files (x86)/cypress/psoc creator/4.4/psoc creator/import/gnu/arm/5.4.1/bin/../lib/gcc/arm-none-eabi/5.4.1/../../../../arm-none-eabi/lib/armv6-m\libm.a(lib_a-s_scalbn.o)
 .ARM.attributes
                0x000004a3       0x2c c:/program files (x86)/cypress/psoc creator/4.4/psoc creator/import/gnu/arm/5.4.1/bin/../lib/gcc/arm-none-eabi/5.4.1/../../../../arm-none-eabi/lib/armv6-m\libm.a(lib_a-s_copysign.o)
 .ARM.attributes
                0x000004cf       0x1e c:/program files (x86)/cypress/psoc creator/4.4/psoc creator/import/gnu/arm/5.4.1/bin/../lib/gcc/arm-none-eabi/5.4.1/armv6-m\libgcc.a(_udivsi3.o)
 .ARM.attributes
                0x000004ed       0x1e c:/program files (x86)/cypress/psoc creator/4.4/psoc creator/import/gnu/arm/5.4.1/bin/../lib/gcc/arm-none-eabi/5.4.1/armv6-m\libgcc.a(_divsi3.o)
 .ARM.attributes
                0x0000050b       0x1e c:/program files (x86)/cypress/psoc creator/4.4/psoc creator/import/gnu/arm/5.4.1/bin/../lib/gcc/arm-none-eabi/5.4.1/armv6-m\libgcc.a(_dvmd_tls.o)
 .ARM.attributes
                0x00000529       0x1e c:/program files (x86)/cypress/psoc creator/4.4/psoc creator/import/gnu/arm/5.4.1/bin/../lib/gcc/arm-none-eabi/5.4.1/armv6-m\libgcc.a(_arm_cmpdf2.o)
 .ARM.attributes
                0x00000547       0x2c c:/program files (x86)/cypress/psoc creator/4.4/psoc creator/import/gnu/arm/5.4.1/bin/../lib/gcc/arm-none-eabi/5.4.1/armv6-m\libgcc.a(adddf3.o)
 .ARM.attributes
                0x00000573       0x2c c:/program files (x86)/cypress/psoc creator/4.4/psoc creator/import/gnu/arm/5.4.1/bin/../lib/gcc/arm-none-eabi/5.4.1/armv6-m\libgcc.a(divdf3.o)
 .ARM.attributes
                0x0000059f       0x2c c:/program files (x86)/cypress/psoc creator/4.4/psoc creator/import/gnu/arm/5.4.1/bin/../lib/gcc/arm-none-eabi/5.4.1/armv6-m\libgcc.a(eqdf2.o)
 .ARM.attributes
                0x000005cb       0x2c c:/program files (x86)/cypress/psoc creator/4.4/psoc creator/import/gnu/arm/5.4.1/bin/../lib/gcc/arm-none-eabi/5.4.1/armv6-m\libgcc.a(gedf2.o)
 .ARM.attributes
                0x000005f7       0x2c c:/program files (x86)/cypress/psoc creator/4.4/psoc creator/import/gnu/arm/5.4.1/bin/../lib/gcc/arm-none-eabi/5.4.1/armv6-m\libgcc.a(ledf2.o)
 .ARM.attributes
                0x00000623       0x2c c:/program files (x86)/cypress/psoc creator/4.4/psoc creator/import/gnu/arm/5.4.1/bin/../lib/gcc/arm-none-eabi/5.4.1/armv6-m\libgcc.a(muldf3.o)
 .ARM.attributes
                0x0000064f       0x2c c:/program files (x86)/cypress/psoc creator/4.4/psoc creator/import/gnu/arm/5.4.1/bin/../lib/gcc/arm-none-eabi/5.4.1/armv6-m\libgcc.a(subdf3.o)
 .ARM.attributes
                0x0000067b       0x2c c:/program files (x86)/cypress/psoc creator/4.4/psoc creator/import/gnu/arm/5.4.1/bin/../lib/gcc/arm-none-eabi/5.4.1/armv6-m\libgcc.a(fixdfsi.o)
 .ARM.attributes
                0x000006a7       0x2c c:/program files (x86)/cypress/psoc creator/4.4/psoc creator/import/gnu/arm/5.4.1/bin/../lib/gcc/arm-none-eabi/5.4.1/armv6-m\libgcc.a(floatsidf.o)
 .ARM.attributes
                0x000006d3       0x1e c:/program files (x86)/cypress/psoc creator/4.4/psoc creator/import/gnu/arm/5.4.1/bin/../lib/gcc/arm-none-eabi/5.4.1/armv6-m\libgcc.a(_clzsi2.o)
 .ARM.attributes
                0x000006f1       0x2c c:/program files (x86)/cypress/psoc creator/4.4/psoc creator/import/gnu/arm/5.4.1/bin/../lib/gcc/arm-none-eabi/5.4.1/../../../../arm-none-eabi/lib/armv6-m\libg_nano.a(lib_a-errno.o)
 .ARM.attributes
                0x0000071d       0x2c c:/program files (x86)/cypress/psoc creator/4.4/psoc creator/import/gnu/arm/5.4.1/bin/../lib/gcc/arm-none-eabi/5.4.1/../../../../arm-none-eabi/lib/armv6-m\libg_nano.a(lib_a-exit.o)
 .ARM.attributes
                0x00000749       0x2c c:/program files (x86)/cypress/psoc creator/4.4/psoc creator/import/gnu/arm/5.4.1/bin/../lib/gcc/arm-none-eabi/5.4.1/../../../../arm-none-eabi/lib/armv6-m\libg_nano.a(lib_a-impure.o)
 .ARM.attributes
                0x00000775       0x2c c:/program files (x86)/cypress/psoc creator/4.4/psoc creator/import/gnu/arm/5.4.1/bin/../lib/gcc/arm-none-eabi/5.4.1/../../../../arm-none-eabi/lib/armv6-m\libg_nano.a(lib_a-init.o)
 .ARM.attributes
                0x000007a1       0x2c c:/program files (x86)/cypress/psoc creator/4.4/psoc creator/import/gnu/arm/5.4.1/bin/../lib/gcc/arm-none-eabi/5.4.1/../../../../arm-none-eabi/lib/armv6-m\libg_nano.a(lib_a-memcpy-stub.o)
 .ARM.attributes
                0x000007cd       0x2c c:/program files (x86)/cypress/psoc creator/4.4/psoc creator/import/gnu/arm/5.4.1/bin/../lib/gcc/arm-none-eabi/5.4.1/../../../../arm-none-eabi/lib/armv6-m\libg_nano.a(lib_a-memset.o)
 .ARM.attributes
                0x000007f9       0x2c c:/program files (x86)/cypress/psoc creator/4.4/psoc creator/import/gnu/arm/5.4.1/bin/../lib/gcc/arm-none-eabi/5.4.1/../../../../arm-none-eabi/lib/armv6-m\libg_nano.a(lib_a-sprintf.o)
 .ARM.attributes
                0x00000825       0x2c c:/program files (x86)/cypress/psoc creator/4.4/psoc creator/import/gnu/arm/5.4.1/bin/../lib/gcc/arm-none-eabi/5.4.1/../../../../arm-none-eabi/lib/armv6-m\libg_nano.a(lib_a-nano-svfprintf.o)
 .ARM.attributes
                0x00000851       0x2c c:/program files (x86)/cypress/psoc creator/4.4/psoc creator/import/gnu/arm/5.4.1/bin/../lib/gcc/arm-none-eabi/5.4.1/../../../../arm-none-eabi/lib/armv6-m\libg_nano.a(lib_a-nano-vfprintf_i.o)
 .ARM.attributes
                0x0000087d       0x2c c:/program files (x86)/cypress/psoc creator/4.4/psoc creator/import/gnu/arm/5.4.1/bin/../lib/gcc/arm-none-eabi/5.4.1/../../../../arm-none-eabi/lib/armv6-m\libg_nano.a(lib_a-memchr-stub.o)
 .ARM.attributes
                0x000008a9       0x2c c:/program files (x86)/cypress/psoc creator/4.4/psoc creator/import/gnu/arm/5.4.1/bin/../lib/gcc/arm-none-eabi/5.4.1/../../../../arm-none-eabi/lib/armv6-m\libg_nano.a(lib_a-memmove.o)
 .ARM.attributes
                0x000008d5       0x2c c:/program files (x86)/cypress/psoc creator/4.4/psoc creator/import/gnu/arm/5.4.1/bin/../lib/gcc/arm-none-eabi/5.4.1/../../../../arm-none-eabi/lib/armv6-m\libg_nano.a(lib_a-nano-freer.o)
 .ARM.attributes
                0x00000901       0x2c c:/program files (x86)/cypress/psoc creator/4.4/psoc creator/import/gnu/arm/5.4.1/bin/../lib/gcc/arm-none-eabi/5.4.1/../../../../arm-none-eabi/lib/armv6-m\libg_nano.a(lib_a-nano-mallocr.o)
 .ARM.attributes
                0x0000092d       0x2c c:/program files (x86)/cypress/psoc creator/4.4/psoc creator/import/gnu/arm/5.4.1/bin/../lib/gcc/arm-none-eabi/5.4.1/../../../../arm-none-eabi/lib/armv6-m\libg_nano.a(lib_a-nano-reallocr.o)
 .ARM.attributes
                0x00000959       0x2c c:/program files (x86)/cypress/psoc creator/4.4/psoc creator/import/gnu/arm/5.4.1/bin/../lib/gcc/arm-none-eabi/5.4.1/../../../../arm-none-eabi/lib/armv6-m\libg_nano.a(lib_a-sbrkr.o)
 .ARM.attributes
                0x00000985       0x2c c:/program files (x86)/cypress/psoc creator/4.4/psoc creator/import/gnu/arm/5.4.1/bin/../lib/gcc/arm-none-eabi/5.4.1/../../../../arm-none-eabi/lib/armv6-m\libg_nano.a(lib_a-mlock.o)
 .ARM.attributes
                0x000009b1       0x2c c:/program files (x86)/cypress/psoc creator/4.4/psoc creator/import/gnu/arm/5.4.1/bin/../lib/gcc/arm-none-eabi/5.4.1/../../../../arm-none-eabi/lib/armv6-m\libg_nano.a(lib_a-nano-msizer.o)
 .ARM.attributes
                0x000009dd       0x2c c:/program files (x86)/cypress/psoc creator/4.4/psoc creator/import/gnu/arm/5.4.1/bin/../lib/gcc/arm-none-eabi/5.4.1/../../../../arm-none-eabi/lib/armv6-m\libg_nano.a(lib_a-reent.o)
 .ARM.attributes
                0x00000a09       0x2c c:/program files (x86)/cypress/psoc creator/4.4/psoc creator/import/gnu/arm/5.4.1/bin/../lib/gcc/arm-none-eabi/5.4.1/armv6-m/crtend.o
 .ARM.attributes
                0x00000a35       0x1e c:/program files (x86)/cypress/psoc creator/4.4/psoc creator/import/gnu/arm/5.4.1/bin/../lib/gcc/arm-none-eabi/5.4.1/armv6-m/crtn.o

/DISCARD/
 *(.note.GNU-stack)
OUTPUT(C:\Users\PC\Documents\PSoC Creator\yellowChip\PWM.cydsn\CortexM0p\ARM_GCC_541\Debug\PWM.elf elf32-littlearm)
