ARM GAS  C:\Users\PC\AppData\Local\Temp\ccUkGFDh.s 			page 1


   1              		.syntax unified
   2              		.cpu cortex-m0plus
   3              		.fpu softvfp
   4              		.eabi_attribute 20, 1
   5              		.eabi_attribute 21, 1
   6              		.eabi_attribute 23, 3
   7              		.eabi_attribute 24, 1
   8              		.eabi_attribute 25, 1
   9              		.eabi_attribute 26, 1
  10              		.eabi_attribute 30, 1
  11              		.eabi_attribute 34, 0
  12              		.eabi_attribute 18, 4
  13              		.thumb
  14              		.syntax unified
  15              		.file	"cyfitter_cfg.c"
  16              		.text
  17              	.Ltext0:
  18              		.cfi_sections	.debug_frame
  19              		.section	.psocinit,"ax",%progbits
  20              		.align	2
  21              		.code	16
  22              		.thumb_func
  23              		.type	ClockSetup, %function
  24              	ClockSetup:
  25              	.LFB4:
  26              		.file 1 "Generated_Source\\PSoC4\\cyfitter_cfg.c"
   1:Generated_Source\PSoC4/cyfitter_cfg.c **** 
   2:Generated_Source\PSoC4/cyfitter_cfg.c **** /*******************************************************************************
   3:Generated_Source\PSoC4/cyfitter_cfg.c **** * File Name: cyfitter_cfg.c
   4:Generated_Source\PSoC4/cyfitter_cfg.c **** * 
   5:Generated_Source\PSoC4/cyfitter_cfg.c **** * PSoC Creator  4.4
   6:Generated_Source\PSoC4/cyfitter_cfg.c **** *
   7:Generated_Source\PSoC4/cyfitter_cfg.c **** * Description:
   8:Generated_Source\PSoC4/cyfitter_cfg.c **** * This file contains device initialization code.
   9:Generated_Source\PSoC4/cyfitter_cfg.c **** * Except for the user defined sections in CyClockStartupError(), this file should not be modified.
  10:Generated_Source\PSoC4/cyfitter_cfg.c **** * This file is automatically generated by PSoC Creator.
  11:Generated_Source\PSoC4/cyfitter_cfg.c **** *
  12:Generated_Source\PSoC4/cyfitter_cfg.c **** ********************************************************************************
  13:Generated_Source\PSoC4/cyfitter_cfg.c **** * Copyright (c) 2007-2020 Cypress Semiconductor.  All rights reserved.
  14:Generated_Source\PSoC4/cyfitter_cfg.c **** * You may use this file only in accordance with the license, terms, conditions, 
  15:Generated_Source\PSoC4/cyfitter_cfg.c **** * disclaimers, and limitations in the end user license agreement accompanying 
  16:Generated_Source\PSoC4/cyfitter_cfg.c **** * the software package with which this file was provided.
  17:Generated_Source\PSoC4/cyfitter_cfg.c **** ********************************************************************************/
  18:Generated_Source\PSoC4/cyfitter_cfg.c **** 
  19:Generated_Source\PSoC4/cyfitter_cfg.c **** #include <string.h>
  20:Generated_Source\PSoC4/cyfitter_cfg.c **** #include "cytypes.h"
  21:Generated_Source\PSoC4/cyfitter_cfg.c **** #include "cydevice_trm.h"
  22:Generated_Source\PSoC4/cyfitter_cfg.c **** #include "cyfitter.h"
  23:Generated_Source\PSoC4/cyfitter_cfg.c **** #include "CyLib.h"
  24:Generated_Source\PSoC4/cyfitter_cfg.c **** #include "cyfitter_cfg.h"
  25:Generated_Source\PSoC4/cyfitter_cfg.c **** #include "cyapicallbacks.h"
  26:Generated_Source\PSoC4/cyfitter_cfg.c **** 
  27:Generated_Source\PSoC4/cyfitter_cfg.c **** 
  28:Generated_Source\PSoC4/cyfitter_cfg.c **** #if defined(__GNUC__) || defined(__ARMCC_VERSION)
  29:Generated_Source\PSoC4/cyfitter_cfg.c ****     #define CYPACKED 
  30:Generated_Source\PSoC4/cyfitter_cfg.c ****     #define CYPACKED_ATTR __attribute__ ((packed))
  31:Generated_Source\PSoC4/cyfitter_cfg.c ****     #define CYALIGNED __attribute__ ((aligned))
ARM GAS  C:\Users\PC\AppData\Local\Temp\ccUkGFDh.s 			page 2


  32:Generated_Source\PSoC4/cyfitter_cfg.c ****     #define CY_CFG_UNUSED __attribute__ ((unused))
  33:Generated_Source\PSoC4/cyfitter_cfg.c ****     #ifndef CY_CFG_SECTION
  34:Generated_Source\PSoC4/cyfitter_cfg.c ****         #define CY_CFG_SECTION __attribute__ ((section(".psocinit")))
  35:Generated_Source\PSoC4/cyfitter_cfg.c ****     #endif
  36:Generated_Source\PSoC4/cyfitter_cfg.c ****     
  37:Generated_Source\PSoC4/cyfitter_cfg.c ****     #if defined(__ARMCC_VERSION)
  38:Generated_Source\PSoC4/cyfitter_cfg.c ****         #define CY_CFG_MEMORY_BARRIER() __memory_changed()
  39:Generated_Source\PSoC4/cyfitter_cfg.c ****     #else
  40:Generated_Source\PSoC4/cyfitter_cfg.c ****         #define CY_CFG_MEMORY_BARRIER() __sync_synchronize()
  41:Generated_Source\PSoC4/cyfitter_cfg.c ****     #endif
  42:Generated_Source\PSoC4/cyfitter_cfg.c ****     
  43:Generated_Source\PSoC4/cyfitter_cfg.c **** #elif defined(__ICCARM__)
  44:Generated_Source\PSoC4/cyfitter_cfg.c ****     #include <intrinsics.h>
  45:Generated_Source\PSoC4/cyfitter_cfg.c **** 
  46:Generated_Source\PSoC4/cyfitter_cfg.c ****     #define CYPACKED __packed
  47:Generated_Source\PSoC4/cyfitter_cfg.c ****     #define CYPACKED_ATTR 
  48:Generated_Source\PSoC4/cyfitter_cfg.c ****     #define CYALIGNED _Pragma("data_alignment=4")
  49:Generated_Source\PSoC4/cyfitter_cfg.c ****     #define CY_CFG_UNUSED _Pragma("diag_suppress=Pe177")
  50:Generated_Source\PSoC4/cyfitter_cfg.c ****     #define CY_CFG_SECTION _Pragma("location=\".psocinit\"")
  51:Generated_Source\PSoC4/cyfitter_cfg.c ****     
  52:Generated_Source\PSoC4/cyfitter_cfg.c ****     #define CY_CFG_MEMORY_BARRIER() __DMB()
  53:Generated_Source\PSoC4/cyfitter_cfg.c ****     
  54:Generated_Source\PSoC4/cyfitter_cfg.c **** #else
  55:Generated_Source\PSoC4/cyfitter_cfg.c ****     #error Unsupported toolchain
  56:Generated_Source\PSoC4/cyfitter_cfg.c **** #endif
  57:Generated_Source\PSoC4/cyfitter_cfg.c **** 
  58:Generated_Source\PSoC4/cyfitter_cfg.c **** #ifndef CYCODE
  59:Generated_Source\PSoC4/cyfitter_cfg.c ****     #define CYCODE
  60:Generated_Source\PSoC4/cyfitter_cfg.c **** #endif
  61:Generated_Source\PSoC4/cyfitter_cfg.c **** #ifndef CYDATA
  62:Generated_Source\PSoC4/cyfitter_cfg.c ****     #define CYDATA
  63:Generated_Source\PSoC4/cyfitter_cfg.c **** #endif
  64:Generated_Source\PSoC4/cyfitter_cfg.c **** #ifndef CYFAR
  65:Generated_Source\PSoC4/cyfitter_cfg.c ****     #define CYFAR
  66:Generated_Source\PSoC4/cyfitter_cfg.c **** #endif
  67:Generated_Source\PSoC4/cyfitter_cfg.c **** #ifndef CYXDATA
  68:Generated_Source\PSoC4/cyfitter_cfg.c ****     #define CYXDATA
  69:Generated_Source\PSoC4/cyfitter_cfg.c **** #endif
  70:Generated_Source\PSoC4/cyfitter_cfg.c **** 
  71:Generated_Source\PSoC4/cyfitter_cfg.c **** 
  72:Generated_Source\PSoC4/cyfitter_cfg.c **** CY_CFG_UNUSED
  73:Generated_Source\PSoC4/cyfitter_cfg.c **** static void CYMEMZERO(void *s, size_t n);
  74:Generated_Source\PSoC4/cyfitter_cfg.c **** CY_CFG_UNUSED
  75:Generated_Source\PSoC4/cyfitter_cfg.c **** static void CYMEMZERO(void *s, size_t n)
  76:Generated_Source\PSoC4/cyfitter_cfg.c **** {
  77:Generated_Source\PSoC4/cyfitter_cfg.c **** 	(void)memset(s, 0, n);
  78:Generated_Source\PSoC4/cyfitter_cfg.c **** }
  79:Generated_Source\PSoC4/cyfitter_cfg.c **** CY_CFG_UNUSED
  80:Generated_Source\PSoC4/cyfitter_cfg.c **** static void CYCONFIGCPY(void *dest, const void *src, size_t n);
  81:Generated_Source\PSoC4/cyfitter_cfg.c **** CY_CFG_UNUSED
  82:Generated_Source\PSoC4/cyfitter_cfg.c **** static void CYCONFIGCPY(void *dest, const void *src, size_t n)
  83:Generated_Source\PSoC4/cyfitter_cfg.c **** {
  84:Generated_Source\PSoC4/cyfitter_cfg.c **** 	(void)memcpy(dest, src, n);
  85:Generated_Source\PSoC4/cyfitter_cfg.c **** }
  86:Generated_Source\PSoC4/cyfitter_cfg.c **** CY_CFG_UNUSED
  87:Generated_Source\PSoC4/cyfitter_cfg.c **** static void CYCONFIGCPYCODE(void *dest, const void *src, size_t n);
  88:Generated_Source\PSoC4/cyfitter_cfg.c **** CY_CFG_UNUSED
ARM GAS  C:\Users\PC\AppData\Local\Temp\ccUkGFDh.s 			page 3


  89:Generated_Source\PSoC4/cyfitter_cfg.c **** static void CYCONFIGCPYCODE(void *dest, const void *src, size_t n)
  90:Generated_Source\PSoC4/cyfitter_cfg.c **** {
  91:Generated_Source\PSoC4/cyfitter_cfg.c **** 	(void)memcpy(dest, src, n);
  92:Generated_Source\PSoC4/cyfitter_cfg.c **** }
  93:Generated_Source\PSoC4/cyfitter_cfg.c **** 
  94:Generated_Source\PSoC4/cyfitter_cfg.c **** 
  95:Generated_Source\PSoC4/cyfitter_cfg.c **** 
  96:Generated_Source\PSoC4/cyfitter_cfg.c **** 
  97:Generated_Source\PSoC4/cyfitter_cfg.c **** /* Clock startup error codes                                                   */
  98:Generated_Source\PSoC4/cyfitter_cfg.c **** #define CYCLOCKSTART_NO_ERROR    0u
  99:Generated_Source\PSoC4/cyfitter_cfg.c **** #define CYCLOCKSTART_XTAL_ERROR  1u
 100:Generated_Source\PSoC4/cyfitter_cfg.c **** #define CYCLOCKSTART_32KHZ_ERROR 2u
 101:Generated_Source\PSoC4/cyfitter_cfg.c **** #define CYCLOCKSTART_PLL_ERROR   3u
 102:Generated_Source\PSoC4/cyfitter_cfg.c **** #define CYCLOCKSTART_FLL_ERROR   4u
 103:Generated_Source\PSoC4/cyfitter_cfg.c **** #define CYCLOCKSTART_WCO_ERROR   5u
 104:Generated_Source\PSoC4/cyfitter_cfg.c **** 
 105:Generated_Source\PSoC4/cyfitter_cfg.c **** 
 106:Generated_Source\PSoC4/cyfitter_cfg.c **** #ifdef CY_NEED_CYCLOCKSTARTUPERROR
 107:Generated_Source\PSoC4/cyfitter_cfg.c **** /*******************************************************************************
 108:Generated_Source\PSoC4/cyfitter_cfg.c **** * Function Name: CyClockStartupError
 109:Generated_Source\PSoC4/cyfitter_cfg.c **** ********************************************************************************
 110:Generated_Source\PSoC4/cyfitter_cfg.c **** * Summary:
 111:Generated_Source\PSoC4/cyfitter_cfg.c **** *  If an error is encountered during clock configuration (crystal startup error,
 112:Generated_Source\PSoC4/cyfitter_cfg.c **** *  PLL lock error, etc.), the system will end up here.  Unless reimplemented by
 113:Generated_Source\PSoC4/cyfitter_cfg.c **** *  the customer, this function will stop in an infinite loop.
 114:Generated_Source\PSoC4/cyfitter_cfg.c **** *
 115:Generated_Source\PSoC4/cyfitter_cfg.c **** * Parameters:
 116:Generated_Source\PSoC4/cyfitter_cfg.c **** *   void
 117:Generated_Source\PSoC4/cyfitter_cfg.c **** *
 118:Generated_Source\PSoC4/cyfitter_cfg.c **** * Return:
 119:Generated_Source\PSoC4/cyfitter_cfg.c **** *   void
 120:Generated_Source\PSoC4/cyfitter_cfg.c **** *
 121:Generated_Source\PSoC4/cyfitter_cfg.c **** *******************************************************************************/
 122:Generated_Source\PSoC4/cyfitter_cfg.c **** CY_CFG_UNUSED
 123:Generated_Source\PSoC4/cyfitter_cfg.c **** static void CyClockStartupError(uint8 errorCode);
 124:Generated_Source\PSoC4/cyfitter_cfg.c **** CY_CFG_UNUSED
 125:Generated_Source\PSoC4/cyfitter_cfg.c **** static void CyClockStartupError(uint8 errorCode)
 126:Generated_Source\PSoC4/cyfitter_cfg.c **** {
 127:Generated_Source\PSoC4/cyfitter_cfg.c ****     /* To remove the compiler warning if errorCode not used.                */
 128:Generated_Source\PSoC4/cyfitter_cfg.c ****     errorCode = errorCode;
 129:Generated_Source\PSoC4/cyfitter_cfg.c **** 
 130:Generated_Source\PSoC4/cyfitter_cfg.c ****     /* If we have a clock startup error (bad MHz crystal, PLL lock, etc.),  */
 131:Generated_Source\PSoC4/cyfitter_cfg.c ****     /* we will end up here to allow the customer to implement something to  */
 132:Generated_Source\PSoC4/cyfitter_cfg.c ****     /* deal with the clock condition.                                       */
 133:Generated_Source\PSoC4/cyfitter_cfg.c **** 
 134:Generated_Source\PSoC4/cyfitter_cfg.c **** #ifdef CY_CFG_CLOCK_STARTUP_ERROR_CALLBACK
 135:Generated_Source\PSoC4/cyfitter_cfg.c ****     CY_CFG_Clock_Startup_ErrorCallback();
 136:Generated_Source\PSoC4/cyfitter_cfg.c **** #else
 137:Generated_Source\PSoC4/cyfitter_cfg.c ****     /*  If not using CY_CFG_CLOCK_STARTUP_ERROR_CALLBACK, place your clock startup code here. */
 138:Generated_Source\PSoC4/cyfitter_cfg.c ****     /* `#START CyClockStartupError` */
 139:Generated_Source\PSoC4/cyfitter_cfg.c **** 
 140:Generated_Source\PSoC4/cyfitter_cfg.c **** 
 141:Generated_Source\PSoC4/cyfitter_cfg.c **** 
 142:Generated_Source\PSoC4/cyfitter_cfg.c ****     /* `#END` */
 143:Generated_Source\PSoC4/cyfitter_cfg.c **** 
 144:Generated_Source\PSoC4/cyfitter_cfg.c ****     while(1) {}
 145:Generated_Source\PSoC4/cyfitter_cfg.c **** #endif /* CY_CFG_CLOCK_STARTUP_ERROR_CALLBACK */
ARM GAS  C:\Users\PC\AppData\Local\Temp\ccUkGFDh.s 			page 4


 146:Generated_Source\PSoC4/cyfitter_cfg.c **** }
 147:Generated_Source\PSoC4/cyfitter_cfg.c **** #endif
 148:Generated_Source\PSoC4/cyfitter_cfg.c **** 
 149:Generated_Source\PSoC4/cyfitter_cfg.c **** 
 150:Generated_Source\PSoC4/cyfitter_cfg.c **** 
 151:Generated_Source\PSoC4/cyfitter_cfg.c **** /*******************************************************************************
 152:Generated_Source\PSoC4/cyfitter_cfg.c **** * Function Name: ClockSetup
 153:Generated_Source\PSoC4/cyfitter_cfg.c **** ********************************************************************************
 154:Generated_Source\PSoC4/cyfitter_cfg.c **** *
 155:Generated_Source\PSoC4/cyfitter_cfg.c **** * Summary:
 156:Generated_Source\PSoC4/cyfitter_cfg.c **** *   Performs the initialization of all of the clocks in the device based on the
 157:Generated_Source\PSoC4/cyfitter_cfg.c **** *   settings in the Clock tab of the DWR.  This includes enabling the requested
 158:Generated_Source\PSoC4/cyfitter_cfg.c **** *   clocks and setting the necessary dividers to produce the desired frequency. 
 159:Generated_Source\PSoC4/cyfitter_cfg.c **** *
 160:Generated_Source\PSoC4/cyfitter_cfg.c **** * Parameters:
 161:Generated_Source\PSoC4/cyfitter_cfg.c **** *   void
 162:Generated_Source\PSoC4/cyfitter_cfg.c **** *
 163:Generated_Source\PSoC4/cyfitter_cfg.c **** * Return:
 164:Generated_Source\PSoC4/cyfitter_cfg.c **** *   void
 165:Generated_Source\PSoC4/cyfitter_cfg.c **** *
 166:Generated_Source\PSoC4/cyfitter_cfg.c **** *******************************************************************************/
 167:Generated_Source\PSoC4/cyfitter_cfg.c **** static void ClockSetup(void);
 168:Generated_Source\PSoC4/cyfitter_cfg.c **** CY_CFG_SECTION
 169:Generated_Source\PSoC4/cyfitter_cfg.c **** static void ClockSetup(void)
 170:Generated_Source\PSoC4/cyfitter_cfg.c **** {
  27              		.loc 1 170 0
  28              		.cfi_startproc
  29              		@ args = 0, pretend = 0, frame = 0
  30              		@ frame_needed = 0, uses_anonymous_args = 0
  31 0000 10B5     		push	{r4, lr}
  32              		.cfi_def_cfa_offset 8
  33              		.cfi_offset 4, -8
  34              		.cfi_offset 14, -4
 171:Generated_Source\PSoC4/cyfitter_cfg.c **** 
 172:Generated_Source\PSoC4/cyfitter_cfg.c **** 	/* Set Flash Cycles based on max possible frequency in case a glitch occurs during ClockSetup(). *
 173:Generated_Source\PSoC4/cyfitter_cfg.c **** 	CY_SET_REG32((void CYXDATA *)(CYREG_CPUSS_FLASH_CTL), (0x0012u));
  35              		.loc 1 173 0
  36 0002 0E4C     		ldr	r4, .L2
  37 0004 1223     		movs	r3, #18
  38 0006 2360     		str	r3, [r4]
 174:Generated_Source\PSoC4/cyfitter_cfg.c **** 	/* Update IMO to new clock speed. */
 175:Generated_Source\PSoC4/cyfitter_cfg.c **** 	CySysClkWriteImoFreq(24u);
  39              		.loc 1 175 0
  40 0008 1820     		movs	r0, #24
  41 000a FFF7FEFF 		bl	CySysClkWriteImoFreq
  42              	.LVL0:
 176:Generated_Source\PSoC4/cyfitter_cfg.c **** 
 177:Generated_Source\PSoC4/cyfitter_cfg.c **** 	/* Setup phase aligned clocks */
 178:Generated_Source\PSoC4/cyfitter_cfg.c **** 	CY_SET_REG32((void *)CYREG_PERI_DIV_16_CTL0, 0x00000000u);
  43              		.loc 1 178 0
  44 000e 0023     		movs	r3, #0
  45 0010 0B4A     		ldr	r2, .L2+4
  46 0012 1360     		str	r3, [r2]
 179:Generated_Source\PSoC4/cyfitter_cfg.c **** 	CY_SET_REG32((void *)CYREG_PERI_DIV_CMD, 0x8000FF40u);
  47              		.loc 1 179 0
  48 0014 0B4A     		ldr	r2, .L2+8
  49 0016 0C49     		ldr	r1, .L2+12
ARM GAS  C:\Users\PC\AppData\Local\Temp\ccUkGFDh.s 			page 5


  50 0018 1160     		str	r1, [r2]
 180:Generated_Source\PSoC4/cyfitter_cfg.c **** 	CY_SET_REG32((void *)CYREG_PERI_DIV_16_CTL1, 0x00001000u);
  51              		.loc 1 180 0
  52 001a 8020     		movs	r0, #128
  53 001c 4001     		lsls	r0, r0, #5
  54 001e 0B49     		ldr	r1, .L2+16
  55 0020 0860     		str	r0, [r1]
 181:Generated_Source\PSoC4/cyfitter_cfg.c **** 	CY_SET_REG32((void *)CYREG_PERI_DIV_CMD, 0x8000FF41u);
  56              		.loc 1 181 0
  57 0022 0B49     		ldr	r1, .L2+20
  58 0024 1160     		str	r1, [r2]
 182:Generated_Source\PSoC4/cyfitter_cfg.c **** 
 183:Generated_Source\PSoC4/cyfitter_cfg.c **** 	/* CYDEV_CLK_SELECT Starting address: CYDEV_CLK_SELECT */
 184:Generated_Source\PSoC4/cyfitter_cfg.c **** 	CY_SET_REG32((void *)(CYREG_CLK_SELECT), 0x00000000u);
  59              		.loc 1 184 0
  60 0026 0B4A     		ldr	r2, .L2+24
  61 0028 1360     		str	r3, [r2]
 185:Generated_Source\PSoC4/cyfitter_cfg.c **** 
 186:Generated_Source\PSoC4/cyfitter_cfg.c **** 	/* CYDEV_PERI_PCLK_CTL1 Starting address: CYDEV_PERI_PCLK_CTL1 */
 187:Generated_Source\PSoC4/cyfitter_cfg.c **** 	CY_SET_REG32((void *)(CYREG_PERI_PCLK_CTL1), 0x00000040u);
  62              		.loc 1 187 0
  63 002a 4022     		movs	r2, #64
  64 002c 0A4B     		ldr	r3, .L2+28
  65 002e 1A60     		str	r2, [r3]
 188:Generated_Source\PSoC4/cyfitter_cfg.c **** 
 189:Generated_Source\PSoC4/cyfitter_cfg.c **** 	/* CYDEV_PERI_PCLK_CTL0 Starting address: CYDEV_PERI_PCLK_CTL0 */
 190:Generated_Source\PSoC4/cyfitter_cfg.c **** 	CY_SET_REG32((void *)(CYREG_PERI_PCLK_CTL0), 0x00000041u);
  66              		.loc 1 190 0
  67 0030 0132     		adds	r2, r2, #1
  68 0032 0A4B     		ldr	r3, .L2+32
  69 0034 1A60     		str	r2, [r3]
 191:Generated_Source\PSoC4/cyfitter_cfg.c **** 
 192:Generated_Source\PSoC4/cyfitter_cfg.c **** 	/* Set Flash Cycles based on newly configured 24.00MHz HFCLK. */
 193:Generated_Source\PSoC4/cyfitter_cfg.c **** 	CY_SET_REG32((void CYXDATA *)(CYREG_CPUSS_FLASH_CTL), (0x0011u));
  70              		.loc 1 193 0
  71 0036 1123     		movs	r3, #17
  72 0038 2360     		str	r3, [r4]
 194:Generated_Source\PSoC4/cyfitter_cfg.c **** }
  73              		.loc 1 194 0
  74              		@ sp needed
  75 003a 10BD     		pop	{r4, pc}
  76              	.L3:
  77              		.align	2
  78              	.L2:
  79 003c 30001040 		.word	1074790448
  80 0040 00030140 		.word	1073808128
  81 0044 00000140 		.word	1073807360
  82 0048 40FF0080 		.word	-2147418304
  83 004c 04030140 		.word	1073808132
  84 0050 41FF0080 		.word	-2147418303
  85 0054 28000340 		.word	1073938472
  86 0058 04010140 		.word	1073807620
  87 005c 00010140 		.word	1073807616
  88              		.cfi_endproc
  89              	.LFE4:
  90              		.size	ClockSetup, .-ClockSetup
  91              		.align	2
ARM GAS  C:\Users\PC\AppData\Local\Temp\ccUkGFDh.s 			page 6


  92              		.global	cyfitter_cfg
  93              		.code	16
  94              		.thumb_func
  95              		.type	cyfitter_cfg, %function
  96              	cyfitter_cfg:
  97              	.LFB6:
 195:Generated_Source\PSoC4/cyfitter_cfg.c **** 
 196:Generated_Source\PSoC4/cyfitter_cfg.c **** 
 197:Generated_Source\PSoC4/cyfitter_cfg.c **** /* Analog API Functions */
 198:Generated_Source\PSoC4/cyfitter_cfg.c **** 
 199:Generated_Source\PSoC4/cyfitter_cfg.c **** 
 200:Generated_Source\PSoC4/cyfitter_cfg.c **** /*******************************************************************************
 201:Generated_Source\PSoC4/cyfitter_cfg.c **** * Function Name: AnalogSetDefault
 202:Generated_Source\PSoC4/cyfitter_cfg.c **** ********************************************************************************
 203:Generated_Source\PSoC4/cyfitter_cfg.c **** *
 204:Generated_Source\PSoC4/cyfitter_cfg.c **** * Summary:
 205:Generated_Source\PSoC4/cyfitter_cfg.c **** *  Sets up the analog portions of the chip to default values based on chip
 206:Generated_Source\PSoC4/cyfitter_cfg.c **** *  configuration options from the project.
 207:Generated_Source\PSoC4/cyfitter_cfg.c **** *
 208:Generated_Source\PSoC4/cyfitter_cfg.c **** * Parameters:
 209:Generated_Source\PSoC4/cyfitter_cfg.c **** *  void
 210:Generated_Source\PSoC4/cyfitter_cfg.c **** *
 211:Generated_Source\PSoC4/cyfitter_cfg.c **** * Return:
 212:Generated_Source\PSoC4/cyfitter_cfg.c **** *  void
 213:Generated_Source\PSoC4/cyfitter_cfg.c **** *
 214:Generated_Source\PSoC4/cyfitter_cfg.c **** *******************************************************************************/
 215:Generated_Source\PSoC4/cyfitter_cfg.c **** static void AnalogSetDefault(void);
 216:Generated_Source\PSoC4/cyfitter_cfg.c **** static void AnalogSetDefault(void)
 217:Generated_Source\PSoC4/cyfitter_cfg.c **** {
 218:Generated_Source\PSoC4/cyfitter_cfg.c **** }
 219:Generated_Source\PSoC4/cyfitter_cfg.c **** 
 220:Generated_Source\PSoC4/cyfitter_cfg.c **** 
 221:Generated_Source\PSoC4/cyfitter_cfg.c **** 
 222:Generated_Source\PSoC4/cyfitter_cfg.c **** 
 223:Generated_Source\PSoC4/cyfitter_cfg.c **** /*******************************************************************************
 224:Generated_Source\PSoC4/cyfitter_cfg.c **** * Function Name: cyfitter_cfg
 225:Generated_Source\PSoC4/cyfitter_cfg.c **** ********************************************************************************
 226:Generated_Source\PSoC4/cyfitter_cfg.c **** * Summary:
 227:Generated_Source\PSoC4/cyfitter_cfg.c **** *  This function is called by the start-up code for the selected device. It
 228:Generated_Source\PSoC4/cyfitter_cfg.c **** *  performs all of the necessary device configuration based on the design
 229:Generated_Source\PSoC4/cyfitter_cfg.c **** *  settings.  This includes settings from the Design Wide Resources (DWR) such
 230:Generated_Source\PSoC4/cyfitter_cfg.c **** *  as Clocks and Pins as well as any component configuration that is necessary.
 231:Generated_Source\PSoC4/cyfitter_cfg.c **** *
 232:Generated_Source\PSoC4/cyfitter_cfg.c **** * Parameters:
 233:Generated_Source\PSoC4/cyfitter_cfg.c **** *   void
 234:Generated_Source\PSoC4/cyfitter_cfg.c **** *
 235:Generated_Source\PSoC4/cyfitter_cfg.c **** * Return:
 236:Generated_Source\PSoC4/cyfitter_cfg.c **** *   void
 237:Generated_Source\PSoC4/cyfitter_cfg.c **** *
 238:Generated_Source\PSoC4/cyfitter_cfg.c **** *******************************************************************************/
 239:Generated_Source\PSoC4/cyfitter_cfg.c **** CY_CFG_SECTION
 240:Generated_Source\PSoC4/cyfitter_cfg.c **** void cyfitter_cfg(void)
 241:Generated_Source\PSoC4/cyfitter_cfg.c **** {
  98              		.loc 1 241 0
  99              		.cfi_startproc
 100              		@ args = 0, pretend = 0, frame = 0
 101              		@ frame_needed = 0, uses_anonymous_args = 0
ARM GAS  C:\Users\PC\AppData\Local\Temp\ccUkGFDh.s 			page 7


 102 0060 10B5     		push	{r4, lr}
 103              		.cfi_def_cfa_offset 8
 104              		.cfi_offset 4, -8
 105              		.cfi_offset 14, -4
 242:Generated_Source\PSoC4/cyfitter_cfg.c **** 	/* Disable interrupts by default. Let user enable if/when they want. */
 243:Generated_Source\PSoC4/cyfitter_cfg.c **** 	CyGlobalIntDisable;
 106              		.loc 1 243 0
 107              		.syntax divided
 108              	@ 243 "Generated_Source\PSoC4\cyfitter_cfg.c" 1
 109 0062 72B6     		CPSID   i
 110              	@ 0 "" 2
 244:Generated_Source\PSoC4/cyfitter_cfg.c **** 
 245:Generated_Source\PSoC4/cyfitter_cfg.c **** 	{
 246:Generated_Source\PSoC4/cyfitter_cfg.c **** 		/* HSIOM Starting address: CYDEV_HSIOM_BASE */
 247:Generated_Source\PSoC4/cyfitter_cfg.c **** 		CY_SET_REG32((void *)(CYREG_HSIOM_PORT_SEL2), 0x0000FF0Fu);
 111              		.loc 1 247 0
 112              		.thumb
 113              		.syntax unified
 114 0064 124A     		ldr	r2, .L5
 115 0066 134B     		ldr	r3, .L5+4
 116 0068 1A60     		str	r2, [r3]
 248:Generated_Source\PSoC4/cyfitter_cfg.c **** 		CY_SET_REG32((void *)(CYREG_HSIOM_PORT_SEL3), 0x0000EE00u);
 117              		.loc 1 248 0
 118 006a EE22     		movs	r2, #238
 119 006c 1202     		lsls	r2, r2, #8
 120 006e 124B     		ldr	r3, .L5+8
 121 0070 1A60     		str	r2, [r3]
 249:Generated_Source\PSoC4/cyfitter_cfg.c **** 		CY_SET_REG32((void *)(CYREG_HSIOM_PORT_SEL4), 0x00000099u);
 122              		.loc 1 249 0
 123 0072 9922     		movs	r2, #153
 124 0074 114B     		ldr	r3, .L5+12
 125 0076 1A60     		str	r2, [r3]
 250:Generated_Source\PSoC4/cyfitter_cfg.c **** 
 251:Generated_Source\PSoC4/cyfitter_cfg.c **** 	}
 252:Generated_Source\PSoC4/cyfitter_cfg.c **** 
 253:Generated_Source\PSoC4/cyfitter_cfg.c **** 	/* Perform second pass device configuration. These items must be configured in specific order afte
 254:Generated_Source\PSoC4/cyfitter_cfg.c **** 	/* IOPINS0_1 Starting address: CYDEV_GPIO_PRT1_BASE */
 255:Generated_Source\PSoC4/cyfitter_cfg.c **** 	CY_SET_REG32((void *)(CYREG_GPIO_PRT1_PC), 0x00C00000u);
 126              		.loc 1 255 0
 127 0078 C022     		movs	r2, #192
 128 007a 1204     		lsls	r2, r2, #16
 129 007c 104B     		ldr	r3, .L5+16
 130 007e 1A60     		str	r2, [r3]
 256:Generated_Source\PSoC4/cyfitter_cfg.c **** 
 257:Generated_Source\PSoC4/cyfitter_cfg.c **** 	/* IOPINS0_2 Starting address: CYDEV_GPIO_PRT2_BASE */
 258:Generated_Source\PSoC4/cyfitter_cfg.c **** 	CY_SET_REG32((void *)(CYDEV_GPIO_PRT2_BASE), 0x0000000Du);
 131              		.loc 1 258 0
 132 0080 0D23     		movs	r3, #13
 133 0082 104A     		ldr	r2, .L5+20
 134 0084 1360     		str	r3, [r2]
 259:Generated_Source\PSoC4/cyfitter_cfg.c **** 	CY_SET_REG32((void *)(CYREG_GPIO_PRT2_PC), 0x00030DB6u);
 135              		.loc 1 259 0
 136 0086 1049     		ldr	r1, .L5+24
 137 0088 104A     		ldr	r2, .L5+28
 138 008a 1160     		str	r1, [r2]
 260:Generated_Source\PSoC4/cyfitter_cfg.c **** 	CY_SET_REG32((void *)(CYREG_GPIO_PRT2_PC2), 0x0000000Du);
 139              		.loc 1 260 0
ARM GAS  C:\Users\PC\AppData\Local\Temp\ccUkGFDh.s 			page 8


 140 008c 104A     		ldr	r2, .L5+32
 141 008e 1360     		str	r3, [r2]
 261:Generated_Source\PSoC4/cyfitter_cfg.c **** 
 262:Generated_Source\PSoC4/cyfitter_cfg.c **** 	/* IOPINS0_3 Starting address: CYDEV_GPIO_PRT3_BASE */
 263:Generated_Source\PSoC4/cyfitter_cfg.c **** 	CY_SET_REG32((void *)(CYREG_GPIO_PRT3_PC), 0x00000D80u);
 142              		.loc 1 263 0
 143 0090 D822     		movs	r2, #216
 144 0092 1201     		lsls	r2, r2, #4
 145 0094 0F4B     		ldr	r3, .L5+36
 146 0096 1A60     		str	r2, [r3]
 264:Generated_Source\PSoC4/cyfitter_cfg.c **** 
 265:Generated_Source\PSoC4/cyfitter_cfg.c **** 	/* IOPINS0_4 Starting address: CYDEV_GPIO_PRT4_BASE */
 266:Generated_Source\PSoC4/cyfitter_cfg.c **** 	CY_SET_REG32((void *)(CYDEV_GPIO_PRT4_BASE), 0x00000002u);
 147              		.loc 1 266 0
 148 0098 0223     		movs	r3, #2
 149 009a 0F4A     		ldr	r2, .L5+40
 150 009c 1360     		str	r3, [r2]
 267:Generated_Source\PSoC4/cyfitter_cfg.c **** 	CY_SET_REG32((void *)(CYREG_GPIO_PRT4_PC), 0x00000031u);
 151              		.loc 1 267 0
 152 009e 3121     		movs	r1, #49
 153 00a0 0E4A     		ldr	r2, .L5+44
 154 00a2 1160     		str	r1, [r2]
 268:Generated_Source\PSoC4/cyfitter_cfg.c **** 	CY_SET_REG32((void *)(CYREG_GPIO_PRT4_PC2), 0x00000002u);
 155              		.loc 1 268 0
 156 00a4 0E4A     		ldr	r2, .L5+48
 157 00a6 1360     		str	r3, [r2]
 269:Generated_Source\PSoC4/cyfitter_cfg.c **** 
 270:Generated_Source\PSoC4/cyfitter_cfg.c **** 
 271:Generated_Source\PSoC4/cyfitter_cfg.c **** 	/* Setup clocks based on selections from Clock DWR */
 272:Generated_Source\PSoC4/cyfitter_cfg.c **** 	ClockSetup();
 158              		.loc 1 272 0
 159 00a8 FFF7AAFF 		bl	ClockSetup
 160              	.LVL1:
 273:Generated_Source\PSoC4/cyfitter_cfg.c **** 
 274:Generated_Source\PSoC4/cyfitter_cfg.c **** 	/* Perform basic analog initialization to defaults */
 275:Generated_Source\PSoC4/cyfitter_cfg.c **** 	AnalogSetDefault();
 276:Generated_Source\PSoC4/cyfitter_cfg.c **** 
 277:Generated_Source\PSoC4/cyfitter_cfg.c **** }
 161              		.loc 1 277 0
 162              		@ sp needed
 163 00ac 10BD     		pop	{r4, pc}
 164              	.L6:
 165 00ae C046     		.align	2
 166              	.L5:
 167 00b0 0FFF0000 		.word	65295
 168 00b4 00020240 		.word	1073873408
 169 00b8 00030240 		.word	1073873664
 170 00bc 00040240 		.word	1073873920
 171 00c0 08010440 		.word	1074004232
 172 00c4 00020440 		.word	1074004480
 173 00c8 B60D0300 		.word	200118
 174 00cc 08020440 		.word	1074004488
 175 00d0 18020440 		.word	1074004504
 176 00d4 08030440 		.word	1074004744
 177 00d8 00040440 		.word	1074004992
 178 00dc 08040440 		.word	1074005000
 179 00e0 18040440 		.word	1074005016
ARM GAS  C:\Users\PC\AppData\Local\Temp\ccUkGFDh.s 			page 9


 180              		.cfi_endproc
 181              	.LFE6:
 182              		.size	cyfitter_cfg, .-cyfitter_cfg
 183              		.text
 184              	.Letext0:
 185              		.file 2 "Generated_Source\\PSoC4\\cytypes.h"
 186              		.file 3 "Generated_Source\\PSoC4\\CyLib.h"
 187              		.section	.debug_info,"",%progbits
 188              	.Ldebug_info0:
 189 0000 F7000000 		.4byte	0xf7
 190 0004 0400     		.2byte	0x4
 191 0006 00000000 		.4byte	.Ldebug_abbrev0
 192 000a 04       		.byte	0x4
 193 000b 01       		.uleb128 0x1
 194 000c 3B010000 		.4byte	.LASF16
 195 0010 0C       		.byte	0xc
 196 0011 15000000 		.4byte	.LASF17
 197 0015 48000000 		.4byte	.LASF18
 198 0019 00000000 		.4byte	.Ldebug_ranges0+0
 199 001d 00000000 		.4byte	0
 200 0021 00000000 		.4byte	.Ldebug_line0
 201 0025 02       		.uleb128 0x2
 202 0026 04       		.byte	0x4
 203 0027 05       		.byte	0x5
 204 0028 696E7400 		.ascii	"int\000"
 205 002c 03       		.uleb128 0x3
 206 002d 04       		.byte	0x4
 207 002e 07       		.byte	0x7
 208 002f 3B000000 		.4byte	.LASF0
 209 0033 03       		.uleb128 0x3
 210 0034 08       		.byte	0x8
 211 0035 05       		.byte	0x5
 212 0036 00000000 		.4byte	.LASF1
 213 003a 03       		.uleb128 0x3
 214 003b 08       		.byte	0x8
 215 003c 04       		.byte	0x4
 216 003d 25010000 		.4byte	.LASF2
 217 0041 03       		.uleb128 0x3
 218 0042 01       		.byte	0x1
 219 0043 06       		.byte	0x6
 220 0044 19010000 		.4byte	.LASF3
 221 0048 03       		.uleb128 0x3
 222 0049 01       		.byte	0x1
 223 004a 08       		.byte	0x8
 224 004b D2000000 		.4byte	.LASF4
 225 004f 03       		.uleb128 0x3
 226 0050 02       		.byte	0x2
 227 0051 05       		.byte	0x5
 228 0052 31010000 		.4byte	.LASF5
 229 0056 03       		.uleb128 0x3
 230 0057 02       		.byte	0x2
 231 0058 07       		.byte	0x7
 232 0059 06010000 		.4byte	.LASF6
 233 005d 03       		.uleb128 0x3
 234 005e 04       		.byte	0x4
 235 005f 05       		.byte	0x5
 236 0060 E5000000 		.4byte	.LASF7
ARM GAS  C:\Users\PC\AppData\Local\Temp\ccUkGFDh.s 			page 10


 237 0064 03       		.uleb128 0x3
 238 0065 04       		.byte	0x4
 239 0066 07       		.byte	0x7
 240 0067 96000000 		.4byte	.LASF8
 241 006b 03       		.uleb128 0x3
 242 006c 08       		.byte	0x8
 243 006d 07       		.byte	0x7
 244 006e B5000000 		.4byte	.LASF9
 245 0072 03       		.uleb128 0x3
 246 0073 04       		.byte	0x4
 247 0074 07       		.byte	0x7
 248 0075 CD010000 		.4byte	.LASF10
 249 0079 03       		.uleb128 0x3
 250 007a 01       		.byte	0x1
 251 007b 08       		.byte	0x8
 252 007c E0000000 		.4byte	.LASF11
 253 0080 04       		.uleb128 0x4
 254 0081 0E000000 		.4byte	.LASF14
 255 0085 02       		.byte	0x2
 256 0086 FD01     		.2byte	0x1fd
 257 0088 64000000 		.4byte	0x64
 258 008c 03       		.uleb128 0x3
 259 008d 04       		.byte	0x4
 260 008e 04       		.byte	0x4
 261 008f CC000000 		.4byte	.LASF12
 262 0093 03       		.uleb128 0x3
 263 0094 08       		.byte	0x8
 264 0095 04       		.byte	0x4
 265 0096 F9000000 		.4byte	.LASF13
 266 009a 04       		.uleb128 0x4
 267 009b 00010000 		.4byte	.LASF15
 268 009f 02       		.byte	0x2
 269 00a0 A702     		.2byte	0x2a7
 270 00a2 A6000000 		.4byte	0xa6
 271 00a6 05       		.uleb128 0x5
 272 00a7 80000000 		.4byte	0x80
 273 00ab 06       		.uleb128 0x6
 274 00ac EE000000 		.4byte	.LASF19
 275 00b0 01       		.byte	0x1
 276 00b1 A9       		.byte	0xa9
 277 00b2 00000000 		.4byte	.LFB4
 278 00b6 60000000 		.4byte	.LFE4-.LFB4
 279 00ba 01       		.uleb128 0x1
 280 00bb 9C       		.byte	0x9c
 281 00bc D0000000 		.4byte	0xd0
 282 00c0 07       		.uleb128 0x7
 283 00c1 0E000000 		.4byte	.LVL0
 284 00c5 EF000000 		.4byte	0xef
 285 00c9 08       		.uleb128 0x8
 286 00ca 01       		.uleb128 0x1
 287 00cb 50       		.byte	0x50
 288 00cc 01       		.uleb128 0x1
 289 00cd 48       		.byte	0x48
 290 00ce 00       		.byte	0
 291 00cf 00       		.byte	0
 292 00d0 09       		.uleb128 0x9
 293 00d1 A8000000 		.4byte	.LASF20
ARM GAS  C:\Users\PC\AppData\Local\Temp\ccUkGFDh.s 			page 11


 294 00d5 01       		.byte	0x1
 295 00d6 F0       		.byte	0xf0
 296 00d7 60000000 		.4byte	.LFB6
 297 00db 84000000 		.4byte	.LFE6-.LFB6
 298 00df 01       		.uleb128 0x1
 299 00e0 9C       		.byte	0x9c
 300 00e1 EF000000 		.4byte	0xef
 301 00e5 0A       		.uleb128 0xa
 302 00e6 AC000000 		.4byte	.LVL1
 303 00ea AB000000 		.4byte	0xab
 304 00ee 00       		.byte	0
 305 00ef 0B       		.uleb128 0xb
 306 00f0 81000000 		.4byte	.LASF21
 307 00f4 81000000 		.4byte	.LASF21
 308 00f8 03       		.byte	0x3
 309 00f9 6C       		.byte	0x6c
 310 00fa 00       		.byte	0
 311              		.section	.debug_abbrev,"",%progbits
 312              	.Ldebug_abbrev0:
 313 0000 01       		.uleb128 0x1
 314 0001 11       		.uleb128 0x11
 315 0002 01       		.byte	0x1
 316 0003 25       		.uleb128 0x25
 317 0004 0E       		.uleb128 0xe
 318 0005 13       		.uleb128 0x13
 319 0006 0B       		.uleb128 0xb
 320 0007 03       		.uleb128 0x3
 321 0008 0E       		.uleb128 0xe
 322 0009 1B       		.uleb128 0x1b
 323 000a 0E       		.uleb128 0xe
 324 000b 55       		.uleb128 0x55
 325 000c 17       		.uleb128 0x17
 326 000d 11       		.uleb128 0x11
 327 000e 01       		.uleb128 0x1
 328 000f 10       		.uleb128 0x10
 329 0010 17       		.uleb128 0x17
 330 0011 00       		.byte	0
 331 0012 00       		.byte	0
 332 0013 02       		.uleb128 0x2
 333 0014 24       		.uleb128 0x24
 334 0015 00       		.byte	0
 335 0016 0B       		.uleb128 0xb
 336 0017 0B       		.uleb128 0xb
 337 0018 3E       		.uleb128 0x3e
 338 0019 0B       		.uleb128 0xb
 339 001a 03       		.uleb128 0x3
 340 001b 08       		.uleb128 0x8
 341 001c 00       		.byte	0
 342 001d 00       		.byte	0
 343 001e 03       		.uleb128 0x3
 344 001f 24       		.uleb128 0x24
 345 0020 00       		.byte	0
 346 0021 0B       		.uleb128 0xb
 347 0022 0B       		.uleb128 0xb
 348 0023 3E       		.uleb128 0x3e
 349 0024 0B       		.uleb128 0xb
 350 0025 03       		.uleb128 0x3
ARM GAS  C:\Users\PC\AppData\Local\Temp\ccUkGFDh.s 			page 12


 351 0026 0E       		.uleb128 0xe
 352 0027 00       		.byte	0
 353 0028 00       		.byte	0
 354 0029 04       		.uleb128 0x4
 355 002a 16       		.uleb128 0x16
 356 002b 00       		.byte	0
 357 002c 03       		.uleb128 0x3
 358 002d 0E       		.uleb128 0xe
 359 002e 3A       		.uleb128 0x3a
 360 002f 0B       		.uleb128 0xb
 361 0030 3B       		.uleb128 0x3b
 362 0031 05       		.uleb128 0x5
 363 0032 49       		.uleb128 0x49
 364 0033 13       		.uleb128 0x13
 365 0034 00       		.byte	0
 366 0035 00       		.byte	0
 367 0036 05       		.uleb128 0x5
 368 0037 35       		.uleb128 0x35
 369 0038 00       		.byte	0
 370 0039 49       		.uleb128 0x49
 371 003a 13       		.uleb128 0x13
 372 003b 00       		.byte	0
 373 003c 00       		.byte	0
 374 003d 06       		.uleb128 0x6
 375 003e 2E       		.uleb128 0x2e
 376 003f 01       		.byte	0x1
 377 0040 03       		.uleb128 0x3
 378 0041 0E       		.uleb128 0xe
 379 0042 3A       		.uleb128 0x3a
 380 0043 0B       		.uleb128 0xb
 381 0044 3B       		.uleb128 0x3b
 382 0045 0B       		.uleb128 0xb
 383 0046 27       		.uleb128 0x27
 384 0047 19       		.uleb128 0x19
 385 0048 11       		.uleb128 0x11
 386 0049 01       		.uleb128 0x1
 387 004a 12       		.uleb128 0x12
 388 004b 06       		.uleb128 0x6
 389 004c 40       		.uleb128 0x40
 390 004d 18       		.uleb128 0x18
 391 004e 9742     		.uleb128 0x2117
 392 0050 19       		.uleb128 0x19
 393 0051 01       		.uleb128 0x1
 394 0052 13       		.uleb128 0x13
 395 0053 00       		.byte	0
 396 0054 00       		.byte	0
 397 0055 07       		.uleb128 0x7
 398 0056 898201   		.uleb128 0x4109
 399 0059 01       		.byte	0x1
 400 005a 11       		.uleb128 0x11
 401 005b 01       		.uleb128 0x1
 402 005c 31       		.uleb128 0x31
 403 005d 13       		.uleb128 0x13
 404 005e 00       		.byte	0
 405 005f 00       		.byte	0
 406 0060 08       		.uleb128 0x8
 407 0061 8A8201   		.uleb128 0x410a
ARM GAS  C:\Users\PC\AppData\Local\Temp\ccUkGFDh.s 			page 13


 408 0064 00       		.byte	0
 409 0065 02       		.uleb128 0x2
 410 0066 18       		.uleb128 0x18
 411 0067 9142     		.uleb128 0x2111
 412 0069 18       		.uleb128 0x18
 413 006a 00       		.byte	0
 414 006b 00       		.byte	0
 415 006c 09       		.uleb128 0x9
 416 006d 2E       		.uleb128 0x2e
 417 006e 01       		.byte	0x1
 418 006f 3F       		.uleb128 0x3f
 419 0070 19       		.uleb128 0x19
 420 0071 03       		.uleb128 0x3
 421 0072 0E       		.uleb128 0xe
 422 0073 3A       		.uleb128 0x3a
 423 0074 0B       		.uleb128 0xb
 424 0075 3B       		.uleb128 0x3b
 425 0076 0B       		.uleb128 0xb
 426 0077 27       		.uleb128 0x27
 427 0078 19       		.uleb128 0x19
 428 0079 11       		.uleb128 0x11
 429 007a 01       		.uleb128 0x1
 430 007b 12       		.uleb128 0x12
 431 007c 06       		.uleb128 0x6
 432 007d 40       		.uleb128 0x40
 433 007e 18       		.uleb128 0x18
 434 007f 9742     		.uleb128 0x2117
 435 0081 19       		.uleb128 0x19
 436 0082 01       		.uleb128 0x1
 437 0083 13       		.uleb128 0x13
 438 0084 00       		.byte	0
 439 0085 00       		.byte	0
 440 0086 0A       		.uleb128 0xa
 441 0087 898201   		.uleb128 0x4109
 442 008a 00       		.byte	0
 443 008b 11       		.uleb128 0x11
 444 008c 01       		.uleb128 0x1
 445 008d 31       		.uleb128 0x31
 446 008e 13       		.uleb128 0x13
 447 008f 00       		.byte	0
 448 0090 00       		.byte	0
 449 0091 0B       		.uleb128 0xb
 450 0092 2E       		.uleb128 0x2e
 451 0093 00       		.byte	0
 452 0094 3F       		.uleb128 0x3f
 453 0095 19       		.uleb128 0x19
 454 0096 3C       		.uleb128 0x3c
 455 0097 19       		.uleb128 0x19
 456 0098 6E       		.uleb128 0x6e
 457 0099 0E       		.uleb128 0xe
 458 009a 03       		.uleb128 0x3
 459 009b 0E       		.uleb128 0xe
 460 009c 3A       		.uleb128 0x3a
 461 009d 0B       		.uleb128 0xb
 462 009e 3B       		.uleb128 0x3b
 463 009f 0B       		.uleb128 0xb
 464 00a0 00       		.byte	0
ARM GAS  C:\Users\PC\AppData\Local\Temp\ccUkGFDh.s 			page 14


 465 00a1 00       		.byte	0
 466 00a2 00       		.byte	0
 467              		.section	.debug_aranges,"",%progbits
 468 0000 24000000 		.4byte	0x24
 469 0004 0200     		.2byte	0x2
 470 0006 00000000 		.4byte	.Ldebug_info0
 471 000a 04       		.byte	0x4
 472 000b 00       		.byte	0
 473 000c 0000     		.2byte	0
 474 000e 0000     		.2byte	0
 475 0010 00000000 		.4byte	.LFB4
 476 0014 60000000 		.4byte	.LFE4-.LFB4
 477 0018 60000000 		.4byte	.LFB6
 478 001c 84000000 		.4byte	.LFE6-.LFB6
 479 0020 00000000 		.4byte	0
 480 0024 00000000 		.4byte	0
 481              		.section	.debug_ranges,"",%progbits
 482              	.Ldebug_ranges0:
 483 0000 00000000 		.4byte	.LFB4
 484 0004 60000000 		.4byte	.LFE4
 485 0008 60000000 		.4byte	.LFB6
 486 000c E4000000 		.4byte	.LFE6
 487 0010 00000000 		.4byte	0
 488 0014 00000000 		.4byte	0
 489              		.section	.debug_line,"",%progbits
 490              	.Ldebug_line0:
 491 0000 87000000 		.section	.debug_str,"MS",%progbits,1
 491      02005400 
 491      00000201 
 491      FB0E0D00 
 491      01010101 
 492              	.LASF1:
 493 0000 6C6F6E67 		.ascii	"long long int\000"
 493      206C6F6E 
 493      6720696E 
 493      7400
 494              	.LASF14:
 495 000e 75696E74 		.ascii	"uint32\000"
 495      333200
 496              	.LASF17:
 497 0015 47656E65 		.ascii	"Generated_Source\\PSoC4\\cyfitter_cfg.c\000"
 497      72617465 
 497      645F536F 
 497      75726365 
 497      5C50536F 
 498              	.LASF0:
 499 003b 756E7369 		.ascii	"unsigned int\000"
 499      676E6564 
 499      20696E74 
 499      00
 500              	.LASF18:
 501 0048 433A5C55 		.ascii	"C:\\Users\\PC\\Documents\\PSoC Creator\\yellowChip\\"
 501      73657273 
 501      5C50435C 
 501      446F6375 
 501      6D656E74 
 502 0076 4F6C6564 		.ascii	"Oled.cydsn\000"
ARM GAS  C:\Users\PC\AppData\Local\Temp\ccUkGFDh.s 			page 15


 502      2E637964 
 502      736E00
 503              	.LASF21:
 504 0081 43795379 		.ascii	"CySysClkWriteImoFreq\000"
 504      73436C6B 
 504      57726974 
 504      65496D6F 
 504      46726571 
 505              	.LASF8:
 506 0096 6C6F6E67 		.ascii	"long unsigned int\000"
 506      20756E73 
 506      69676E65 
 506      6420696E 
 506      7400
 507              	.LASF20:
 508 00a8 63796669 		.ascii	"cyfitter_cfg\000"
 508      74746572 
 508      5F636667 
 508      00
 509              	.LASF9:
 510 00b5 6C6F6E67 		.ascii	"long long unsigned int\000"
 510      206C6F6E 
 510      6720756E 
 510      7369676E 
 510      65642069 
 511              	.LASF12:
 512 00cc 666C6F61 		.ascii	"float\000"
 512      7400
 513              	.LASF4:
 514 00d2 756E7369 		.ascii	"unsigned char\000"
 514      676E6564 
 514      20636861 
 514      7200
 515              	.LASF11:
 516 00e0 63686172 		.ascii	"char\000"
 516      00
 517              	.LASF7:
 518 00e5 6C6F6E67 		.ascii	"long int\000"
 518      20696E74 
 518      00
 519              	.LASF19:
 520 00ee 436C6F63 		.ascii	"ClockSetup\000"
 520      6B536574 
 520      757000
 521              	.LASF13:
 522 00f9 646F7562 		.ascii	"double\000"
 522      6C6500
 523              	.LASF15:
 524 0100 72656733 		.ascii	"reg32\000"
 524      3200
 525              	.LASF6:
 526 0106 73686F72 		.ascii	"short unsigned int\000"
 526      7420756E 
 526      7369676E 
 526      65642069 
 526      6E7400
 527              	.LASF3:
ARM GAS  C:\Users\PC\AppData\Local\Temp\ccUkGFDh.s 			page 16


 528 0119 7369676E 		.ascii	"signed char\000"
 528      65642063 
 528      68617200 
 529              	.LASF2:
 530 0125 6C6F6E67 		.ascii	"long double\000"
 530      20646F75 
 530      626C6500 
 531              	.LASF5:
 532 0131 73686F72 		.ascii	"short int\000"
 532      7420696E 
 532      7400
 533              	.LASF16:
 534 013b 474E5520 		.ascii	"GNU C11 5.4.1 20160609 (release) [ARM/embedded-5-br"
 534      43313120 
 534      352E342E 
 534      31203230 
 534      31363036 
 535 016e 616E6368 		.ascii	"anch revision 237715] -mcpu=cortex-m0plus -mthumb -"
 535      20726576 
 535      6973696F 
 535      6E203233 
 535      37373135 
 536 01a1 67202D4F 		.ascii	"g -Og -ffunction-sections -ffat-lto-objects\000"
 536      67202D66 
 536      66756E63 
 536      74696F6E 
 536      2D736563 
 537              	.LASF10:
 538 01cd 73697A65 		.ascii	"sizetype\000"
 538      74797065 
 538      00
 539              		.ident	"GCC: (GNU Tools for ARM Embedded Processors) 5.4.1 20160609 (release) [ARM/embedded-5-bran
