Archive member included to satisfy reference by file (symbol)

.\CortexM0p\ARM_GCC_541\Release\RGB_Led.a(mUART.o)
                              .\CortexM0p\ARM_GCC_541\Release\main.o (mUART_Start)
.\CortexM0p\ARM_GCC_541\Release\RGB_Led.a(mUART_UART.o)
                              .\CortexM0p\ARM_GCC_541\Release\RGB_Led.a(mUART.o) (mUART_UartInit)
.\CortexM0p\ARM_GCC_541\Release\RGB_Led.a(LEDR.o)
                              .\CortexM0p\ARM_GCC_541\Release\main.o (LEDR_Write)
.\CortexM0p\ARM_GCC_541\Release\RGB_Led.a(LEDG.o)
                              .\CortexM0p\ARM_GCC_541\Release\main.o (LEDG_Write)
.\CortexM0p\ARM_GCC_541\Release\RGB_Led.a(LEDB.o)
                              .\CortexM0p\ARM_GCC_541\Release\main.o (LEDB_Write)
.\CortexM0p\ARM_GCC_541\Release\RGB_Led.a(CyLib.o)
                              .\CortexM0p\ARM_GCC_541\Release\Cm0plusStart.o (CyHalt)
.\CortexM0p\ARM_GCC_541\Release\RGB_Led.a(CyLFClk.o)
                              .\CortexM0p\ARM_GCC_541\Release\RGB_Led.a(CyLib.o) (CySysClkWcoEnabled)
.\CortexM0p\ARM_GCC_541\Release\RGB_Led.a(BUTTON.o)
                              .\CortexM0p\ARM_GCC_541\Release\main.o (BUTTON_Read)
.\CortexM0p\ARM_GCC_541\Release\RGB_Led.a(CyBootAsmGnu.o)
                              .\CortexM0p\ARM_GCC_541\Release\RGB_Led.a(CyLib.o) (CyDelayCycles)
.\CortexM0p\ARM_GCC_541\Release\RGB_Led.a(mUART_SPI_UART.o)
                              .\CortexM0p\ARM_GCC_541\Release\RGB_Led.a(mUART_UART.o) (mUART_SpiUartReadRxData)
.\CortexM0p\ARM_GCC_541\Release\RGB_Led.a(CyFlash.o)
                              .\CortexM0p\ARM_GCC_541\Release\RGB_Led.a(CyLib.o) (CySysFlashSetWaitCycles)
c:/program files (x86)/cypress/psoc creator/4.4/psoc creator/import/gnu/arm/5.4.1/bin/../lib/gcc/arm-none-eabi/5.4.1/armv6-m\libgcc.a(_udivsi3.o)
                              .\CortexM0p\ARM_GCC_541\Release\RGB_Led.a(CyLib.o) (__aeabi_uidiv)
c:/program files (x86)/cypress/psoc creator/4.4/psoc creator/import/gnu/arm/5.4.1/bin/../lib/gcc/arm-none-eabi/5.4.1/armv6-m\libgcc.a(_divsi3.o)
                              .\CortexM0p\ARM_GCC_541\Release\main.o (__aeabi_idivmod)
c:/program files (x86)/cypress/psoc creator/4.4/psoc creator/import/gnu/arm/5.4.1/bin/../lib/gcc/arm-none-eabi/5.4.1/armv6-m\libgcc.a(_dvmd_tls.o)
                              c:/program files (x86)/cypress/psoc creator/4.4/psoc creator/import/gnu/arm/5.4.1/bin/../lib/gcc/arm-none-eabi/5.4.1/armv6-m\libgcc.a(_udivsi3.o) (__aeabi_idiv0)
c:/program files (x86)/cypress/psoc creator/4.4/psoc creator/import/gnu/arm/5.4.1/bin/../lib/gcc/arm-none-eabi/5.4.1/../../../../arm-none-eabi/lib/armv6-m\libg_nano.a(lib_a-errno.o)
                              .\CortexM0p\ARM_GCC_541\Release\Cm0plusStart.o (__errno)
c:/program files (x86)/cypress/psoc creator/4.4/psoc creator/import/gnu/arm/5.4.1/bin/../lib/gcc/arm-none-eabi/5.4.1/../../../../arm-none-eabi/lib/armv6-m\libg_nano.a(lib_a-exit.o)
                              c:/program files (x86)/cypress/psoc creator/4.4/psoc creator/import/gnu/arm/5.4.1/bin/../lib/gcc/arm-none-eabi/5.4.1/../../../../arm-none-eabi/lib/armv6-m/crt0.o (exit)
c:/program files (x86)/cypress/psoc creator/4.4/psoc creator/import/gnu/arm/5.4.1/bin/../lib/gcc/arm-none-eabi/5.4.1/../../../../arm-none-eabi/lib/armv6-m\libg_nano.a(lib_a-impure.o)
                              c:/program files (x86)/cypress/psoc creator/4.4/psoc creator/import/gnu/arm/5.4.1/bin/../lib/gcc/arm-none-eabi/5.4.1/../../../../arm-none-eabi/lib/armv6-m\libg_nano.a(lib_a-exit.o) (_global_impure_ptr)
c:/program files (x86)/cypress/psoc creator/4.4/psoc creator/import/gnu/arm/5.4.1/bin/../lib/gcc/arm-none-eabi/5.4.1/../../../../arm-none-eabi/lib/armv6-m\libg_nano.a(lib_a-init.o)
                              c:/program files (x86)/cypress/psoc creator/4.4/psoc creator/import/gnu/arm/5.4.1/bin/../lib/gcc/arm-none-eabi/5.4.1/../../../../arm-none-eabi/lib/armv6-m/crt0.o (__libc_init_array)
c:/program files (x86)/cypress/psoc creator/4.4/psoc creator/import/gnu/arm/5.4.1/bin/../lib/gcc/arm-none-eabi/5.4.1/../../../../arm-none-eabi/lib/armv6-m\libg_nano.a(lib_a-memcpy-stub.o)
                              .\CortexM0p\ARM_GCC_541\Release\RGB_Led.a(CyFlash.o) (memcpy)
c:/program files (x86)/cypress/psoc creator/4.4/psoc creator/import/gnu/arm/5.4.1/bin/../lib/gcc/arm-none-eabi/5.4.1/../../../../arm-none-eabi/lib/armv6-m\libg_nano.a(lib_a-memset.o)
                              c:/program files (x86)/cypress/psoc creator/4.4/psoc creator/import/gnu/arm/5.4.1/bin/../lib/gcc/arm-none-eabi/5.4.1/../../../../arm-none-eabi/lib/armv6-m/crt0.o (memset)

Allocating common symbols
Common symbol       size              file

count300ms          0x4               .\CortexM0p\ARM_GCC_541\Release\main.o
count400ms          0x4               .\CortexM0p\ARM_GCC_541\Release\main.o

Discarded input sections

 .text          0x00000000        0x0 c:/program files (x86)/cypress/psoc creator/4.4/psoc creator/import/gnu/arm/5.4.1/bin/../lib/gcc/arm-none-eabi/5.4.1/armv6-m/crti.o
 .data          0x00000000        0x0 c:/program files (x86)/cypress/psoc creator/4.4/psoc creator/import/gnu/arm/5.4.1/bin/../lib/gcc/arm-none-eabi/5.4.1/armv6-m/crti.o
 .bss           0x00000000        0x0 c:/program files (x86)/cypress/psoc creator/4.4/psoc creator/import/gnu/arm/5.4.1/bin/../lib/gcc/arm-none-eabi/5.4.1/armv6-m/crti.o
 .data          0x00000000        0x4 c:/program files (x86)/cypress/psoc creator/4.4/psoc creator/import/gnu/arm/5.4.1/bin/../lib/gcc/arm-none-eabi/5.4.1/armv6-m/crtbegin.o
 .text          0x00000000       0x78 c:/program files (x86)/cypress/psoc creator/4.4/psoc creator/import/gnu/arm/5.4.1/bin/../lib/gcc/arm-none-eabi/5.4.1/../../../../arm-none-eabi/lib/armv6-m/crt0.o
 .data          0x00000000        0x0 c:/program files (x86)/cypress/psoc creator/4.4/psoc creator/import/gnu/arm/5.4.1/bin/../lib/gcc/arm-none-eabi/5.4.1/../../../../arm-none-eabi/lib/armv6-m/crt0.o
 .bss           0x00000000        0x0 c:/program files (x86)/cypress/psoc creator/4.4/psoc creator/import/gnu/arm/5.4.1/bin/../lib/gcc/arm-none-eabi/5.4.1/../../../../arm-none-eabi/lib/armv6-m/crt0.o
 .ARM.extab     0x00000000        0x0 c:/program files (x86)/cypress/psoc creator/4.4/psoc creator/import/gnu/arm/5.4.1/bin/../lib/gcc/arm-none-eabi/5.4.1/../../../../arm-none-eabi/lib/armv6-m/crt0.o
 .ARM.exidx     0x00000000        0x8 c:/program files (x86)/cypress/psoc creator/4.4/psoc creator/import/gnu/arm/5.4.1/bin/../lib/gcc/arm-none-eabi/5.4.1/../../../../arm-none-eabi/lib/armv6-m/crt0.o
 .text          0x00000000        0x0 .\CortexM0p\ARM_GCC_541\Release\main.o
 .data          0x00000000        0x0 .\CortexM0p\ARM_GCC_541\Release\main.o
 .bss           0x00000000        0x0 .\CortexM0p\ARM_GCC_541\Release\main.o
 .text.println  0x00000000       0x14 .\CortexM0p\ARM_GCC_541\Release\main.o
 .text.publicSetUp
                0x00000000        0xc .\CortexM0p\ARM_GCC_541\Release\main.o
 .text.privateSetUp
                0x00000000        0xc .\CortexM0p\ARM_GCC_541\Release\main.o
 .text          0x00000000        0x0 .\CortexM0p\ARM_GCC_541\Release\cyfitter_cfg.o
 .data          0x00000000        0x0 .\CortexM0p\ARM_GCC_541\Release\cyfitter_cfg.o
 .bss           0x00000000        0x0 .\CortexM0p\ARM_GCC_541\Release\cyfitter_cfg.o
 .text          0x00000000        0x0 .\CortexM0p\ARM_GCC_541\Release\cybootloader.o
 .data          0x00000000        0x0 .\CortexM0p\ARM_GCC_541\Release\cybootloader.o
 .bss           0x00000000        0x0 .\CortexM0p\ARM_GCC_541\Release\cybootloader.o
 .text          0x00000000        0x0 .\CortexM0p\ARM_GCC_541\Release\cymetadata.o
 .data          0x00000000        0x0 .\CortexM0p\ARM_GCC_541\Release\cymetadata.o
 .bss           0x00000000        0x0 .\CortexM0p\ARM_GCC_541\Release\cymetadata.o
 .text          0x00000000        0x0 .\CortexM0p\ARM_GCC_541\Release\Cm0plusStart.o
 .data          0x00000000        0x4 .\CortexM0p\ARM_GCC_541\Release\Cm0plusStart.o
 .bss           0x00000000        0x0 .\CortexM0p\ARM_GCC_541\Release\Cm0plusStart.o
 .text._exit    0x00000000        0xa .\CortexM0p\ARM_GCC_541\Release\Cm0plusStart.o
 .text._sbrk    0x00000000       0x2c .\CortexM0p\ARM_GCC_541\Release\Cm0plusStart.o
 .text          0x00000000        0x0 .\CortexM0p\ARM_GCC_541\Release\RGB_Led.a(mUART.o)
 .data          0x00000000        0x0 .\CortexM0p\ARM_GCC_541\Release\RGB_Led.a(mUART.o)
 .text.mUART_Init
                0x00000000        0x8 .\CortexM0p\ARM_GCC_541\Release\RGB_Led.a(mUART.o)
 .text.mUART_Stop
                0x00000000       0x20 .\CortexM0p\ARM_GCC_541\Release\RGB_Led.a(mUART.o)
 .text.mUART_SetRxFifoLevel
                0x00000000       0x14 .\CortexM0p\ARM_GCC_541\Release\RGB_Led.a(mUART.o)
 .text.mUART_SetTxFifoLevel
                0x00000000       0x14 .\CortexM0p\ARM_GCC_541\Release\RGB_Led.a(mUART.o)
 .text          0x00000000        0x0 .\CortexM0p\ARM_GCC_541\Release\RGB_Led.a(mUART_UART.o)
 .data          0x00000000        0x0 .\CortexM0p\ARM_GCC_541\Release\RGB_Led.a(mUART_UART.o)
 .bss           0x00000000        0x0 .\CortexM0p\ARM_GCC_541\Release\RGB_Led.a(mUART_UART.o)
 .text.mUART_UartStop
                0x00000000       0x28 .\CortexM0p\ARM_GCC_541\Release\RGB_Led.a(mUART_UART.o)
 .text.mUART_UartSetRxAddress
                0x00000000       0x14 .\CortexM0p\ARM_GCC_541\Release\RGB_Led.a(mUART_UART.o)
 .text.mUART_UartSetRxAddressMask
                0x00000000       0x18 .\CortexM0p\ARM_GCC_541\Release\RGB_Led.a(mUART_UART.o)
 .text.mUART_UartGetChar
                0x00000000       0x28 .\CortexM0p\ARM_GCC_541\Release\RGB_Led.a(mUART_UART.o)
 .text.mUART_UartGetByte
                0x00000000       0x34 .\CortexM0p\ARM_GCC_541\Release\RGB_Led.a(mUART_UART.o)
 .text.mUART_UartSetRtsPolarity
                0x00000000       0x24 .\CortexM0p\ARM_GCC_541\Release\RGB_Led.a(mUART_UART.o)
 .text.mUART_UartSetRtsFifoLevel
                0x00000000       0x14 .\CortexM0p\ARM_GCC_541\Release\RGB_Led.a(mUART_UART.o)
 .text.mUART_UartPutString
                0x00000000       0x16 .\CortexM0p\ARM_GCC_541\Release\RGB_Led.a(mUART_UART.o)
 .text.mUART_UartPutCRLF
                0x00000000       0x14 .\CortexM0p\ARM_GCC_541\Release\RGB_Led.a(mUART_UART.o)
 .text.mUART_UartEnableCts
                0x00000000       0x14 .\CortexM0p\ARM_GCC_541\Release\RGB_Led.a(mUART_UART.o)
 .text.mUART_UartDisableCts
                0x00000000       0x14 .\CortexM0p\ARM_GCC_541\Release\RGB_Led.a(mUART_UART.o)
 .text.mUART_UartSetCtsPolarity
                0x00000000       0x24 .\CortexM0p\ARM_GCC_541\Release\RGB_Led.a(mUART_UART.o)
 .text.mUART_UartSendBreakBlocking
                0x00000000       0x58 .\CortexM0p\ARM_GCC_541\Release\RGB_Led.a(mUART_UART.o)
 .text          0x00000000        0x0 .\CortexM0p\ARM_GCC_541\Release\RGB_Led.a(LEDR.o)
 .data          0x00000000        0x0 .\CortexM0p\ARM_GCC_541\Release\RGB_Led.a(LEDR.o)
 .bss           0x00000000        0x0 .\CortexM0p\ARM_GCC_541\Release\RGB_Led.a(LEDR.o)
 .text.LEDR_SetDriveMode
                0x00000000       0x18 .\CortexM0p\ARM_GCC_541\Release\RGB_Led.a(LEDR.o)
 .text.LEDR_Read
                0x00000000       0x10 .\CortexM0p\ARM_GCC_541\Release\RGB_Led.a(LEDR.o)
 .text.LEDR_ReadDataReg
                0x00000000       0x10 .\CortexM0p\ARM_GCC_541\Release\RGB_Led.a(LEDR.o)
 .text.LEDR_SetInterruptMode
                0x00000000       0x14 .\CortexM0p\ARM_GCC_541\Release\RGB_Led.a(LEDR.o)
 .text.LEDR_ClearInterrupt
                0x00000000       0x14 .\CortexM0p\ARM_GCC_541\Release\RGB_Led.a(LEDR.o)
 .text          0x00000000        0x0 .\CortexM0p\ARM_GCC_541\Release\RGB_Led.a(LEDG.o)
 .data          0x00000000        0x0 .\CortexM0p\ARM_GCC_541\Release\RGB_Led.a(LEDG.o)
 .bss           0x00000000        0x0 .\CortexM0p\ARM_GCC_541\Release\RGB_Led.a(LEDG.o)
 .text.LEDG_SetDriveMode
                0x00000000       0x18 .\CortexM0p\ARM_GCC_541\Release\RGB_Led.a(LEDG.o)
 .text.LEDG_Read
                0x00000000       0x10 .\CortexM0p\ARM_GCC_541\Release\RGB_Led.a(LEDG.o)
 .text.LEDG_ReadDataReg
                0x00000000       0x10 .\CortexM0p\ARM_GCC_541\Release\RGB_Led.a(LEDG.o)
 .text.LEDG_SetInterruptMode
                0x00000000       0x14 .\CortexM0p\ARM_GCC_541\Release\RGB_Led.a(LEDG.o)
 .text.LEDG_ClearInterrupt
                0x00000000       0x14 .\CortexM0p\ARM_GCC_541\Release\RGB_Led.a(LEDG.o)
 .text          0x00000000        0x0 .\CortexM0p\ARM_GCC_541\Release\RGB_Led.a(LEDB.o)
 .data          0x00000000        0x0 .\CortexM0p\ARM_GCC_541\Release\RGB_Led.a(LEDB.o)
 .bss           0x00000000        0x0 .\CortexM0p\ARM_GCC_541\Release\RGB_Led.a(LEDB.o)
 .text.LEDB_SetDriveMode
                0x00000000       0x18 .\CortexM0p\ARM_GCC_541\Release\RGB_Led.a(LEDB.o)
 .text.LEDB_Read
                0x00000000       0x10 .\CortexM0p\ARM_GCC_541\Release\RGB_Led.a(LEDB.o)
 .text.LEDB_ReadDataReg
                0x00000000       0x10 .\CortexM0p\ARM_GCC_541\Release\RGB_Led.a(LEDB.o)
 .text.LEDB_SetInterruptMode
                0x00000000       0x14 .\CortexM0p\ARM_GCC_541\Release\RGB_Led.a(LEDB.o)
 .text.LEDB_ClearInterrupt
                0x00000000       0x14 .\CortexM0p\ARM_GCC_541\Release\RGB_Led.a(LEDB.o)
 .text          0x00000000        0x0 .\CortexM0p\ARM_GCC_541\Release\RGB_Led.a(CyLib.o)
 .text.CySysClkImoStart
                0x00000000       0x14 .\CortexM0p\ARM_GCC_541\Release\RGB_Led.a(CyLib.o)
 .text.CySysClkImoStop
                0x00000000       0x18 .\CortexM0p\ARM_GCC_541\Release\RGB_Led.a(CyLib.o)
 .text.CySysClkWriteHfclkDirect
                0x00000000       0x20 .\CortexM0p\ARM_GCC_541\Release\RGB_Led.a(CyLib.o)
 .text.CySysEnablePumpClock
                0x00000000       0x30 .\CortexM0p\ARM_GCC_541\Release\RGB_Led.a(CyLib.o)
 .text.CySysClkGetSysclkSource
                0x00000000       0x18 .\CortexM0p\ARM_GCC_541\Release\RGB_Led.a(CyLib.o)
 .text.CySysClkWriteSysclkDiv
                0x00000000       0x24 .\CortexM0p\ARM_GCC_541\Release\RGB_Led.a(CyLib.o)
 .text.CySysClkWriteHfclkDiv
                0x00000000       0x24 .\CortexM0p\ARM_GCC_541\Release\RGB_Led.a(CyLib.o)
 .text.CySysGetResetReason
                0x00000000       0x14 .\CortexM0p\ARM_GCC_541\Release\RGB_Led.a(CyLib.o)
 .text.CyDisableInts
                0x00000000       0x10 .\CortexM0p\ARM_GCC_541\Release\RGB_Led.a(CyLib.o)
 .text.CyEnableInts
                0x00000000        0xc .\CortexM0p\ARM_GCC_541\Release\RGB_Led.a(CyLib.o)
 .text.CyIntSetSysVector
                0x00000000        0xe .\CortexM0p\ARM_GCC_541\Release\RGB_Led.a(CyLib.o)
 .text.CyIntGetSysVector
                0x00000000        0xc .\CortexM0p\ARM_GCC_541\Release\RGB_Led.a(CyLib.o)
 .text.CyIntSetVector
                0x00000000       0x10 .\CortexM0p\ARM_GCC_541\Release\RGB_Led.a(CyLib.o)
 .text.CyIntGetVector
                0x00000000       0x10 .\CortexM0p\ARM_GCC_541\Release\RGB_Led.a(CyLib.o)
 .text.CyIntSetPriority
                0x00000000       0x34 .\CortexM0p\ARM_GCC_541\Release\RGB_Led.a(CyLib.o)
 .text.CyIntGetPriority
                0x00000000       0x20 .\CortexM0p\ARM_GCC_541\Release\RGB_Led.a(CyLib.o)
 .text.CyIntEnable
                0x00000000       0x14 .\CortexM0p\ARM_GCC_541\Release\RGB_Led.a(CyLib.o)
 .text.CyIntGetState
                0x00000000       0x18 .\CortexM0p\ARM_GCC_541\Release\RGB_Led.a(CyLib.o)
 .text.CyIntDisable
                0x00000000       0x14 .\CortexM0p\ARM_GCC_541\Release\RGB_Led.a(CyLib.o)
 .text.CyIntSetPending
                0x00000000       0x14 .\CortexM0p\ARM_GCC_541\Release\RGB_Led.a(CyLib.o)
 .text.CyIntClearPending
                0x00000000       0x14 .\CortexM0p\ARM_GCC_541\Release\RGB_Led.a(CyLib.o)
 .text.CyHalt   0x00000000        0x4 .\CortexM0p\ARM_GCC_541\Release\RGB_Led.a(CyLib.o)
 .text.CySoftwareReset
                0x00000000       0x18 .\CortexM0p\ARM_GCC_541\Release\RGB_Led.a(CyLib.o)
 .text.CyDelayUs
                0x00000000       0x14 .\CortexM0p\ARM_GCC_541\Release\RGB_Led.a(CyLib.o)
 .text.CyDelayFreq
                0x00000000       0x48 .\CortexM0p\ARM_GCC_541\Release\RGB_Led.a(CyLib.o)
 .text.CySysTickStop
                0x00000000       0x10 .\CortexM0p\ARM_GCC_541\Release\RGB_Led.a(CyLib.o)
 .text.CySysTickDisableInterrupt
                0x00000000       0x10 .\CortexM0p\ARM_GCC_541\Release\RGB_Led.a(CyLib.o)
 .text.CySysTickSetReload
                0x00000000       0x10 .\CortexM0p\ARM_GCC_541\Release\RGB_Led.a(CyLib.o)
 .text.CySysTickGetReload
                0x00000000       0x10 .\CortexM0p\ARM_GCC_541\Release\RGB_Led.a(CyLib.o)
 .text.CySysTickGetValue
                0x00000000       0x10 .\CortexM0p\ARM_GCC_541\Release\RGB_Led.a(CyLib.o)
 .text.CySysTickSetClockSource
                0x00000000       0x18 .\CortexM0p\ARM_GCC_541\Release\RGB_Led.a(CyLib.o)
 .text.CySysTickGetClockSource
                0x00000000       0x10 .\CortexM0p\ARM_GCC_541\Release\RGB_Led.a(CyLib.o)
 .text.CySysTickClear
                0x00000000        0xc .\CortexM0p\ARM_GCC_541\Release\RGB_Led.a(CyLib.o)
 .text.CyGetUniqueId
                0x00000000       0x74 .\CortexM0p\ARM_GCC_541\Release\RGB_Led.a(CyLib.o)
 .text          0x00000000        0x0 .\CortexM0p\ARM_GCC_541\Release\RGB_Led.a(CyLFClk.o)
 .data          0x00000000        0x0 .\CortexM0p\ARM_GCC_541\Release\RGB_Led.a(CyLFClk.o)
 .bss           0x00000000        0x8 .\CortexM0p\ARM_GCC_541\Release\RGB_Led.a(CyLFClk.o)
 .text.CySysClkWcoSetHighPowerMode
                0x00000000       0x34 .\CortexM0p\ARM_GCC_541\Release\RGB_Led.a(CyLFClk.o)
 .text.CySysClkIloStart
                0x00000000       0x14 .\CortexM0p\ARM_GCC_541\Release\RGB_Led.a(CyLFClk.o)
 .text.CySysClkIloStop
                0x00000000       0x10 .\CortexM0p\ARM_GCC_541\Release\RGB_Led.a(CyLFClk.o)
 .text.CySysClkIloStartMeasurement
                0x00000000       0x34 .\CortexM0p\ARM_GCC_541\Release\RGB_Led.a(CyLFClk.o)
 .text.CySysClkIloStopMeasurement
                0x00000000       0x28 .\CortexM0p\ARM_GCC_541\Release\RGB_Led.a(CyLFClk.o)
 .text.CySysClkIloCompensate
                0x00000000       0xe8 .\CortexM0p\ARM_GCC_541\Release\RGB_Led.a(CyLFClk.o)
 .text.CySysClkWcoStart
                0x00000000       0x18 .\CortexM0p\ARM_GCC_541\Release\RGB_Led.a(CyLFClk.o)
 .text.CySysClkWcoStop
                0x00000000       0x1c .\CortexM0p\ARM_GCC_541\Release\RGB_Led.a(CyLFClk.o)
 .text.CySysClkWcoSetPowerMode
                0x00000000       0x1c .\CortexM0p\ARM_GCC_541\Release\RGB_Led.a(CyLFClk.o)
 .text.CySysClkWcoClockOutSelect
                0x00000000       0x24 .\CortexM0p\ARM_GCC_541\Release\RGB_Led.a(CyLFClk.o)
 .text.CySysWdtGetEnabledStatus
                0x00000000       0x18 .\CortexM0p\ARM_GCC_541\Release\RGB_Led.a(CyLFClk.o)
 .text.CySysWdtEnable
                0x00000000        0xc .\CortexM0p\ARM_GCC_541\Release\RGB_Led.a(CyLFClk.o)
 .text.CySysWdtSetMatch
                0x00000000       0x14 .\CortexM0p\ARM_GCC_541\Release\RGB_Led.a(CyLFClk.o)
 .text.CySysWdtGetMatch
                0x00000000        0xc .\CortexM0p\ARM_GCC_541\Release\RGB_Led.a(CyLFClk.o)
 .text.CySysWdtGetCount
                0x00000000        0xc .\CortexM0p\ARM_GCC_541\Release\RGB_Led.a(CyLFClk.o)
 .text.CySysWdtSetIgnoreBits
                0x00000000       0x20 .\CortexM0p\ARM_GCC_541\Release\RGB_Led.a(CyLFClk.o)
 .text.CySysWdtGetIgnoreBits
                0x00000000       0x10 .\CortexM0p\ARM_GCC_541\Release\RGB_Led.a(CyLFClk.o)
 .text.CySysWdtClearInterrupt
                0x00000000       0x10 .\CortexM0p\ARM_GCC_541\Release\RGB_Led.a(CyLFClk.o)
 .text.CySysWdtMaskInterrupt
                0x00000000       0x10 .\CortexM0p\ARM_GCC_541\Release\RGB_Led.a(CyLFClk.o)
 .text.CySysWdtUnmaskInterrupt
                0x00000000       0x10 .\CortexM0p\ARM_GCC_541\Release\RGB_Led.a(CyLFClk.o)
 .text.CySysWdtSetInterruptCallback
                0x00000000       0x10 .\CortexM0p\ARM_GCC_541\Release\RGB_Led.a(CyLFClk.o)
 .text.CySysWdtGetInterruptCallback
                0x00000000        0xc .\CortexM0p\ARM_GCC_541\Release\RGB_Led.a(CyLFClk.o)
 .text.CySysWdtIsr
                0x00000000       0x18 .\CortexM0p\ARM_GCC_541\Release\RGB_Led.a(CyLFClk.o)
 .text          0x00000000        0x0 .\CortexM0p\ARM_GCC_541\Release\RGB_Led.a(BUTTON.o)
 .data          0x00000000        0x0 .\CortexM0p\ARM_GCC_541\Release\RGB_Led.a(BUTTON.o)
 .bss           0x00000000        0x0 .\CortexM0p\ARM_GCC_541\Release\RGB_Led.a(BUTTON.o)
 .text.BUTTON_SetDriveMode
                0x00000000       0x18 .\CortexM0p\ARM_GCC_541\Release\RGB_Led.a(BUTTON.o)
 .text.BUTTON_Write
                0x00000000       0x18 .\CortexM0p\ARM_GCC_541\Release\RGB_Led.a(BUTTON.o)
 .text.BUTTON_ReadDataReg
                0x00000000       0x10 .\CortexM0p\ARM_GCC_541\Release\RGB_Led.a(BUTTON.o)
 .text.BUTTON_SetInterruptMode
                0x00000000       0x14 .\CortexM0p\ARM_GCC_541\Release\RGB_Led.a(BUTTON.o)
 .text.BUTTON_ClearInterrupt
                0x00000000       0x14 .\CortexM0p\ARM_GCC_541\Release\RGB_Led.a(BUTTON.o)
 .data          0x00000000        0x0 .\CortexM0p\ARM_GCC_541\Release\RGB_Led.a(CyBootAsmGnu.o)
 .bss           0x00000000        0x0 .\CortexM0p\ARM_GCC_541\Release\RGB_Led.a(CyBootAsmGnu.o)
 .text          0x00000000        0x0 .\CortexM0p\ARM_GCC_541\Release\RGB_Led.a(mUART_SPI_UART.o)
 .data          0x00000000        0x0 .\CortexM0p\ARM_GCC_541\Release\RGB_Led.a(mUART_SPI_UART.o)
 .bss           0x00000000        0x0 .\CortexM0p\ARM_GCC_541\Release\RGB_Led.a(mUART_SPI_UART.o)
 .text.mUART_SpiUartReadRxData
                0x00000000        0xc .\CortexM0p\ARM_GCC_541\Release\RGB_Led.a(mUART_SPI_UART.o)
 .text.mUART_SpiUartGetRxBufferSize
                0x00000000       0x10 .\CortexM0p\ARM_GCC_541\Release\RGB_Led.a(mUART_SPI_UART.o)
 .text.mUART_SpiUartClearRxBuffer
                0x00000000       0x20 .\CortexM0p\ARM_GCC_541\Release\RGB_Led.a(mUART_SPI_UART.o)
 .text.mUART_SpiUartWriteTxData
                0x00000000       0x1c .\CortexM0p\ARM_GCC_541\Release\RGB_Led.a(mUART_SPI_UART.o)
 .text.mUART_SpiUartPutArray
                0x00000000       0x16 .\CortexM0p\ARM_GCC_541\Release\RGB_Led.a(mUART_SPI_UART.o)
 .text.mUART_SpiUartGetTxBufferSize
                0x00000000       0x10 .\CortexM0p\ARM_GCC_541\Release\RGB_Led.a(mUART_SPI_UART.o)
 .text.mUART_SpiUartClearTxBuffer
                0x00000000       0x20 .\CortexM0p\ARM_GCC_541\Release\RGB_Led.a(mUART_SPI_UART.o)
 .text.mUART_SpiUartDisableIntRx
                0x00000000       0x10 .\CortexM0p\ARM_GCC_541\Release\RGB_Led.a(mUART_SPI_UART.o)
 .text.mUART_SpiUartDisableIntTx
                0x00000000       0x10 .\CortexM0p\ARM_GCC_541\Release\RGB_Led.a(mUART_SPI_UART.o)
 .text          0x00000000        0x0 .\CortexM0p\ARM_GCC_541\Release\RGB_Led.a(CyFlash.o)
 .data          0x00000000        0x0 .\CortexM0p\ARM_GCC_541\Release\RGB_Led.a(CyFlash.o)
 .bss           0x00000000       0x18 .\CortexM0p\ARM_GCC_541\Release\RGB_Led.a(CyFlash.o)
 .text.CySysFlashClockBackup
                0x00000000       0x48 .\CortexM0p\ARM_GCC_541\Release\RGB_Led.a(CyFlash.o)
 .text.CySysFlashClockConfig
                0x00000000       0x38 .\CortexM0p\ARM_GCC_541\Release\RGB_Led.a(CyFlash.o)
 .text.CySysFlashClockRestore
                0x00000000       0x48 .\CortexM0p\ARM_GCC_541\Release\RGB_Led.a(CyFlash.o)
 .text.CySysFlashWriteRow
                0x00000000       0xdc .\CortexM0p\ARM_GCC_541\Release\RGB_Led.a(CyFlash.o)
 .text.CySysSFlashWriteUserRow
                0x00000000       0xcc .\CortexM0p\ARM_GCC_541\Release\RGB_Led.a(CyFlash.o)
 .data          0x00000000        0x0 c:/program files (x86)/cypress/psoc creator/4.4/psoc creator/import/gnu/arm/5.4.1/bin/../lib/gcc/arm-none-eabi/5.4.1/armv6-m\libgcc.a(_udivsi3.o)
 .bss           0x00000000        0x0 c:/program files (x86)/cypress/psoc creator/4.4/psoc creator/import/gnu/arm/5.4.1/bin/../lib/gcc/arm-none-eabi/5.4.1/armv6-m\libgcc.a(_udivsi3.o)
 .data          0x00000000        0x0 c:/program files (x86)/cypress/psoc creator/4.4/psoc creator/import/gnu/arm/5.4.1/bin/../lib/gcc/arm-none-eabi/5.4.1/armv6-m\libgcc.a(_divsi3.o)
 .bss           0x00000000        0x0 c:/program files (x86)/cypress/psoc creator/4.4/psoc creator/import/gnu/arm/5.4.1/bin/../lib/gcc/arm-none-eabi/5.4.1/armv6-m\libgcc.a(_divsi3.o)
 .data          0x00000000        0x0 c:/program files (x86)/cypress/psoc creator/4.4/psoc creator/import/gnu/arm/5.4.1/bin/../lib/gcc/arm-none-eabi/5.4.1/armv6-m\libgcc.a(_dvmd_tls.o)
 .bss           0x00000000        0x0 c:/program files (x86)/cypress/psoc creator/4.4/psoc creator/import/gnu/arm/5.4.1/bin/../lib/gcc/arm-none-eabi/5.4.1/armv6-m\libgcc.a(_dvmd_tls.o)
 .text          0x00000000        0x0 c:/program files (x86)/cypress/psoc creator/4.4/psoc creator/import/gnu/arm/5.4.1/bin/../lib/gcc/arm-none-eabi/5.4.1/../../../../arm-none-eabi/lib/armv6-m\libg_nano.a(lib_a-errno.o)
 .data          0x00000000        0x0 c:/program files (x86)/cypress/psoc creator/4.4/psoc creator/import/gnu/arm/5.4.1/bin/../lib/gcc/arm-none-eabi/5.4.1/../../../../arm-none-eabi/lib/armv6-m\libg_nano.a(lib_a-errno.o)
 .bss           0x00000000        0x0 c:/program files (x86)/cypress/psoc creator/4.4/psoc creator/import/gnu/arm/5.4.1/bin/../lib/gcc/arm-none-eabi/5.4.1/../../../../arm-none-eabi/lib/armv6-m\libg_nano.a(lib_a-errno.o)
 .text          0x00000000        0x0 c:/program files (x86)/cypress/psoc creator/4.4/psoc creator/import/gnu/arm/5.4.1/bin/../lib/gcc/arm-none-eabi/5.4.1/../../../../arm-none-eabi/lib/armv6-m\libg_nano.a(lib_a-exit.o)
 .data          0x00000000        0x0 c:/program files (x86)/cypress/psoc creator/4.4/psoc creator/import/gnu/arm/5.4.1/bin/../lib/gcc/arm-none-eabi/5.4.1/../../../../arm-none-eabi/lib/armv6-m\libg_nano.a(lib_a-exit.o)
 .bss           0x00000000        0x0 c:/program files (x86)/cypress/psoc creator/4.4/psoc creator/import/gnu/arm/5.4.1/bin/../lib/gcc/arm-none-eabi/5.4.1/../../../../arm-none-eabi/lib/armv6-m\libg_nano.a(lib_a-exit.o)
 .text.exit     0x00000000       0x2c c:/program files (x86)/cypress/psoc creator/4.4/psoc creator/import/gnu/arm/5.4.1/bin/../lib/gcc/arm-none-eabi/5.4.1/../../../../arm-none-eabi/lib/armv6-m\libg_nano.a(lib_a-exit.o)
 .text          0x00000000        0x0 c:/program files (x86)/cypress/psoc creator/4.4/psoc creator/import/gnu/arm/5.4.1/bin/../lib/gcc/arm-none-eabi/5.4.1/../../../../arm-none-eabi/lib/armv6-m\libg_nano.a(lib_a-impure.o)
 .data          0x00000000        0x0 c:/program files (x86)/cypress/psoc creator/4.4/psoc creator/import/gnu/arm/5.4.1/bin/../lib/gcc/arm-none-eabi/5.4.1/../../../../arm-none-eabi/lib/armv6-m\libg_nano.a(lib_a-impure.o)
 .bss           0x00000000        0x0 c:/program files (x86)/cypress/psoc creator/4.4/psoc creator/import/gnu/arm/5.4.1/bin/../lib/gcc/arm-none-eabi/5.4.1/../../../../arm-none-eabi/lib/armv6-m\libg_nano.a(lib_a-impure.o)
 .rodata._global_impure_ptr
                0x00000000        0x4 c:/program files (x86)/cypress/psoc creator/4.4/psoc creator/import/gnu/arm/5.4.1/bin/../lib/gcc/arm-none-eabi/5.4.1/../../../../arm-none-eabi/lib/armv6-m\libg_nano.a(lib_a-impure.o)
 .text          0x00000000        0x0 c:/program files (x86)/cypress/psoc creator/4.4/psoc creator/import/gnu/arm/5.4.1/bin/../lib/gcc/arm-none-eabi/5.4.1/../../../../arm-none-eabi/lib/armv6-m\libg_nano.a(lib_a-init.o)
 .data          0x00000000        0x0 c:/program files (x86)/cypress/psoc creator/4.4/psoc creator/import/gnu/arm/5.4.1/bin/../lib/gcc/arm-none-eabi/5.4.1/../../../../arm-none-eabi/lib/armv6-m\libg_nano.a(lib_a-init.o)
 .bss           0x00000000        0x0 c:/program files (x86)/cypress/psoc creator/4.4/psoc creator/import/gnu/arm/5.4.1/bin/../lib/gcc/arm-none-eabi/5.4.1/../../../../arm-none-eabi/lib/armv6-m\libg_nano.a(lib_a-init.o)
 .text          0x00000000        0x0 c:/program files (x86)/cypress/psoc creator/4.4/psoc creator/import/gnu/arm/5.4.1/bin/../lib/gcc/arm-none-eabi/5.4.1/../../../../arm-none-eabi/lib/armv6-m\libg_nano.a(lib_a-memcpy-stub.o)
 .data          0x00000000        0x0 c:/program files (x86)/cypress/psoc creator/4.4/psoc creator/import/gnu/arm/5.4.1/bin/../lib/gcc/arm-none-eabi/5.4.1/../../../../arm-none-eabi/lib/armv6-m\libg_nano.a(lib_a-memcpy-stub.o)
 .bss           0x00000000        0x0 c:/program files (x86)/cypress/psoc creator/4.4/psoc creator/import/gnu/arm/5.4.1/bin/../lib/gcc/arm-none-eabi/5.4.1/../../../../arm-none-eabi/lib/armv6-m\libg_nano.a(lib_a-memcpy-stub.o)
 .text.memcpy   0x00000000       0x12 c:/program files (x86)/cypress/psoc creator/4.4/psoc creator/import/gnu/arm/5.4.1/bin/../lib/gcc/arm-none-eabi/5.4.1/../../../../arm-none-eabi/lib/armv6-m\libg_nano.a(lib_a-memcpy-stub.o)
 .text          0x00000000        0x0 c:/program files (x86)/cypress/psoc creator/4.4/psoc creator/import/gnu/arm/5.4.1/bin/../lib/gcc/arm-none-eabi/5.4.1/../../../../arm-none-eabi/lib/armv6-m\libg_nano.a(lib_a-memset.o)
 .data          0x00000000        0x0 c:/program files (x86)/cypress/psoc creator/4.4/psoc creator/import/gnu/arm/5.4.1/bin/../lib/gcc/arm-none-eabi/5.4.1/../../../../arm-none-eabi/lib/armv6-m\libg_nano.a(lib_a-memset.o)
 .bss           0x00000000        0x0 c:/program files (x86)/cypress/psoc creator/4.4/psoc creator/import/gnu/arm/5.4.1/bin/../lib/gcc/arm-none-eabi/5.4.1/../../../../arm-none-eabi/lib/armv6-m\libg_nano.a(lib_a-memset.o)
 .text.memset   0x00000000       0x10 c:/program files (x86)/cypress/psoc creator/4.4/psoc creator/import/gnu/arm/5.4.1/bin/../lib/gcc/arm-none-eabi/5.4.1/../../../../arm-none-eabi/lib/armv6-m\libg_nano.a(lib_a-memset.o)
 .text          0x00000000        0x0 c:/program files (x86)/cypress/psoc creator/4.4/psoc creator/import/gnu/arm/5.4.1/bin/../lib/gcc/arm-none-eabi/5.4.1/armv6-m/crtend.o
 .data          0x00000000        0x0 c:/program files (x86)/cypress/psoc creator/4.4/psoc creator/import/gnu/arm/5.4.1/bin/../lib/gcc/arm-none-eabi/5.4.1/armv6-m/crtend.o
 .bss           0x00000000        0x0 c:/program files (x86)/cypress/psoc creator/4.4/psoc creator/import/gnu/arm/5.4.1/bin/../lib/gcc/arm-none-eabi/5.4.1/armv6-m/crtend.o
 .text          0x00000000        0x0 c:/program files (x86)/cypress/psoc creator/4.4/psoc creator/import/gnu/arm/5.4.1/bin/../lib/gcc/arm-none-eabi/5.4.1/armv6-m/crtn.o
 .data          0x00000000        0x0 c:/program files (x86)/cypress/psoc creator/4.4/psoc creator/import/gnu/arm/5.4.1/bin/../lib/gcc/arm-none-eabi/5.4.1/armv6-m/crtn.o
 .bss           0x00000000        0x0 c:/program files (x86)/cypress/psoc creator/4.4/psoc creator/import/gnu/arm/5.4.1/bin/../lib/gcc/arm-none-eabi/5.4.1/armv6-m/crtn.o

Memory Configuration

Name             Origin             Length             Attributes
rom              0x00000000         0x00008000         xr
ram              0x20000000         0x00001000         xrw
*default*        0x00000000         0xffffffff

Linker script and memory map

LOAD c:/program files (x86)/cypress/psoc creator/4.4/psoc creator/import/gnu/arm/5.4.1/bin/../lib/gcc/arm-none-eabi/5.4.1/armv6-m/crti.o
LOAD c:/program files (x86)/cypress/psoc creator/4.4/psoc creator/import/gnu/arm/5.4.1/bin/../lib/gcc/arm-none-eabi/5.4.1/armv6-m/crtbegin.o
LOAD c:/program files (x86)/cypress/psoc creator/4.4/psoc creator/import/gnu/arm/5.4.1/bin/../lib/gcc/arm-none-eabi/5.4.1/../../../../arm-none-eabi/lib/armv6-m/crt0.o
START GROUP
LOAD .\CortexM0p\ARM_GCC_541\Release\main.o
LOAD .\CortexM0p\ARM_GCC_541\Release\cyfitter_cfg.o
LOAD .\CortexM0p\ARM_GCC_541\Release\cybootloader.o
LOAD .\CortexM0p\ARM_GCC_541\Release\cymetadata.o
LOAD .\CortexM0p\ARM_GCC_541\Release\Cm0plusStart.o
LOAD .\CortexM0p\ARM_GCC_541\Release\RGB_Led.a
END GROUP
START GROUP
LOAD c:/program files (x86)/cypress/psoc creator/4.4/psoc creator/import/gnu/arm/5.4.1/bin/../lib/gcc/arm-none-eabi/5.4.1/armv6-m\libgcc.a
LOAD c:/program files (x86)/cypress/psoc creator/4.4/psoc creator/import/gnu/arm/5.4.1/bin/../lib/gcc/arm-none-eabi/5.4.1/../../../../arm-none-eabi/lib/armv6-m\libg_nano.a
LOAD c:/program files (x86)/cypress/psoc creator/4.4/psoc creator/import/gnu/arm/5.4.1/bin/../lib/gcc/arm-none-eabi/5.4.1/../../../../arm-none-eabi/lib/armv6-m\libc_nano.a
END GROUP
START GROUP
LOAD c:/program files (x86)/cypress/psoc creator/4.4/psoc creator/import/gnu/arm/5.4.1/bin/../lib/gcc/arm-none-eabi/5.4.1/armv6-m\libgcc.a
LOAD c:/program files (x86)/cypress/psoc creator/4.4/psoc creator/import/gnu/arm/5.4.1/bin/../lib/gcc/arm-none-eabi/5.4.1/../../../../arm-none-eabi/lib/armv6-m\libc_nano.a
END GROUP
LOAD c:/program files (x86)/cypress/psoc creator/4.4/psoc creator/import/gnu/arm/5.4.1/bin/../lib/gcc/arm-none-eabi/5.4.1/armv6-m/crtend.o
LOAD c:/program files (x86)/cypress/psoc creator/4.4/psoc creator/import/gnu/arm/5.4.1/bin/../lib/gcc/arm-none-eabi/5.4.1/armv6-m/crtn.o
START GROUP
LOAD c:/program files (x86)/cypress/psoc creator/4.4/psoc creator/import/gnu/arm/5.4.1/bin/../lib/gcc/arm-none-eabi/5.4.1/armv6-m\libgcc.a
LOAD c:/program files (x86)/cypress/psoc creator/4.4/psoc creator/import/gnu/arm/5.4.1/bin/../lib/gcc/arm-none-eabi/5.4.1/../../../../arm-none-eabi/lib/armv6-m\libc.a
LOAD c:/program files (x86)/cypress/psoc creator/4.4/psoc creator/import/gnu/arm/5.4.1/bin/../lib/gcc/arm-none-eabi/5.4.1/../../../../arm-none-eabi/lib/armv6-m\libnosys.a
END GROUP
                0x00000000                CY_APPL_ORIGIN = 0x0
                0x00000080                CY_FLASH_ROW_SIZE = 0x80
                0x00000001                CY_APPL_NUM = 0x1
                0x00000001                CY_APPL_MAX = 0x1
                0x00000040                CY_METADATA_SIZE = 0x40
                0x00000001                CY_APPL_LOADABLE = 0x1
                0x00000000                CY_CHECKSUM_EXCLUDE_SIZE = ALIGN (0x0, CY_FLASH_ROW_SIZE)
                0x00000000                CY_APP_FOR_STACK_AND_COPIER = 0x0
                [!provide]                PROVIDE (__cy_heap_start, _end)
                0x00000001                PROVIDE (__cy_region_num, ((__cy_regions_end - __cy_regions) / 0x10))
                0x20001000                PROVIDE (__cy_stack, (ORIGIN (ram) + LENGTH (ram)))
                [!provide]                PROVIDE (__cy_heap_end, (__cy_stack - 0x400))

.cybootloader   0x00000000     0x1500
 *(.cybootloader)
 .cybootloader  0x00000000     0x1500 .\CortexM0p\ARM_GCC_541\Release\cybootloader.o
                0x00000000                cy_bootloader
                0x00001500                appl1_start = CY_APPL_ORIGIN?CY_APPL_ORIGIN:ALIGN (CY_FLASH_ROW_SIZE)
                0x00004a00                appl2_start = (appl1_start + ALIGN ((((LENGTH (rom) - appl1_start) - (0x2 * CY_FLASH_ROW_SIZE)) / 0x2), CY_FLASH_ROW_SIZE))
                0x00001500                appl_start = (CY_APPL_NUM == 0x1)?appl1_start:appl2_start
                0x00000000                cy_project_type_bootloader = (appl_start == 0x0)?0x1:0x0
                0x00000000                cy_project_type_app_for_stack_and_copier = (CY_APP_FOR_STACK_AND_COPIER == 0x1)?0x1:0x0

.text           0x00001500      0xaf8
 CREATE_OBJECT_SYMBOLS
                0x00001500                PROVIDE (__cy_interrupt_vector, RomVectors)
 *(.romvectors)
 .romvectors    0x00001500       0x10 .\CortexM0p\ARM_GCC_541\Release\Cm0plusStart.o
                0x00001500                RomVectors
                0x00000001                ASSERT ((. != __cy_interrupt_vector), No interrupt vector)
                0x00000001                ASSERT (CY_APPL_ORIGIN?(SIZEOF (.cybootloader) <= CY_APPL_ORIGIN):0x1, Wrong image location)
                0x00001510                PROVIDE (__cy_reset, Reset)
 *(.text.Reset)
 .text.Reset    0x00001510       0x14 .\CortexM0p\ARM_GCC_541\Release\Cm0plusStart.o
                0x00001510                Reset
                0x00000001                ASSERT ((. != __cy_reset), No reset code)
 *(.psocinit)
 .psocinit      0x00001524       0xa0 .\CortexM0p\ARM_GCC_541\Release\cyfitter_cfg.o
                0x00001524                cyfitter_cfg
                0x00001600                . = MAX (., 0x100)
 *fill*         0x000015c4       0x3c 
 *(.text .text.* .gnu.linkonce.t.*)
 .text          0x00001600       0x60 c:/program files (x86)/cypress/psoc creator/4.4/psoc creator/import/gnu/arm/5.4.1/bin/../lib/gcc/arm-none-eabi/5.4.1/armv6-m/crtbegin.o
 .text.CySysTickCallback
                0x00001660       0x24 .\CortexM0p\ARM_GCC_541\Release\main.o
                0x00001660                CySysTickCallback
 .text.startup.main
                0x00001684       0xcc .\CortexM0p\ARM_GCC_541\Release\main.o
                0x00001684                main
 .text.IntDefaultHandler
                0x00001750       0x10 .\CortexM0p\ARM_GCC_541\Release\Cm0plusStart.o
                0x00001750                IntDefaultHandler
 .text.Start_c  0x00001760       0x4c .\CortexM0p\ARM_GCC_541\Release\Cm0plusStart.o
                0x00001760                Start_c
 .text.startup.initialize_psoc
                0x000017ac       0x48 .\CortexM0p\ARM_GCC_541\Release\Cm0plusStart.o
                0x000017ac                initialize_psoc
 .text.mUART_Enable
                0x000017f4       0x18 .\CortexM0p\ARM_GCC_541\Release\RGB_Led.a(mUART.o)
                0x000017f4                mUART_Enable
 .text.mUART_Start
                0x0000180c       0x1c .\CortexM0p\ARM_GCC_541\Release\RGB_Led.a(mUART.o)
                0x0000180c                mUART_Start
 .text.mUART_UartInit
                0x00001828       0xa8 .\CortexM0p\ARM_GCC_541\Release\RGB_Led.a(mUART_UART.o)
                0x00001828                mUART_UartInit
 .text.mUART_UartPostEnable
                0x000018d0       0x24 .\CortexM0p\ARM_GCC_541\Release\RGB_Led.a(mUART_UART.o)
                0x000018d0                mUART_UartPostEnable
 .text.LEDR_Write
                0x000018f4       0x18 .\CortexM0p\ARM_GCC_541\Release\RGB_Led.a(LEDR.o)
                0x000018f4                LEDR_Write
 .text.LEDG_Write
                0x0000190c       0x18 .\CortexM0p\ARM_GCC_541\Release\RGB_Led.a(LEDG.o)
                0x0000190c                LEDG_Write
 .text.LEDB_Write
                0x00001924       0x18 .\CortexM0p\ARM_GCC_541\Release\RGB_Led.a(LEDB.o)
                0x00001924                LEDB_Write
 .text.CySysClkImoDisableWcoLock
                0x0000193c       0x48 .\CortexM0p\ARM_GCC_541\Release\RGB_Led.a(CyLib.o)
                0x0000193c                CySysClkImoDisableWcoLock
 .text.CySysClkImoGetWcoLock
                0x00001984       0x10 .\CortexM0p\ARM_GCC_541\Release\RGB_Led.a(CyLib.o)
                0x00001984                CySysClkImoGetWcoLock
 .text.CyDelay  0x00001994       0x2c .\CortexM0p\ARM_GCC_541\Release\RGB_Led.a(CyLib.o)
                0x00001994                CyDelay
 .text.CySysClkImoEnableWcoLock
                0x000019c0       0xc4 .\CortexM0p\ARM_GCC_541\Release\RGB_Led.a(CyLib.o)
                0x000019c0                CySysClkImoEnableWcoLock
 .text.CySysClkWriteImoFreq
                0x00001a84       0xb8 .\CortexM0p\ARM_GCC_541\Release\RGB_Led.a(CyLib.o)
                0x00001a84                CySysClkWriteImoFreq
 .text.CySysTickInit
                0x00001b3c       0x54 .\CortexM0p\ARM_GCC_541\Release\RGB_Led.a(CyLib.o)
                0x00001b3c                CySysTickInit
 .text.CySysTickEnableInterrupt
                0x00001b90       0x10 .\CortexM0p\ARM_GCC_541\Release\RGB_Led.a(CyLib.o)
                0x00001b90                CySysTickEnableInterrupt
 .text.CySysTickEnable
                0x00001ba0       0x18 .\CortexM0p\ARM_GCC_541\Release\RGB_Led.a(CyLib.o)
                0x00001ba0                CySysTickEnable
 .text.CySysTickStart
                0x00001bb8       0x1c .\CortexM0p\ARM_GCC_541\Release\RGB_Led.a(CyLib.o)
                0x00001bb8                CySysTickStart
 .text.CySysTickGetCountFlag
                0x00001bd4       0x10 .\CortexM0p\ARM_GCC_541\Release\RGB_Led.a(CyLib.o)
                0x00001bd4                CySysTickGetCountFlag
 .text.CySysTickServiceCallbacks
                0x00001be4       0x24 .\CortexM0p\ARM_GCC_541\Release\RGB_Led.a(CyLib.o)
 .text.CySysTickSetCallback
                0x00001c08       0x10 .\CortexM0p\ARM_GCC_541\Release\RGB_Led.a(CyLib.o)
                0x00001c08                CySysTickSetCallback
 .text.CySysTickGetCallback
                0x00001c18        0xc .\CortexM0p\ARM_GCC_541\Release\RGB_Led.a(CyLib.o)
                0x00001c18                CySysTickGetCallback
 .text.CySysClkWcoEnabled
                0x00001c24        0xc .\CortexM0p\ARM_GCC_541\Release\RGB_Led.a(CyLFClk.o)
                0x00001c24                CySysClkWcoEnabled
 .text.CySysWdtDisable
                0x00001c30       0x10 .\CortexM0p\ARM_GCC_541\Release\RGB_Led.a(CyLFClk.o)
                0x00001c30                CySysWdtDisable
 .text.BUTTON_Read
                0x00001c40       0x10 .\CortexM0p\ARM_GCC_541\Release\RGB_Led.a(BUTTON.o)
                0x00001c40                BUTTON_Read
 .text          0x00001c50       0x20 .\CortexM0p\ARM_GCC_541\Release\RGB_Led.a(CyBootAsmGnu.o)
                0x00001c50                CyDelayCycles
                0x00001c62                CyEnterCriticalSection
                0x00001c6a                CyExitCriticalSection
 .text.CySysFlashSetWaitCycles
                0x00001c70       0x44 .\CortexM0p\ARM_GCC_541\Release\RGB_Led.a(CyFlash.o)
                0x00001c70                CySysFlashSetWaitCycles
 .text          0x00001cb4      0x114 c:/program files (x86)/cypress/psoc creator/4.4/psoc creator/import/gnu/arm/5.4.1/bin/../lib/gcc/arm-none-eabi/5.4.1/armv6-m\libgcc.a(_udivsi3.o)
                0x00001cb4                __aeabi_uidiv
                0x00001cb4                __udivsi3
                0x00001dc0                __aeabi_uidivmod
 .text          0x00001dc8      0x1d4 c:/program files (x86)/cypress/psoc creator/4.4/psoc creator/import/gnu/arm/5.4.1/bin/../lib/gcc/arm-none-eabi/5.4.1/armv6-m\libgcc.a(_divsi3.o)
                0x00001dc8                __divsi3
                0x00001dc8                __aeabi_idiv
                0x00001f94                __aeabi_idivmod
 .text          0x00001f9c        0x4 c:/program files (x86)/cypress/psoc creator/4.4/psoc creator/import/gnu/arm/5.4.1/bin/../lib/gcc/arm-none-eabi/5.4.1/armv6-m\libgcc.a(_dvmd_tls.o)
                0x00001f9c                __aeabi_idiv0
                0x00001f9c                __aeabi_ldiv0
 .text.__errno  0x00001fa0        0xc c:/program files (x86)/cypress/psoc creator/4.4/psoc creator/import/gnu/arm/5.4.1/bin/../lib/gcc/arm-none-eabi/5.4.1/../../../../arm-none-eabi/lib/armv6-m\libg_nano.a(lib_a-errno.o)
                0x00001fa0                __errno
 .text.__libc_init_array
                0x00001fac       0x4c c:/program files (x86)/cypress/psoc creator/4.4/psoc creator/import/gnu/arm/5.4.1/bin/../lib/gcc/arm-none-eabi/5.4.1/../../../../arm-none-eabi/lib/armv6-m\libg_nano.a(lib_a-init.o)
                0x00001fac                __libc_init_array
 *(.plt)
 *(.gnu.warning)
 *(.glue_7t)
 .glue_7t       0x00001ff8        0x0 linker stubs
 *(.glue_7)
 .glue_7        0x00001ff8        0x0 linker stubs
 *(.vfp11_veneer)
 .vfp11_veneer  0x00001ff8        0x0 linker stubs
 *(.bootloader)
 *(.ARM.extab* .gnu.linkonce.armextab.*)
 *(.gcc_except_table)

.v4_bx          0x00001ff8        0x0
 .v4_bx         0x00001ff8        0x0 linker stubs

.iplt           0x00001ff8        0x0
 .iplt          0x00001ff8        0x0 c:/program files (x86)/cypress/psoc creator/4.4/psoc creator/import/gnu/arm/5.4.1/bin/../lib/gcc/arm-none-eabi/5.4.1/armv6-m/crtbegin.o

.eh_frame_hdr
 *(.eh_frame_hdr)

.eh_frame       0x00001ff8        0x4
 *(.eh_frame)
 .eh_frame      0x00001ff8        0x0 c:/program files (x86)/cypress/psoc creator/4.4/psoc creator/import/gnu/arm/5.4.1/bin/../lib/gcc/arm-none-eabi/5.4.1/armv6-m/crtbegin.o
 .eh_frame      0x00001ff8        0x4 c:/program files (x86)/cypress/psoc creator/4.4/psoc creator/import/gnu/arm/5.4.1/bin/../lib/gcc/arm-none-eabi/5.4.1/armv6-m/crtend.o
                [!provide]                PROVIDE (__exidx_start, .)

.ARM.exidx
 *(.ARM.exidx* .gnu.linkonce.armexidx.*)
                0x00001ffc                __exidx_end = .

.rodata         0x00001ffc       0x5c
 *(.rodata .rodata.* .gnu.linkonce.r.*)
 .rodata.str1.1
                0x00001ffc       0x20 .\CortexM0p\ARM_GCC_541\Release\main.o
 .rodata.str1.1
                0x0000201c        0x2 c:/program files (x86)/cypress/psoc creator/4.4/psoc creator/import/gnu/arm/5.4.1/bin/../lib/gcc/arm-none-eabi/5.4.1/../../../../arm-none-eabi/lib/armv6-m\libg_nano.a(lib_a-impure.o)
                0x00002020                . = ALIGN (0x4)
 *fill*         0x0000201e        0x2 
 *(.init)
 .init          0x00002020        0x4 c:/program files (x86)/cypress/psoc creator/4.4/psoc creator/import/gnu/arm/5.4.1/bin/../lib/gcc/arm-none-eabi/5.4.1/armv6-m/crti.o
                0x00002020                _init
 .init          0x00002024        0x8 c:/program files (x86)/cypress/psoc creator/4.4/psoc creator/import/gnu/arm/5.4.1/bin/../lib/gcc/arm-none-eabi/5.4.1/armv6-m/crtn.o
                0x0000202c                . = ALIGN (0x4)
                0x0000202c                __preinit_array_start = .
 *(.preinit_array)
                0x0000202c                __preinit_array_end = .
                0x0000202c                . = ALIGN (0x4)
                0x0000202c                __init_array_start = .
 *(SORT(.init_array.*))
 *(.init_array)
 .init_array    0x0000202c        0x4 c:/program files (x86)/cypress/psoc creator/4.4/psoc creator/import/gnu/arm/5.4.1/bin/../lib/gcc/arm-none-eabi/5.4.1/armv6-m/crtbegin.o
 .init_array    0x00002030        0x4 .\CortexM0p\ARM_GCC_541\Release\Cm0plusStart.o
                0x00002034                __init_array_end = .
                0x00002034                . = ALIGN (0x4)
 *(.fini)
 .fini          0x00002034        0x4 c:/program files (x86)/cypress/psoc creator/4.4/psoc creator/import/gnu/arm/5.4.1/bin/../lib/gcc/arm-none-eabi/5.4.1/armv6-m/crti.o
                0x00002034                _fini
 .fini          0x00002038        0x8 c:/program files (x86)/cypress/psoc creator/4.4/psoc creator/import/gnu/arm/5.4.1/bin/../lib/gcc/arm-none-eabi/5.4.1/armv6-m/crtn.o
                0x00002040                . = ALIGN (0x4)
                0x00002040                __fini_array_start = .
 *(.fini_array)
 .fini_array    0x00002040        0x4 c:/program files (x86)/cypress/psoc creator/4.4/psoc creator/import/gnu/arm/5.4.1/bin/../lib/gcc/arm-none-eabi/5.4.1/armv6-m/crtbegin.o
 *(SORT(.fini_array.*))
                0x00002044                __fini_array_end = .
                0x00002044                . = ALIGN (0x4)
 *crtbegin.o(.ctors)
 *(EXCLUDE_FILE(*crtend.o) .ctors)
 *(SORT(.ctors.*))
 *crtend.o(.ctors)
                0x00002044                . = ALIGN (0x4)
 *crtbegin.o(.dtors)
 *(EXCLUDE_FILE(*crtend.o) .dtors)
 *(SORT(.dtors.*))
 *crtend.o(.dtors)
                0x00002044                . = ALIGN (0x4)
                0x00002044                __cy_regions = .
                0x00002044        0x4 LONG 0x2058 __cy_region_init_ram
                0x00002048        0x4 LONG 0x20000088 __cy_region_start_data
                0x0000204c        0x4 LONG 0x80 __cy_region_init_size_ram
                0x00002050        0x4 LONG 0x40 __cy_region_zero_size_ram
                0x00002054                __cy_regions_end = .
                0x00002058                . = ALIGN (0x8)
 *fill*         0x00002054        0x4 
                0x00002058                _etext = .

.ramvectors     0x20000000       0x80
                0x20000000                __cy_region_start_ram = .
 *(.ramvectors)
 .ramvectors    0x20000000       0x80 .\CortexM0p\ARM_GCC_541\Release\Cm0plusStart.o
                0x20000000                CyRamVectors

.btldr_run      0x20000080        0x4
 *(.bootloaderruntype)
 .bootloaderruntype
                0x20000080        0x4 .\CortexM0p\ARM_GCC_541\Release\Cm0plusStart.o
                0x20000080                cyBtldrRunType

.noinit
 *(.noinit)

.data           0x20000088       0x80 load address 0x00002058
                0x20000088                __cy_region_start_data = .
 *(.jcr)
 .jcr           0x20000088        0x0 c:/program files (x86)/cypress/psoc creator/4.4/psoc creator/import/gnu/arm/5.4.1/bin/../lib/gcc/arm-none-eabi/5.4.1/armv6-m/crtbegin.o
 .jcr           0x20000088        0x4 c:/program files (x86)/cypress/psoc creator/4.4/psoc creator/import/gnu/arm/5.4.1/bin/../lib/gcc/arm-none-eabi/5.4.1/armv6-m/crtend.o
 *(.got.plt)
 *(.got)
 *(.shdata)
 *(.data .data.* .gnu.linkonce.d.*)
 .data          0x2000008c       0x14 .\CortexM0p\ARM_GCC_541\Release\RGB_Led.a(CyLib.o)
                0x2000008c                CySysClkPumpConfig
                0x20000090                cydelay32kMs
                0x20000094                cydelayFreqKhz
                0x20000098                cydelayFreqMhz
                0x2000009c                cydelayFreqHz
 .data.impure_data
                0x200000a0       0x60 c:/program files (x86)/cypress/psoc creator/4.4/psoc creator/import/gnu/arm/5.4.1/bin/../lib/gcc/arm-none-eabi/5.4.1/../../../../arm-none-eabi/lib/armv6-m\libg_nano.a(lib_a-impure.o)
 .data._impure_ptr
                0x20000100        0x4 c:/program files (x86)/cypress/psoc creator/4.4/psoc creator/import/gnu/arm/5.4.1/bin/../lib/gcc/arm-none-eabi/5.4.1/../../../../arm-none-eabi/lib/armv6-m\libg_nano.a(lib_a-impure.o)
                0x20000100                _impure_ptr
                0x20000108                . = ALIGN (0x8)
 *fill*         0x20000104        0x4 
 *(.ram)
                0x20000108                _edata = .

.igot.plt       0x20000108        0x0 load address 0x000020d8
 .igot.plt      0x20000108        0x0 c:/program files (x86)/cypress/psoc creator/4.4/psoc creator/import/gnu/arm/5.4.1/bin/../lib/gcc/arm-none-eabi/5.4.1/armv6-m/crtbegin.o

.bss            0x20000108       0x40 load address 0x000020d8
                0x20000108                PROVIDE (__bss_start__, .)
 *(.shbss)
 *(.bss .bss.* .gnu.linkonce.b.*)
 .bss           0x20000108       0x1c c:/program files (x86)/cypress/psoc creator/4.4/psoc creator/import/gnu/arm/5.4.1/bin/../lib/gcc/arm-none-eabi/5.4.1/armv6-m/crtbegin.o
 .bss           0x20000124        0x4 .\CortexM0p\ARM_GCC_541\Release\RGB_Led.a(mUART.o)
                0x20000124                mUART_initVar
                0x20000126                mUART_IntrTxMask
 .bss           0x20000128       0x18 .\CortexM0p\ARM_GCC_541\Release\RGB_Led.a(CyLib.o)
                0x2000013c                CySysTickInitVar
 *(COMMON)
 COMMON         0x20000140        0x8 .\CortexM0p\ARM_GCC_541\Release\main.o
                0x20000140                count300ms
                0x20000144                count400ms
                0x20000148                . = ALIGN (0x8)
 *(.ram.b)
                0x20000148                _end = .
                0x20000148                __end = .
                0x20000148                PROVIDE (end, .)
                0x20000148                PROVIDE (__bss_end__, .)
                0x00002058                __cy_region_init_ram = LOADADDR (.data)
                0x00000080                __cy_region_init_size_ram = (_edata - ADDR (.data))
                0x00000040                __cy_region_zero_size_ram = (_end - _edata)

.heap           0x20000148       0x80 load address 0x000020d8
                0x20000148                . = _end
                0x200001c8                . = (. + 0x80)
 *fill*         0x20000148       0x80 
                0x200001c8                __cy_heap_limit = .

.stack          0x20000c00      0x400
                0x20000c00                __cy_stack_limit = .
                0x20001000                . = (. + 0x400)
 *fill*         0x20000c00      0x400 
                0x00000001                ASSERT ((__cy_stack_limit >= __cy_heap_limit), region RAM overflowed with stack)

.cy_checksum_exclude
                0x00007f80        0x0
 *(.cy_checksum_exclude)
                0x00000000                cy_checksum_exclude_size = (CY_APPL_LOADABLE == 0x1)?SIZEOF (.cy_checksum_exclude):0x0
                0x00000001                ASSERT ((cy_checksum_exclude_size <= CY_CHECKSUM_EXCLUDE_SIZE), CY_BOOT: Section .cy_checksum_exclude size exceedes specified limit.)
                0xf0000000                cyloadermeta_start = (cy_project_type_bootloader || cy_project_type_app_for_stack_and_copier)?(LENGTH (rom) - CY_METADATA_SIZE):0xf0000000

.cyloadermeta   0xf0000000       0x40
 *(.cyloadermeta)
 .cyloadermeta  0xf0000000       0x40 .\CortexM0p\ARM_GCC_541\Release\cybootloader.o
                0xf0000000                cy_meta_loader
                0x00007fc0                cyloadablemeta_start = cy_project_type_app_for_stack_and_copier?((LENGTH (rom) - CY_FLASH_ROW_SIZE) - CY_METADATA_SIZE):((LENGTH (rom) - (CY_FLASH_ROW_SIZE * (CY_APPL_NUM - 0x1))) - CY_METADATA_SIZE)

.cyloadablemeta
                0x00007fc0       0x40
 *(.cyloadablemeta)
 .cyloadablemeta
                0x00007fc0       0x40 .\CortexM0p\ARM_GCC_541\Release\cymetadata.o
                0x00007fc0                cy_meta_loadable

.cyflashprotect
                0x90400000       0x20
 *(.cyflashprotect)
 .cyflashprotect
                0x90400000       0x20 .\CortexM0p\ARM_GCC_541\Release\cybootloader.o
                0x90400000                cy_meta_flashprotect

.cymeta         0x90500000        0xc
 *(.cymeta)
 .cymeta        0x90500000        0xc .\CortexM0p\ARM_GCC_541\Release\cybootloader.o
                0x90500000                cy_metadata

.cychipprotect  0x90600000        0x1
 *(.cychipprotect)
 .cychipprotect
                0x90600000        0x1 .\CortexM0p\ARM_GCC_541\Release\cybootloader.o
                0x90600000                cy_meta_chipprotect

.rel.dyn        0x00008000        0x0 load address 0x90600004
 .rel.iplt      0x00008000        0x0 c:/program files (x86)/cypress/psoc creator/4.4/psoc creator/import/gnu/arm/5.4.1/bin/../lib/gcc/arm-none-eabi/5.4.1/armv6-m/crtbegin.o

.stab
 *(.stab)

.stabstr
 *(.stabstr)

.debug
 *(.debug)

.line
 *(.line)

.debug_srcinfo
 *(.debug_srcinfo)

.debug_sfnames
 *(.debug_sfnames)

.debug_aranges  0x00000000      0x600
 *(.debug_aranges)
 .debug_aranges
                0x00000000       0x38 .\CortexM0p\ARM_GCC_541\Release\main.o
 .debug_aranges
                0x00000038       0x20 .\CortexM0p\ARM_GCC_541\Release\cyfitter_cfg.o
 .debug_aranges
                0x00000058       0x18 .\CortexM0p\ARM_GCC_541\Release\cybootloader.o
 .debug_aranges
                0x00000070       0x18 .\CortexM0p\ARM_GCC_541\Release\cymetadata.o
 .debug_aranges
                0x00000088       0x48 .\CortexM0p\ARM_GCC_541\Release\Cm0plusStart.o
 .debug_aranges
                0x000000d0       0x48 .\CortexM0p\ARM_GCC_541\Release\RGB_Led.a(mUART.o)
 .debug_aranges
                0x00000118       0x90 .\CortexM0p\ARM_GCC_541\Release\RGB_Led.a(mUART_UART.o)
 .debug_aranges
                0x000001a8       0x48 .\CortexM0p\ARM_GCC_541\Release\RGB_Led.a(LEDR.o)
 .debug_aranges
                0x000001f0       0x48 .\CortexM0p\ARM_GCC_541\Release\RGB_Led.a(LEDG.o)
 .debug_aranges
                0x00000238       0x48 .\CortexM0p\ARM_GCC_541\Release\RGB_Led.a(LEDB.o)
 .debug_aranges
                0x00000280      0x190 .\CortexM0p\ARM_GCC_541\Release\RGB_Led.a(CyLib.o)
 .debug_aranges
                0x00000410       0xe0 .\CortexM0p\ARM_GCC_541\Release\RGB_Led.a(CyLFClk.o)
 .debug_aranges
                0x000004f0       0x48 .\CortexM0p\ARM_GCC_541\Release\RGB_Led.a(BUTTON.o)
 .debug_aranges
                0x00000538       0x20 .\CortexM0p\ARM_GCC_541\Release\RGB_Led.a(CyBootAsmGnu.o)
 .debug_aranges
                0x00000558       0x60 .\CortexM0p\ARM_GCC_541\Release\RGB_Led.a(mUART_SPI_UART.o)
 .debug_aranges
                0x000005b8       0x48 .\CortexM0p\ARM_GCC_541\Release\RGB_Led.a(CyFlash.o)

.debug_pubnames
 *(.debug_pubnames)

.debug_info     0x00000000     0x2dc0
 *(.debug_info .gnu.linkonce.wi.*)
 .debug_info    0x00000000      0x38d .\CortexM0p\ARM_GCC_541\Release\main.o
 .debug_info    0x0000038d       0xfd .\CortexM0p\ARM_GCC_541\Release\cyfitter_cfg.o
 .debug_info    0x0000048a      0x153 .\CortexM0p\ARM_GCC_541\Release\cybootloader.o
 .debug_info    0x000005dd       0xac .\CortexM0p\ARM_GCC_541\Release\cymetadata.o
 .debug_info    0x00000689      0x3b7 .\CortexM0p\ARM_GCC_541\Release\Cm0plusStart.o
 .debug_info    0x00000a40      0x24f .\CortexM0p\ARM_GCC_541\Release\RGB_Led.a(mUART.o)
 .debug_info    0x00000c8f      0x3b5 .\CortexM0p\ARM_GCC_541\Release\RGB_Led.a(mUART_UART.o)
 .debug_info    0x00001044      0x19b .\CortexM0p\ARM_GCC_541\Release\RGB_Led.a(LEDR.o)
 .debug_info    0x000011df      0x19b .\CortexM0p\ARM_GCC_541\Release\RGB_Led.a(LEDG.o)
 .debug_info    0x0000137a      0x19b .\CortexM0p\ARM_GCC_541\Release\RGB_Led.a(LEDB.o)
 .debug_info    0x00001515      0xc62 .\CortexM0p\ARM_GCC_541\Release\RGB_Led.a(CyLib.o)
 .debug_info    0x00002177      0x40a .\CortexM0p\ARM_GCC_541\Release\RGB_Led.a(CyLFClk.o)
 .debug_info    0x00002581      0x19b .\CortexM0p\ARM_GCC_541\Release\RGB_Led.a(BUTTON.o)
 .debug_info    0x0000271c       0x8a .\CortexM0p\ARM_GCC_541\Release\RGB_Led.a(CyBootAsmGnu.o)
 .debug_info    0x000027a6      0x224 .\CortexM0p\ARM_GCC_541\Release\RGB_Led.a(mUART_SPI_UART.o)
 .debug_info    0x000029ca      0x3f6 .\CortexM0p\ARM_GCC_541\Release\RGB_Led.a(CyFlash.o)

.debug_abbrev   0x00000000     0x1223
 *(.debug_abbrev)
 .debug_abbrev  0x00000000      0x1df .\CortexM0p\ARM_GCC_541\Release\main.o
 .debug_abbrev  0x000001df       0x9e .\CortexM0p\ARM_GCC_541\Release\cyfitter_cfg.o
 .debug_abbrev  0x0000027d       0x77 .\CortexM0p\ARM_GCC_541\Release\cybootloader.o
 .debug_abbrev  0x000002f4       0x5d .\CortexM0p\ARM_GCC_541\Release\cymetadata.o
 .debug_abbrev  0x00000351      0x1e6 .\CortexM0p\ARM_GCC_541\Release\Cm0plusStart.o
 .debug_abbrev  0x00000537      0x10f .\CortexM0p\ARM_GCC_541\Release\RGB_Led.a(mUART.o)
 .debug_abbrev  0x00000646      0x132 .\CortexM0p\ARM_GCC_541\Release\RGB_Led.a(mUART_UART.o)
 .debug_abbrev  0x00000778       0xc6 .\CortexM0p\ARM_GCC_541\Release\RGB_Led.a(LEDR.o)
 .debug_abbrev  0x0000083e       0xc6 .\CortexM0p\ARM_GCC_541\Release\RGB_Led.a(LEDG.o)
 .debug_abbrev  0x00000904       0xc6 .\CortexM0p\ARM_GCC_541\Release\RGB_Led.a(LEDB.o)
 .debug_abbrev  0x000009ca      0x313 .\CortexM0p\ARM_GCC_541\Release\RGB_Led.a(CyLib.o)
 .debug_abbrev  0x00000cdd      0x17f .\CortexM0p\ARM_GCC_541\Release\RGB_Led.a(CyLFClk.o)
 .debug_abbrev  0x00000e5c       0xc6 .\CortexM0p\ARM_GCC_541\Release\RGB_Led.a(BUTTON.o)
 .debug_abbrev  0x00000f22       0x14 .\CortexM0p\ARM_GCC_541\Release\RGB_Led.a(CyBootAsmGnu.o)
 .debug_abbrev  0x00000f36      0x14f .\CortexM0p\ARM_GCC_541\Release\RGB_Led.a(mUART_SPI_UART.o)
 .debug_abbrev  0x00001085      0x19e .\CortexM0p\ARM_GCC_541\Release\RGB_Led.a(CyFlash.o)

.debug_line     0x00000000     0x173f
 *(.debug_line)
 .debug_line    0x00000000      0x11c .\CortexM0p\ARM_GCC_541\Release\main.o
 .debug_line    0x0000011c       0xa1 .\CortexM0p\ARM_GCC_541\Release\cyfitter_cfg.o
 .debug_line    0x000001bd       0x53 .\CortexM0p\ARM_GCC_541\Release\cybootloader.o
 .debug_line    0x00000210      0x141 .\CortexM0p\ARM_GCC_541\Release\cymetadata.o
 .debug_line    0x00000351      0x242 .\CortexM0p\ARM_GCC_541\Release\Cm0plusStart.o
 .debug_line    0x00000593      0x108 .\CortexM0p\ARM_GCC_541\Release\RGB_Led.a(mUART.o)
 .debug_line    0x0000069b      0x20b .\CortexM0p\ARM_GCC_541\Release\RGB_Led.a(mUART_UART.o)
 .debug_line    0x000008a6       0xc7 .\CortexM0p\ARM_GCC_541\Release\RGB_Led.a(LEDR.o)
 .debug_line    0x0000096d       0xc7 .\CortexM0p\ARM_GCC_541\Release\RGB_Led.a(LEDG.o)
 .debug_line    0x00000a34       0xc7 .\CortexM0p\ARM_GCC_541\Release\RGB_Led.a(LEDB.o)
 .debug_line    0x00000afb      0x52c .\CortexM0p\ARM_GCC_541\Release\RGB_Led.a(CyLib.o)
 .debug_line    0x00001027      0x2e5 .\CortexM0p\ARM_GCC_541\Release\RGB_Led.a(CyLFClk.o)
 .debug_line    0x0000130c       0xc9 .\CortexM0p\ARM_GCC_541\Release\RGB_Led.a(BUTTON.o)
 .debug_line    0x000013d5       0x68 .\CortexM0p\ARM_GCC_541\Release\RGB_Led.a(CyBootAsmGnu.o)
 .debug_line    0x0000143d      0x12a .\CortexM0p\ARM_GCC_541\Release\RGB_Led.a(mUART_SPI_UART.o)
 .debug_line    0x00001567      0x1d8 .\CortexM0p\ARM_GCC_541\Release\RGB_Led.a(CyFlash.o)

.debug_frame    0x00000000      0xd84
 *(.debug_frame)
 .debug_frame   0x00000000       0x84 .\CortexM0p\ARM_GCC_541\Release\main.o
 .debug_frame   0x00000084       0x2c .\CortexM0p\ARM_GCC_541\Release\cyfitter_cfg.o
 .debug_frame   0x000000b0       0xc8 .\CortexM0p\ARM_GCC_541\Release\Cm0plusStart.o
 .debug_frame   0x00000178       0xa0 .\CortexM0p\ARM_GCC_541\Release\RGB_Led.a(mUART.o)
 .debug_frame   0x00000218      0x14c .\CortexM0p\ARM_GCC_541\Release\RGB_Led.a(mUART_UART.o)
 .debug_frame   0x00000364       0x70 .\CortexM0p\ARM_GCC_541\Release\RGB_Led.a(LEDR.o)
 .debug_frame   0x000003d4       0x70 .\CortexM0p\ARM_GCC_541\Release\RGB_Led.a(LEDG.o)
 .debug_frame   0x00000444       0x70 .\CortexM0p\ARM_GCC_541\Release\RGB_Led.a(LEDB.o)
 .debug_frame   0x000004b4      0x400 .\CortexM0p\ARM_GCC_541\Release\RGB_Led.a(CyLib.o)
 .debug_frame   0x000008b4      0x200 .\CortexM0p\ARM_GCC_541\Release\RGB_Led.a(CyLFClk.o)
 .debug_frame   0x00000ab4       0x70 .\CortexM0p\ARM_GCC_541\Release\RGB_Led.a(BUTTON.o)
 .debug_frame   0x00000b24       0xb0 .\CortexM0p\ARM_GCC_541\Release\RGB_Led.a(mUART_SPI_UART.o)
 .debug_frame   0x00000bd4       0xb4 .\CortexM0p\ARM_GCC_541\Release\RGB_Led.a(CyFlash.o)
 .debug_frame   0x00000c88       0x20 c:/program files (x86)/cypress/psoc creator/4.4/psoc creator/import/gnu/arm/5.4.1/bin/../lib/gcc/arm-none-eabi/5.4.1/armv6-m\libgcc.a(_udivsi3.o)
 .debug_frame   0x00000ca8       0x20 c:/program files (x86)/cypress/psoc creator/4.4/psoc creator/import/gnu/arm/5.4.1/bin/../lib/gcc/arm-none-eabi/5.4.1/armv6-m\libgcc.a(_divsi3.o)
 .debug_frame   0x00000cc8       0x20 c:/program files (x86)/cypress/psoc creator/4.4/psoc creator/import/gnu/arm/5.4.1/bin/../lib/gcc/arm-none-eabi/5.4.1/../../../../arm-none-eabi/lib/armv6-m\libg_nano.a(lib_a-errno.o)
 .debug_frame   0x00000ce8       0x28 c:/program files (x86)/cypress/psoc creator/4.4/psoc creator/import/gnu/arm/5.4.1/bin/../lib/gcc/arm-none-eabi/5.4.1/../../../../arm-none-eabi/lib/armv6-m\libg_nano.a(lib_a-exit.o)
 .debug_frame   0x00000d10       0x2c c:/program files (x86)/cypress/psoc creator/4.4/psoc creator/import/gnu/arm/5.4.1/bin/../lib/gcc/arm-none-eabi/5.4.1/../../../../arm-none-eabi/lib/armv6-m\libg_nano.a(lib_a-init.o)
 .debug_frame   0x00000d3c       0x28 c:/program files (x86)/cypress/psoc creator/4.4/psoc creator/import/gnu/arm/5.4.1/bin/../lib/gcc/arm-none-eabi/5.4.1/../../../../arm-none-eabi/lib/armv6-m\libg_nano.a(lib_a-memcpy-stub.o)
 .debug_frame   0x00000d64       0x20 c:/program files (x86)/cypress/psoc creator/4.4/psoc creator/import/gnu/arm/5.4.1/bin/../lib/gcc/arm-none-eabi/5.4.1/../../../../arm-none-eabi/lib/armv6-m\libg_nano.a(lib_a-memset.o)

.debug_str      0x00000000     0x13cb
 *(.debug_str)
 .debug_str     0x00000000      0x230 .\CortexM0p\ARM_GCC_541\Release\main.o
                                0x27e (size before relaxing)
 .debug_str     0x00000230       0x71 .\CortexM0p\ARM_GCC_541\Release\cyfitter_cfg.o
                                0x1ea (size before relaxing)
 .debug_str     0x000002a1       0x7e .\CortexM0p\ARM_GCC_541\Release\cybootloader.o
                                0x1eb (size before relaxing)
 .debug_str     0x0000031f       0x3f .\CortexM0p\ARM_GCC_541\Release\cymetadata.o
                                0x1a2 (size before relaxing)
 .debug_str     0x0000035e      0x16a .\CortexM0p\ARM_GCC_541\Release\Cm0plusStart.o
                                0x31c (size before relaxing)
 .debug_str     0x000004c8      0x11f .\CortexM0p\ARM_GCC_541\Release\RGB_Led.a(mUART.o)
                                0x2b7 (size before relaxing)
 .debug_str     0x000005e7      0x1e7 .\CortexM0p\ARM_GCC_541\Release\RGB_Led.a(mUART_UART.o)
                                0x3da (size before relaxing)
 .debug_str     0x000007ce       0xa4 .\CortexM0p\ARM_GCC_541\Release\RGB_Led.a(LEDR.o)
                                0x22d (size before relaxing)
 .debug_str     0x00000872       0x75 .\CortexM0p\ARM_GCC_541\Release\RGB_Led.a(LEDG.o)
                                0x22d (size before relaxing)
 .debug_str     0x000008e7       0x75 .\CortexM0p\ARM_GCC_541\Release\RGB_Led.a(LEDB.o)
                                0x22d (size before relaxing)
 .debug_str     0x0000095c      0x506 .\CortexM0p\ARM_GCC_541\Release\RGB_Led.a(CyLib.o)
                                0x709 (size before relaxing)
 .debug_str     0x00000e62      0x2d9 .\CortexM0p\ARM_GCC_541\Release\RGB_Led.a(CyLFClk.o)
                                0x4ab (size before relaxing)
 .debug_str     0x0000113b       0x82 .\CortexM0p\ARM_GCC_541\Release\RGB_Led.a(BUTTON.o)
                                0x23b (size before relaxing)
 .debug_str     0x000011bd       0xea .\CortexM0p\ARM_GCC_541\Release\RGB_Led.a(mUART_SPI_UART.o)
                                0x2d6 (size before relaxing)
 .debug_str     0x000012a7      0x124 .\CortexM0p\ARM_GCC_541\Release\RGB_Led.a(CyFlash.o)
                                0x319 (size before relaxing)

.debug_loc      0x00000000     0x130a
 *(.debug_loc)
 .debug_loc     0x00000000       0xb2 .\CortexM0p\ARM_GCC_541\Release\main.o
 .debug_loc     0x000000b2      0x1de .\CortexM0p\ARM_GCC_541\Release\Cm0plusStart.o
 .debug_loc     0x00000290       0x7e .\CortexM0p\ARM_GCC_541\Release\RGB_Led.a(mUART.o)
 .debug_loc     0x0000030e      0x257 .\CortexM0p\ARM_GCC_541\Release\RGB_Led.a(mUART_UART.o)
 .debug_loc     0x00000565       0xa1 .\CortexM0p\ARM_GCC_541\Release\RGB_Led.a(LEDR.o)
 .debug_loc     0x00000606       0xa1 .\CortexM0p\ARM_GCC_541\Release\RGB_Led.a(LEDG.o)
 .debug_loc     0x000006a7       0xa1 .\CortexM0p\ARM_GCC_541\Release\RGB_Led.a(LEDB.o)
 .debug_loc     0x00000748      0x660 .\CortexM0p\ARM_GCC_541\Release\RGB_Led.a(CyLib.o)
 .debug_loc     0x00000da8      0x216 .\CortexM0p\ARM_GCC_541\Release\RGB_Led.a(CyLFClk.o)
 .debug_loc     0x00000fbe       0xa1 .\CortexM0p\ARM_GCC_541\Release\RGB_Led.a(BUTTON.o)
 .debug_loc     0x0000105f       0xee .\CortexM0p\ARM_GCC_541\Release\RGB_Led.a(mUART_SPI_UART.o)
 .debug_loc     0x0000114d      0x1bd .\CortexM0p\ARM_GCC_541\Release\RGB_Led.a(CyFlash.o)

.debug_macinfo
 *(.debug_macinfo)

.debug_ranges   0x00000000      0x5a0
 *(.debug_ranges)
 .debug_ranges  0x00000000       0x58 .\CortexM0p\ARM_GCC_541\Release\main.o
 .debug_ranges  0x00000058       0x30 .\CortexM0p\ARM_GCC_541\Release\cyfitter_cfg.o
 .debug_ranges  0x00000088       0x50 .\CortexM0p\ARM_GCC_541\Release\Cm0plusStart.o
 .debug_ranges  0x000000d8       0x38 .\CortexM0p\ARM_GCC_541\Release\RGB_Led.a(mUART.o)
 .debug_ranges  0x00000110       0x80 .\CortexM0p\ARM_GCC_541\Release\RGB_Led.a(mUART_UART.o)
 .debug_ranges  0x00000190       0x38 .\CortexM0p\ARM_GCC_541\Release\RGB_Led.a(LEDR.o)
 .debug_ranges  0x000001c8       0x38 .\CortexM0p\ARM_GCC_541\Release\RGB_Led.a(LEDG.o)
 .debug_ranges  0x00000200       0x38 .\CortexM0p\ARM_GCC_541\Release\RGB_Led.a(LEDB.o)
 .debug_ranges  0x00000238      0x1d8 .\CortexM0p\ARM_GCC_541\Release\RGB_Led.a(CyLib.o)
 .debug_ranges  0x00000410       0xd0 .\CortexM0p\ARM_GCC_541\Release\RGB_Led.a(CyLFClk.o)
 .debug_ranges  0x000004e0       0x38 .\CortexM0p\ARM_GCC_541\Release\RGB_Led.a(BUTTON.o)
 .debug_ranges  0x00000518       0x50 .\CortexM0p\ARM_GCC_541\Release\RGB_Led.a(mUART_SPI_UART.o)
 .debug_ranges  0x00000568       0x38 .\CortexM0p\ARM_GCC_541\Release\RGB_Led.a(CyFlash.o)

.comment        0x00000000       0x6e
 .comment       0x00000000       0x6e .\CortexM0p\ARM_GCC_541\Release\main.o
                                 0x6f (size before relaxing)
 .comment       0x0000006e       0x6f .\CortexM0p\ARM_GCC_541\Release\cyfitter_cfg.o
 .comment       0x0000006e       0x6f .\CortexM0p\ARM_GCC_541\Release\cybootloader.o
 .comment       0x0000006e       0x6f .\CortexM0p\ARM_GCC_541\Release\cymetadata.o
 .comment       0x0000006e       0x6f .\CortexM0p\ARM_GCC_541\Release\Cm0plusStart.o
 .comment       0x0000006e       0x6f .\CortexM0p\ARM_GCC_541\Release\RGB_Led.a(mUART.o)
 .comment       0x0000006e       0x6f .\CortexM0p\ARM_GCC_541\Release\RGB_Led.a(mUART_UART.o)
 .comment       0x0000006e       0x6f .\CortexM0p\ARM_GCC_541\Release\RGB_Led.a(LEDR.o)
 .comment       0x0000006e       0x6f .\CortexM0p\ARM_GCC_541\Release\RGB_Led.a(LEDG.o)
 .comment       0x0000006e       0x6f .\CortexM0p\ARM_GCC_541\Release\RGB_Led.a(LEDB.o)
 .comment       0x0000006e       0x6f .\CortexM0p\ARM_GCC_541\Release\RGB_Led.a(CyLib.o)
 .comment       0x0000006e       0x6f .\CortexM0p\ARM_GCC_541\Release\RGB_Led.a(CyLFClk.o)
 .comment       0x0000006e       0x6f .\CortexM0p\ARM_GCC_541\Release\RGB_Led.a(BUTTON.o)
 .comment       0x0000006e       0x6f .\CortexM0p\ARM_GCC_541\Release\RGB_Led.a(mUART_SPI_UART.o)
 .comment       0x0000006e       0x6f .\CortexM0p\ARM_GCC_541\Release\RGB_Led.a(CyFlash.o)

.debug_weaknames
 *(.debug_weaknames)

.debug_funcnames
 *(.debug_funcnames)

.debug_typenames
 *(.debug_typenames)

.debug_varnames
 *(.debug_varnames)

.note.gnu.arm.ident
 *(.note.gnu.arm.ident)

.ARM.attributes
                0x00000000       0x28
 *(.ARM.attributes)
 .ARM.attributes
                0x00000000       0x1e c:/program files (x86)/cypress/psoc creator/4.4/psoc creator/import/gnu/arm/5.4.1/bin/../lib/gcc/arm-none-eabi/5.4.1/armv6-m/crti.o
 .ARM.attributes
                0x0000001e       0x2c c:/program files (x86)/cypress/psoc creator/4.4/psoc creator/import/gnu/arm/5.4.1/bin/../lib/gcc/arm-none-eabi/5.4.1/armv6-m/crtbegin.o
 .ARM.attributes
                0x0000004a       0x1b c:/program files (x86)/cypress/psoc creator/4.4/psoc creator/import/gnu/arm/5.4.1/bin/../lib/gcc/arm-none-eabi/5.4.1/../../../../arm-none-eabi/lib/armv6-m/crt0.o
 .ARM.attributes
                0x00000065       0x32 .\CortexM0p\ARM_GCC_541\Release\main.o
 .ARM.attributes
                0x00000097       0x32 .\CortexM0p\ARM_GCC_541\Release\cyfitter_cfg.o
 .ARM.attributes
                0x000000c9       0x32 .\CortexM0p\ARM_GCC_541\Release\cybootloader.o
 .ARM.attributes
                0x000000fb       0x32 .\CortexM0p\ARM_GCC_541\Release\cymetadata.o
 .ARM.attributes
                0x0000012d       0x32 .\CortexM0p\ARM_GCC_541\Release\Cm0plusStart.o
 .ARM.attributes
                0x0000015f       0x32 .\CortexM0p\ARM_GCC_541\Release\RGB_Led.a(mUART.o)
 .ARM.attributes
                0x00000191       0x32 .\CortexM0p\ARM_GCC_541\Release\RGB_Led.a(mUART_UART.o)
 .ARM.attributes
                0x000001c3       0x32 .\CortexM0p\ARM_GCC_541\Release\RGB_Led.a(LEDR.o)
 .ARM.attributes
                0x000001f5       0x32 .\CortexM0p\ARM_GCC_541\Release\RGB_Led.a(LEDG.o)
 .ARM.attributes
                0x00000227       0x32 .\CortexM0p\ARM_GCC_541\Release\RGB_Led.a(LEDB.o)
 .ARM.attributes
                0x00000259       0x32 .\CortexM0p\ARM_GCC_541\Release\RGB_Led.a(CyLib.o)
 .ARM.attributes
                0x0000028b       0x32 .\CortexM0p\ARM_GCC_541\Release\RGB_Led.a(CyLFClk.o)
 .ARM.attributes
                0x000002bd       0x32 .\CortexM0p\ARM_GCC_541\Release\RGB_Led.a(BUTTON.o)
 .ARM.attributes
                0x000002ef       0x22 .\CortexM0p\ARM_GCC_541\Release\RGB_Led.a(CyBootAsmGnu.o)
 .ARM.attributes
                0x00000311       0x32 .\CortexM0p\ARM_GCC_541\Release\RGB_Led.a(mUART_SPI_UART.o)
 .ARM.attributes
                0x00000343       0x32 .\CortexM0p\ARM_GCC_541\Release\RGB_Led.a(CyFlash.o)
 .ARM.attributes
                0x00000375       0x1e c:/program files (x86)/cypress/psoc creator/4.4/psoc creator/import/gnu/arm/5.4.1/bin/../lib/gcc/arm-none-eabi/5.4.1/armv6-m\libgcc.a(_udivsi3.o)
 .ARM.attributes
                0x00000393       0x1e c:/program files (x86)/cypress/psoc creator/4.4/psoc creator/import/gnu/arm/5.4.1/bin/../lib/gcc/arm-none-eabi/5.4.1/armv6-m\libgcc.a(_divsi3.o)
 .ARM.attributes
                0x000003b1       0x1e c:/program files (x86)/cypress/psoc creator/4.4/psoc creator/import/gnu/arm/5.4.1/bin/../lib/gcc/arm-none-eabi/5.4.1/armv6-m\libgcc.a(_dvmd_tls.o)
 .ARM.attributes
                0x000003cf       0x2c c:/program files (x86)/cypress/psoc creator/4.4/psoc creator/import/gnu/arm/5.4.1/bin/../lib/gcc/arm-none-eabi/5.4.1/../../../../arm-none-eabi/lib/armv6-m\libg_nano.a(lib_a-errno.o)
 .ARM.attributes
                0x000003fb       0x2c c:/program files (x86)/cypress/psoc creator/4.4/psoc creator/import/gnu/arm/5.4.1/bin/../lib/gcc/arm-none-eabi/5.4.1/../../../../arm-none-eabi/lib/armv6-m\libg_nano.a(lib_a-exit.o)
 .ARM.attributes
                0x00000427       0x2c c:/program files (x86)/cypress/psoc creator/4.4/psoc creator/import/gnu/arm/5.4.1/bin/../lib/gcc/arm-none-eabi/5.4.1/../../../../arm-none-eabi/lib/armv6-m\libg_nano.a(lib_a-impure.o)
 .ARM.attributes
                0x00000453       0x2c c:/program files (x86)/cypress/psoc creator/4.4/psoc creator/import/gnu/arm/5.4.1/bin/../lib/gcc/arm-none-eabi/5.4.1/../../../../arm-none-eabi/lib/armv6-m\libg_nano.a(lib_a-init.o)
 .ARM.attributes
                0x0000047f       0x2c c:/program files (x86)/cypress/psoc creator/4.4/psoc creator/import/gnu/arm/5.4.1/bin/../lib/gcc/arm-none-eabi/5.4.1/../../../../arm-none-eabi/lib/armv6-m\libg_nano.a(lib_a-memcpy-stub.o)
 .ARM.attributes
                0x000004ab       0x2c c:/program files (x86)/cypress/psoc creator/4.4/psoc creator/import/gnu/arm/5.4.1/bin/../lib/gcc/arm-none-eabi/5.4.1/../../../../arm-none-eabi/lib/armv6-m\libg_nano.a(lib_a-memset.o)
 .ARM.attributes
                0x000004d7       0x2c c:/program files (x86)/cypress/psoc creator/4.4/psoc creator/import/gnu/arm/5.4.1/bin/../lib/gcc/arm-none-eabi/5.4.1/armv6-m/crtend.o
 .ARM.attributes
                0x00000503       0x1e c:/program files (x86)/cypress/psoc creator/4.4/psoc creator/import/gnu/arm/5.4.1/bin/../lib/gcc/arm-none-eabi/5.4.1/armv6-m/crtn.o

/DISCARD/
 *(.note.GNU-stack)
OUTPUT(C:\Users\PC\Documents\PSoC Creator\yellowChip\RGB_Led.cydsn\CortexM0p\ARM_GCC_541\Release\RGB_Led.elf elf32-littlearm)
